02-11 12:52:54.786 31927 19853 I GmsDebugLogger: [83] 1 [fast_pair]
02-11 12:52:54.793  1016  1021 E statsd  : Predicate 5980654721335871649 dropping data for dimension key (10)0x2010101->10124[I] (10)0x30000->IntentOp:.chimera.container.InitConfigOperation[S] 
02-11 12:52:55.808  1067  1184 D VSC     : @ 81795.261: [WO] Proposed rotation: 0, flat angle threshold: 65
02-11 12:52:55.809  1067  1184 D VSC     : @ 81795.261: [WO] orientation angle 4, orientation 0
02-11 12:52:55.809  1067  1184 D VSC     : @ 81795.261: [WO] Gyro angle integrated: 0.123138
02-11 12:52:56.201 31927 31927 D BoundBrokerSvc: onUnbind: Intent { act=com.google.android.gms.common.telemetry.service.START dat=chimera-action: cmp=com.google.android.gms/.chimera.PersistentApiService }
02-11 12:52:56.220     0     0 I         : c3  19803 google_charger: l=100 vb=4291 vc=4291 c=45 fv=4400000 t=355 s=N/A usb=1 wlc=0
02-11 12:52:56.480  2197  2742 E bt_l2cap: system/bt/main/bte_logmsg.cc:191 LogMsg: L2CAP - rcvd ACL for unknown handle:3804 ls:0 cid:126 opcode:10 cur count:0
02-11 12:52:56.326     0     0 I         : c3  19803 google_charger: usbchg=USB usbv=4960 usbc=483 usbMv=5000 usbMc=500
02-11 12:52:56.326     0     0 I         : c3  19803 google_charger: MSC_DSG vbatt_idx:2->2 vbatt=4291004 ibatt=45410 fv_uv=4400000 cv_cnt=0 ov_cnt=0
02-11 12:52:56.855  1856  2128 D ConnectivityService: NetReassign [no changes]
02-11 12:52:57.808  1067  1184 D VSC     : @ 81797.261: [WO] Proposed rotation: 0, flat angle threshold: 65
02-11 12:52:57.809  1067  1184 D VSC     : @ 81797.262: [WO] orientation angle 4, orientation 0
02-11 12:52:57.809  1067  1184 D VSC     : @ 81797.262: [WO] Gyro angle integrated: 0.061749
02-11 12:52:58.261     0     0 I         : c3   2180 R0: [cds_mc_thread][1570519461087] [12:52:58.435182]  wlan: [2180:W :PE ] __sch_beacon_process_for_session: 866: Beacon for session[0] got changed.
02-11 12:52:58.261     0     0 I         : c3   2180 R0: [cds_mc_thread][1570519461742] [12:52:58.435216]  wlan: [2180:W :PE ] __sch_beacon_process_for_session: 868: sending beacon param change bitmap: 0x10
02-11 12:52:58.261     0     0 I         : c3   2180 R0: [cds_mc_thread][1570519462398] [12:52:58.435250]  wlan: [2180:E :PE ] sch_process_pre_beacon_ind: 987: PreBeaconInd received in invalid state: 11
02-11 12:52:58.352     0     0 I         : c3  19297 google_charger: l=100 vb=4298 vc=4298 c=13 fv=4400000 t=355 s=N/A usb=1 wlc=0
02-11 12:52:58.459     0     0 I         : c3  19297 google_charger: usbchg=USB usbv=4960 usbc=483 usbMv=5000 usbMc=500
02-11 12:52:58.459     0     0 I         : c3  19297 google_charger: MSC_DSG vbatt_idx:2->2 vbatt=4298328 ibatt=13671 fv_uv=4400000 cv_cnt=0 ov_cnt=0
02-11 12:52:59.809  1067  1184 D VSC     : @ 81799.261: [WO] Proposed rotation: 0, flat angle threshold: 65
02-11 12:52:59.809  1067  1184 D VSC     : @ 81799.262: [WO] orientation angle 4, orientation 0
02-11 12:52:59.809  1067  1184 D VSC     : @ 81799.262: [WO] Gyro angle integrated: 0.000951
02-11 12:52:59.877  1856  2128 D ConnectivityService: NetReassign [no changes]
02-11 12:53:00.014  4498  4834 I AiAiEcho: Predicting[7]: { Feature:1, creation:2026-02-11T19:16:00Z, expiry:2026-02-11T20:00:00Z, isExpired: false}, { Feature:1, creation:2026-02-11T20:00:00Z, expiry:2026-02-11T21:00:00Z, isExpired: true}, { Feature:1, creation:2026-02-11T21:00:00Z, expiry:2026-02-11T22:00:00Z, isExpired: true}, { Feature:1, creation:2026-02-11T22:00:00Z, expiry:2026-02-11T23:00:00Z, isExpired: true}, { Feature:1, creation:2026-02-11T23:00:00Z, expiry:2026-02-12T00:00:00Z, isExpired: true}, { Feature:1, creation:2026-02-12T00:00:00Z, expiry:2026-02-12T01:00:00Z, isExpired: true}, { Feature:1, creation:2026-02-12T01:00:00Z, expiry:2026-02-12T01:16:00Z, isExpired: true}
02-11 12:53:00.016  4498  4834 I AiAiEcho: EchoTargets: Feature:1
02-11 12:53:00.016  4498  4834 I AiAiEcho: Filtered by AiAi flag check: 
02-11 12:53:00.017  4498  4834 I AiAiEcho: Ranked targets strategy: WEIGHTED, count: 1, ranking metadata: { cardId: WEATHER-569377243, card type: 1, update time: 2026-02-11T19:16:00Z, expiration time: 2026-02-11T20:00:00Z, ranking metadata: RankingMetaData(urgency=0.217, priority=0.3, recency=1.0, rankScore=0.0651, importantTimePoints=# kwj@7bca4) }
02-11 12:53:00.019  4498  4834 I AiAiEcho: #postPredictionTargets: Sending updates to UISurface lockscreen with targets# 1 (types=[1])
02-11 12:53:00.050  2220  2220 W PageIndicator: Current dot index invalid. Cannot set current page offset.
02-11 12:53:00.050  2220  2220 W PageIndicator: Current dot index invalid. Cannot set current page offset.
02-11 12:53:00.050  2220  2220 W PageIndicator: Current dot index invalid. Cannot set current page offset.
02-11 12:53:00.052  2220  2220 W BcSmartspaceCard: No title view to update
02-11 12:53:00.486     0     0 I         : c3  19297 google_charger: l=100 vb=4295 vc=4295 c=20 fv=4400000 t=355 s=N/A usb=1 wlc=0
02-11 12:53:00.593     0     0 I         : c3  19297 google_charger: usbchg=USB usbv=4960 usbc=455 usbMv=5000 usbMc=500
02-11 12:53:00.593     0     0 I         : c3  19297 google_charger: MSC_DSG vbatt_idx:2->2 vbatt=4295887 ibatt=20507 fv_uv=4400000 cv_cnt=0 ov_cnt=0
02-11 12:53:01.848  1067  1184 D VSC     : @ 81801.301: [WO] Proposed rotation: 0, flat angle threshold: 65
02-11 12:53:01.848  1067  1184 D VSC     : @ 81801.301: [WO] orientation angle 4, orientation 0
02-11 12:53:01.848  1067  1184 D VSC     : @ 81801.301: [WO] Gyro angle integrated: 0.026591
02-11 12:53:02.619     0     0 I         : c3  19297 google_charger: l=100 vb=4295 vc=4295 c=22 fv=4400000 t=355 s=N/A usb=1 wlc=0
02-11 12:53:02.726     0     0 I         : c3  19297 google_charger: usbchg=USB usbv=4960 usbc=478 usbMv=5000 usbMc=500
02-11 12:53:02.726     0     0 I         : c3  19297 google_charger: MSC_DSG vbatt_idx:2->2 vbatt=4295887 ibatt=22949 fv_uv=4400000 cv_cnt=0 ov_cnt=0
02-11 12:53:02.902  1856  2128 D ConnectivityService: NetReassign [no changes]
02-11 12:53:03.281     0     0 I         : c3   2180 R0: [cds_mc_thread][1570615845627] [12:53:03.455210]  wlan: [2180:W :PE ] __sch_beacon_process_for_session: 866: Beacon for session[0] got changed.
02-11 12:53:03.281     0     0 I         : c3   2180 R0: [cds_mc_thread][1570615846332] [12:53:03.455247]  wlan: [2180:W :PE ] __sch_beacon_process_for_session: 868: sending beacon param change bitmap: 0x10
02-11 12:53:03.281     0     0 I         : c3   2180 R0: [cds_mc_thread][1570615847000] [12:53:03.455282]  wlan: [2180:E :PE ] sch_process_pre_beacon_ind: 987: PreBeaconInd received in invalid state: 11
02-11 12:53:03.740 31927 19838 I NearbyMediums: Found Fast Ble Advertisements :
02-11 12:53:03.740 31927 19838 I NearbyMediums: BleAdvertisement { version=2, socketVersion=2, isFast=true, serviceIdHash=null, data=[ 0x23 0x52 0x45 0x54 0x38 0x11 0x34 0xa4 0x35 0x8e 0x92 0x50 0x7a 0x9d 0xd9 0xef 0xc4 0x06 0x88 0xf4 0x66 0xef 0xe8 ], deviceToken=[ 0xdd 0xbb ], rxAdvertisement=null } : 1 times.
02-11 12:53:03.740 31927 19838 I NearbyMediums: BleAdvertisement { version=2, socketVersion=2, isFast=true, serviceIdHash=null, data=[ 0x23 0x45 0x4d 0x39 0x4e 0x11 0x3a 0x8d 0x95 0x6b 0xdc 0x4c 0x98 0x6c 0xd5 0x22 0x28 0x3f 0x40 0xa4 0x16 0x18 0xdb ], deviceToken=[ 0x1a 0x5f ], rxAdvertisement=null } : 5 times.
02-11 12:53:03.740 31927 19838 I NearbyMediums: Total 6 fast advertisements from 2 unique advertisers.
02-11 12:53:03.741 31927 19838 I NearbyMediums: Current Tracked Scanning Clients are : {NearbyConnections.EnvironmentMonitor, NearbySharing}
02-11 12:53:03.808  1067  1184 D VSC     : @ 81803.261: [WO] Proposed rotation: 0, flat angle threshold: 65
02-11 12:53:03.808  1067  1184 D VSC     : @ 81803.261: [WO] orientation angle 4, orientation 0
02-11 12:53:03.808  1067  1184 D VSC     : @ 81803.261: [WO] Gyro angle integrated: 0.111275
02-11 12:53:04.753     0     0 I         : c3  19803 google_charger: l=100 vb=4295 vc=4295 c=20 fv=4400000 t=355 s=N/A usb=1 wlc=0
02-11 12:53:04.859     0     0 I         : c3  19803 google_charger: usbchg=USB usbv=4960 usbc=460 usbMv=5000 usbMc=500
02-11 12:53:04.859     0     0 I         : c3  19803 google_charger: MSC_DSG vbatt_idx:2->2 vbatt=4295887 ibatt=20996 fv_uv=4400000 cv_cnt=0 ov_cnt=0
02-11 12:53:05.809  1067  1184 D VSC     : @ 81805.261: [WO] Proposed rotation: 0, flat angle threshold: 65
02-11 12:53:05.809  1067  1184 D VSC     : @ 81805.262: [WO] orientation angle 4, orientation 0
02-11 12:53:05.809  1067  1184 D VSC     : @ 81805.262: [WO] Gyro angle integrated: 0.038942
02-11 12:53:05.921  1856  2128 D ConnectivityService: NetReassign [no changes]
02-11 12:53:06.886     0     0 I         : c3  19803 google_charger: l=100 vb=4295 vc=4295 c=26 fv=4400000 t=355 s=N/A usb=1 wlc=0
02-11 12:53:06.993     0     0 I         : c3  19803 google_charger: usbchg=USB usbv=4960 usbc=474 usbMv=5000 usbMc=500
02-11 12:53:06.993     0     0 I         : c3  19803 google_charger: MSC_DSG vbatt_idx:2->2 vbatt=4295643 ibatt=26855 fv_uv=4400000 cv_cnt=0 ov_cnt=0
02-11 12:53:07.808  1067  1184 D VSC     : @ 81807.262: [WO] Proposed rotation: 0, flat angle threshold: 65
02-11 12:53:07.809  1067  1184 D VSC     : @ 81807.262: [WO] orientation angle 4, orientation 0
02-11 12:53:07.809  1067  1184 D VSC     : @ 81807.262: [WO] Gyro angle integrated: 0.073857
02-11 12:53:07.960 31927 31927 D BoundBrokerSvc: onUnbind: Intent { act=com.google.android.gms.auth.aang.events.services.START dat=chimera-action: cmp=com.google.android.gms/.chimera.PersistentApiService }
02-11 12:53:08.945  1856  2128 D ConnectivityService: NetReassign [no changes]
02-11 12:53:09.019     0     0 I         : c3  19803 google_charger: l=100 vb=4295 vc=4295 c=20 fv=4400000 t=355 s=N/A usb=1 wlc=0
02-11 12:53:09.126     0     0 I         : c3  19803 google_charger: usbchg=USB usbv=4960 usbc=469 usbMv=5000 usbMc=500
02-11 12:53:09.126     0     0 I         : c3  19803 google_charger: MSC_DSG vbatt_idx:2->2 vbatt=4295887 ibatt=20019 fv_uv=4400000 cv_cnt=0 ov_cnt=0
02-11 12:53:09.809  1067  1184 D VSC     : @ 81809.262: [WO] Proposed rotation: 0, flat angle threshold: 65
02-11 12:53:09.809  1067  1184 D VSC     : @ 81809.262: [WO] orientation angle 4, orientation 0
02-11 12:53:09.809  1067  1184 D VSC     : @ 81809.262: [WO] Gyro angle integrated: 0.071280
02-11 12:53:11.152     0     0 I         : c3  19803 google_charger: l=100 vb=4294 vc=4294 c=32 fv=4400000 t=355 s=N/A usb=1 wlc=0
02-11 12:53:11.259     0     0 I         : c3  19803 google_charger: usbchg=USB usbv=4960 usbc=469 usbMv=5000 usbMc=500
02-11 12:53:11.259     0     0 I         : c3  19803 google_charger: MSC_DSG vbatt_idx:2->2 vbatt=4294666 ibatt=32226 fv_uv=4400000 cv_cnt=0 ov_cnt=0
02-11 12:53:11.808  1067  1184 D VSC     : @ 81811.262: [WO] Proposed rotation: 0, flat angle threshold: 65
02-11 12:53:11.808  1067  1184 D VSC     : @ 81811.262: [WO] orientation angle 4, orientation 0
02-11 12:53:11.808  1067  1184 D VSC     : @ 81811.262: [WO] Gyro angle integrated: 0.093024
02-11 12:53:11.968  1856  2128 D ConnectivityService: NetReassign [no changes]
02-11 12:53:13.286     0     0 I         : c3  19803 google_charger: l=100 vb=4294 vc=4294 c=27 fv=4400000 t=355 s=N/A usb=1 wlc=0
02-11 12:53:13.537  1056  1056 I android.hardware.health@2.0-service.bonito: Entry state_: 1 charger_status: Full batteryLevel: 100
02-11 12:53:13.537  1056  1056 I android.hardware.health@2.0-service.bonito: Exit state_: 1 batteryLevel: 100
02-11 12:53:13.538  1056  1056 I android.hardware.health@2.0-service.bonito: capacity: 2631000
02-11 12:53:13.365     0     0 W         : c2   1056 healthd: battery l=100 v=4295 t=35.5 h=2 st=5 c=-29296 fc=2631000 cc=162 chg=u
02-11 12:53:13.546  2220  2220 D PowerNotificationWarningsGoogleImpl: Dispatching intent: android.intent.action.BATTERY_CHANGED
02-11 12:53:13.547  2220  2220 D BatteryDefenderNotification: isPlugged: true | isOverheated: false | defenderEnabled: false | isCharged: true
02-11 12:53:13.547  2220  3313 D PowerUI : can't show warning due to - plugged: true status unknown: false
02-11 12:53:13.393     0     0 I         : c3  19803 google_charger: usbchg=USB usbv=4960 usbc=483 usbMv=5000 usbMc=500
02-11 12:53:13.393     0     0 I         : c3  19803 google_charger: MSC_DSG vbatt_idx:2->2 vbatt=4294666 ibatt=27832 fv_uv=4400000 cv_cnt=0 ov_cnt=0
02-11 12:53:13.745 31927 19838 I NearbyMediums: Found Fast Ble Advertisements :
02-11 12:53:13.745 31927 19838 I NearbyMediums: BleAdvertisement { version=2, socketVersion=2, isFast=true, serviceIdHash=null, data=[ 0x23 0x52 0x45 0x54 0x38 0x11 0x34 0xa4 0x35 0x8e 0x92 0x50 0x7a 0x9d 0xd9 0xef 0xc4 0x06 0x88 0xf4 0x66 0xef 0xe8 ], deviceToken=[ 0xdd 0xbb ], rxAdvertisement=null } : 1 times.
02-11 12:53:13.745 31927 19838 I NearbyMediums: BleAdvertisement { version=2, socketVersion=2, isFast=true, serviceIdHash=null, data=[ 0x23 0x45 0x4d 0x39 0x4e 0x11 0x3a 0x8d 0x95 0x6b 0xdc 0x4c 0x98 0x6c 0xd5 0x22 0x28 0x3f 0x40 0xa4 0x16 0x18 0xdb ], deviceToken=[ 0x1a 0x5f ], rxAdvertisement=null } : 6 times.
02-11 12:53:13.745 31927 19838 I NearbyMediums: Total 7 fast advertisements from 2 unique advertisers.
02-11 12:53:13.745 31927 19838 I NearbyMediums: Current Tracked Scanning Clients are : {NearbyConnections.EnvironmentMonitor, NearbySharing}
02-11 12:53:13.809  1067  1184 D VSC     : @ 81813.262: [WO] Proposed rotation: 0, flat angle threshold: 65
02-11 12:53:13.809  1067  1184 D VSC     : @ 81813.262: [WO] orientation angle 4, orientation 0
02-11 12:53:13.809  1067  1184 D VSC     : @ 81813.262: [WO] Gyro angle integrated: 0.149856
02-11 12:53:14.883  1067  1184 I CHRE    : @ 81814.336: [AR] still: 95.686271
02-11 12:53:14.983  1856  2128 D ConnectivityService: NetReassign [no changes]
02-11 12:53:15.419     0     0 I         : c3  19803 google_charger: l=100 vb=4284 vc=4284 c=82 fv=4400000 t=355 s=N/A usb=1 wlc=0
02-11 12:53:15.526     0     0 I         : c3  19803 google_charger: usbchg=USB usbv=4960 usbc=483 usbMv=5000 usbMc=500
02-11 12:53:15.526     0     0 I         : c3  19803 google_charger: MSC_DSG vbatt_idx:2->2 vbatt=4284901 ibatt=82031 fv_uv=4400000 cv_cnt=0 ov_cnt=0
02-11 12:53:15.848  1067  1184 D VSC     : @ 81815.301: [WO] Proposed rotation: 0, flat angle threshold: 65
02-11 12:53:15.848  1067  1184 D VSC     : @ 81815.301: [WO] orientation angle 4, orientation 0
02-11 12:53:15.848  1067  1184 D VSC     : @ 81815.301: [WO] Gyro angle integrated: 0.055716
02-11 12:53:17.552     0     0 I         : c3  19803 google_charger: l=100 vb=4295 vc=4295 c=22 fv=4400000 t=355 s=N/A usb=1 wlc=0
02-11 12:53:17.747 31927 31951 W gle.android.gm: Profile data size exceeds 500000 bytes. It has 1423723 bytes.
02-11 12:53:17.809  1067  1184 D VSC     : @ 81817.262: [WO] Proposed rotation: 0, flat angle threshold: 65
02-11 12:53:17.809  1067  1184 D VSC     : @ 81817.262: [WO] orientation angle 4, orientation 0
02-11 12:53:17.809  1067  1184 D VSC     : @ 81817.262: [WO] Gyro angle integrated: 0.203171
02-11 12:53:17.660     0     0 I         : c3  19803 google_charger: usbchg=USB usbv=4960 usbc=483 usbMv=5000 usbMc=500
02-11 12:53:17.660     0     0 I         : c3  19803 google_charger: MSC_DSG vbatt_idx:2->2 vbatt=4295887 ibatt=22949 fv_uv=4400000 cv_cnt=0 ov_cnt=0
02-11 12:53:18.000  1856  2128 D ConnectivityService: NetReassign [no changes]
02-11 12:53:19.808  1067  1184 D VSC     : @ 81819.261: [WO] Proposed rotation: 0, flat angle threshold: 65
02-11 12:53:19.809  1067  1184 D VSC     : @ 81819.261: [WO] orientation angle 4, orientation 0
02-11 12:53:19.809  1067  1184 D VSC     : @ 81819.261: [WO] Gyro angle integrated: 0.091652
02-11 12:53:19.686     0     0 I         : c3  19803 google_charger: l=100 vb=4296 vc=4296 c=20 fv=4400000 t=355 s=N/A usb=1 wlc=0
02-11 12:53:19.793     0     0 I         : c3  19803 google_charger: usbchg=USB usbv=4960 usbc=460 usbMv=5000 usbMc=500
02-11 12:53:19.793     0     0 I         : c3  19803 google_charger: MSC_DSG vbatt_idx:2->2 vbatt=4296864 ibatt=20996 fv_uv=4400000 cv_cnt=0 ov_cnt=0
02-11 12:53:21.018  1856  2128 D ConnectivityService: NetReassign [no changes]
02-11 12:53:21.808  1067  1184 D VSC     : @ 81821.261: [WO] Proposed rotation: 0, flat angle threshold: 65
02-11 12:53:21.808  1067  1184 D VSC     : @ 81821.261: [WO] orientation angle 4, orientation 0
02-11 12:53:21.808  1067  1184 D VSC     : @ 81821.262: [WO] Gyro angle integrated: 0.069646
02-11 12:53:21.823     0     0 I         : c3  19803 google_charger: l=100 vb=4297 vc=4297 c=18 fv=4400000 t=355 s=N/A usb=1 wlc=0
02-11 12:53:21.929     0     0 I         : c3  19803 google_charger: usbchg=USB usbv=4960 usbc=483 usbMv=5000 usbMc=500
02-11 12:53:21.929     0     0 I         : c3  19803 google_charger: MSC_DSG vbatt_idx:2->2 vbatt=4297596 ibatt=18554 fv_uv=4400000 cv_cnt=0 ov_cnt=0
02-11 12:53:22.230     0     0 I         : c3   2180 R0: [cds_mc_thread][1570979658273] [12:53:22.403787]  wlan: [2180:W :PE ] __sch_beacon_process_for_session: 866: Beacon for session[0] got changed.
02-11 12:53:22.230     0     0 I         : c3   2180 R0: [cds_mc_thread][1570979658997] [12:53:22.403825]  wlan: [2180:W :PE ] __sch_beacon_process_for_session: 868: sending beacon param change bitmap: 0x10
02-11 12:53:22.230     0     0 I         : c3   2180 R0: [cds_mc_thread][1570979659686] [12:53:22.403861]  wlan: [2180:E :PE ] sch_process_pre_beacon_ind: 987: PreBeaconInd received in invalid state: 11
02-11 12:53:22.665  2197  2742 E bt_l2cap: system/bt/main/bte_logmsg.cc:191 LogMsg: L2CAP - rcvd ACL for unknown handle:3804 ls:0 cid:127 opcode:10 cur count:0
02-11 12:53:22.745 31927 32210 I NearbyDiscovery: [trigger-id=ScanC15894A0] FastPairCache: First time advertise data with bloom filter, mac=XX:XX:XX:XX:A1:32, fp-advert=1042e804042121423a1a49fd7f87, scan-mode=balanced [CONTEXT service_id=265 ]
02-11 12:53:23.750 31927 19838 I NearbyMediums: Found Fast Ble Advertisements :
02-11 12:53:23.750 31927 19838 I NearbyMediums: BleAdvertisement { version=2, socketVersion=2, isFast=true, serviceIdHash=null, data=[ 0x23 0x52 0x45 0x54 0x38 0x11 0x34 0xa4 0x35 0x8e 0x92 0x50 0x7a 0x9d 0xd9 0xef 0xc4 0x06 0x88 0xf4 0x66 0xef 0xe8 ], deviceToken=[ 0xdd 0xbb ], rxAdvertisement=null } : 1 times.
02-11 12:53:23.750 31927 19838 I NearbyMediums: BleAdvertisement { version=2, socketVersion=2, isFast=true, serviceIdHash=null, data=[ 0x23 0x45 0x4d 0x39 0x4e 0x11 0x3a 0x8d 0x95 0x6b 0xdc 0x4c 0x98 0x6c 0xd5 0x22 0x28 0x3f 0x40 0xa4 0x16 0x18 0xdb ], deviceToken=[ 0x1a 0x5f ], rxAdvertisement=null } : 7 times.
02-11 12:53:23.750 31927 19838 I NearbyMediums: Total 8 fast advertisements from 2 unique advertisers.
02-11 12:53:23.751 31927 19838 I NearbyMediums: Current Tracked Scanning Clients are : {NearbyConnections.EnvironmentMonitor, NearbySharing}
02-11 12:53:23.809  1067  1184 D VSC     : @ 81823.262: [WO] Proposed rotation: 0, flat angle threshold: 65
02-11 12:53:23.809  1067  1184 D VSC     : @ 81823.262: [WO] orientation angle 4, orientation 0
02-11 12:53:23.809  1067  1184 D VSC     : @ 81823.262: [WO] Gyro angle integrated: 0.151330
02-11 12:53:24.038  1856  2128 D ConnectivityService: NetReassign [no changes]
02-11 12:53:23.952     0     0 I         : c3  19297 google_charger: l=100 vb=4298 vc=4298 c=12 fv=4400000 t=355 s=N/A usb=1 wlc=0
02-11 12:53:24.059     0     0 I         : c3  19297 google_charger: usbchg=USB usbv=4960 usbc=483 usbMv=5000 usbMc=500
02-11 12:53:24.059     0     0 I         : c3  19297 google_charger: MSC_DSG vbatt_idx:2->2 vbatt=4298572 ibatt=12207 fv_uv=4400000 cv_cnt=0 ov_cnt=0
02-11 12:53:24.581     0     0 I         : c3   2180 R0: [cds_mc_thread][1571024796436] [12:53:24.754734]  wlan: [2180:W :PE ] __sch_beacon_process_for_session: 866: Beacon for session[0] got changed.
02-11 12:53:24.581     0     0 I         : c3   2180 R0: [cds_mc_thread][1571024797100] [12:53:24.754768]  wlan: [2180:W :PE ] __sch_beacon_process_for_session: 868: sending beacon param change bitmap: 0x10
02-11 12:53:24.581     0     0 I         : c3   2180 R0: [cds_mc_thread][1571024797744] [12:53:24.754802]  wlan: [2180:E :PE ] sch_process_pre_beacon_ind: 987: PreBeaconInd received in invalid state: 11
02-11 12:53:25.809  1067  1184 D VSC     : @ 81825.261: [WO] Proposed rotation: 0, flat angle threshold: 65
02-11 12:53:25.809  1067  1184 D VSC     : @ 81825.262: [WO] orientation angle 4, orientation 0
02-11 12:53:25.809  1067  1184 D VSC     : @ 81825.262: [WO] Gyro angle integrated: 0.175697
02-11 12:53:26.086     0     0 I         : c3  19297 google_charger: l=100 vb=4297 vc=4297 c=21 fv=4400000 t=355 s=N/A usb=1 wlc=0
02-11 12:53:26.192     0     0 I         : c3  19297 google_charger: usbchg=USB usbv=4960 usbc=442 usbMv=5000 usbMc=500
02-11 12:53:26.193     0     0 I         : c3  19297 google_charger: MSC_DSG vbatt_idx:2->2 vbatt=4297108 ibatt=21972 fv_uv=4400000 cv_cnt=0 ov_cnt=0
02-11 12:53:27.059  1856  2128 D ConnectivityService: NetReassign [no changes]
02-11 12:53:27.143  2197  2742 E bt_l2cap: system/bt/main/bte_logmsg.cc:191 LogMsg: L2CAP - rcvd ACL for unknown handle:3804 ls:0 cid:128 opcode:10 cur count:0
02-11 12:53:27.144  2197  2742 E bt_l2cap: system/bt/main/bte_logmsg.cc:191 LogMsg: L2CAP - rcvd ACL for unknown handle:3804 ls:0 cid:129 opcode:10 cur count:0
02-11 12:53:27.809  1067  1184 D VSC     : @ 81827.262: [WO] Proposed rotation: 0, flat angle threshold: 65
02-11 12:53:27.809  1067  1184 D VSC     : @ 81827.262: [WO] orientation angle 4, orientation 0
02-11 12:53:27.809  1067  1184 D VSC     : @ 81827.262: [WO] Gyro angle integrated: 0.045454
02-11 12:53:28.219     0     0 I         : c3  19297 google_charger: l=100 vb=4298 vc=4298 c=14 fv=4400000 t=355 s=N/A usb=1 wlc=0
02-11 12:53:28.326     0     0 I         : c3  19297 google_charger: usbchg=USB usbv=4960 usbc=478 usbMv=5000 usbMc=500
02-11 12:53:28.326     0     0 I         : c3  19297 google_charger: MSC_DSG vbatt_idx:2->2 vbatt=4298817 ibatt=14648 fv_uv=4400000 cv_cnt=0 ov_cnt=0
02-11 12:53:29.808  1067  1184 D VSC     : @ 81829.261: [WO] Proposed rotation: 0, flat angle threshold: 65
02-11 12:53:29.808  1067  1184 D VSC     : @ 81829.261: [WO] orientation angle 4, orientation 0
02-11 12:53:29.808  1067  1184 D VSC     : @ 81829.262: [WO] Gyro angle integrated: 0.029439
02-11 12:53:30.085  1856  2128 D ConnectivityService: NetReassign [no changes]
02-11 12:53:30.353     0     0 I         : c3  19297 google_charger: l=100 vb=4295 vc=4295 c=32 fv=4400000 t=355 s=N/A usb=1 wlc=0
02-11 12:53:30.459     0     0 I         : c3  19297 google_charger: usbchg=USB usbv=4960 usbc=474 usbMv=5000 usbMc=500
02-11 12:53:30.459     0     0 I         : c3  19297 google_charger: MSC_DSG vbatt_idx:2->2 vbatt=4295155 ibatt=32226 fv_uv=4400000 cv_cnt=0 ov_cnt=0
02-11 12:53:31.808  1067  1184 D VSC     : @ 81831.261: [WO] Proposed rotation: 0, flat angle threshold: 65
02-11 12:53:31.808  1067  1184 D VSC     : @ 81831.261: [WO] orientation angle 4, orientation 0
02-11 12:53:31.808  1067  1184 D VSC     : @ 81831.261: [WO] Gyro angle integrated: 0.001444
02-11 12:53:32.486     0     0 I         : c3  19297 google_charger: l=100 vb=4296 vc=4296 c=27 fv=4400000 t=355 s=N/A usb=1 wlc=0
02-11 12:53:32.593     0     0 I         : c3  19297 google_charger: usbchg=USB usbv=4960 usbc=483 usbMv=5000 usbMc=500
02-11 12:53:32.593     0     0 I         : c3  19297 google_charger: MSC_DSG vbatt_idx:2->2 vbatt=4296864 ibatt=27343 fv_uv=4400000 cv_cnt=0 ov_cnt=0
02-11 12:53:33.102  1856  2128 D ConnectivityService: NetReassign [no changes]
02-11 12:53:33.756 31927 19838 I NearbyMediums: Found Fast Ble Advertisements :
02-11 12:53:33.756 31927 19838 I NearbyMediums: BleAdvertisement { version=2, socketVersion=2, isFast=true, serviceIdHash=null, data=[ 0x23 0x52 0x45 0x54 0x38 0x11 0x34 0xa4 0x35 0x8e 0x92 0x50 0x7a 0x9d 0xd9 0xef 0xc4 0x06 0x88 0xf4 0x66 0xef 0xe8 ], deviceToken=[ 0xdd 0xbb ], rxAdvertisement=null } : 2 times.
02-11 12:53:33.756 31927 19838 I NearbyMediums: BleAdvertisement { version=2, socketVersion=2, isFast=true, serviceIdHash=null, data=[ 0x23 0x45 0x4d 0x39 0x4e 0x11 0x3a 0x8d 0x95 0x6b 0xdc 0x4c 0x98 0x6c 0xd5 0x22 0x28 0x3f 0x40 0xa4 0x16 0x18 0xdb ], deviceToken=[ 0x1a 0x5f ], rxAdvertisement=null } : 6 times.
02-11 12:53:33.756 31927 19838 I NearbyMediums: Total 8 fast advertisements from 2 unique advertisers.
02-11 12:53:33.757 31927 19838 I NearbyMediums: Current Tracked Scanning Clients are : {NearbyConnections.EnvironmentMonitor, NearbySharing}
02-11 12:53:33.808  1067  1184 D VSC     : @ 81833.261: [WO] Proposed rotation: 0, flat angle threshold: 65
02-11 12:53:33.809  1067  1184 D VSC     : @ 81833.261: [WO] orientation angle 4, orientation 0
02-11 12:53:33.809  1067  1184 D VSC     : @ 81833.261: [WO] Gyro angle integrated: 0.125358
02-11 12:53:34.619     0     0 I         : c3  19297 google_charger: l=100 vb=4297 vc=4297 c=18 fv=4400000 t=355 s=N/A usb=1 wlc=0
02-11 12:53:34.726     0     0 I         : c3  19297 google_charger: usbchg=USB usbv=4960 usbc=483 usbMv=5000 usbMc=500
02-11 12:53:34.726     0     0 I         : c3  19297 google_charger: MSC_DSG vbatt_idx:2->2 vbatt=4297352 ibatt=18066 fv_uv=4400000 cv_cnt=0 ov_cnt=0
02-11 12:53:35.809  1067  1184 D VSC     : @ 81835.262: [WO] Proposed rotation: 0, flat angle threshold: 65
02-11 12:53:35.809  1067  1184 D VSC     : @ 81835.262: [WO] orientation angle 4, orientation 0
02-11 12:53:35.809  1067  1184 D VSC     : @ 81835.262: [WO] Gyro angle integrated: 0.019465
02-11 12:53:36.119  1856  2128 D ConnectivityService: NetReassign [no changes]
02-11 12:53:36.753     0     0 I         : c3  19297 google_charger: l=100 vb=4295 vc=4295 c=25 fv=4400000 t=355 s=N/A usb=1 wlc=0
02-11 12:53:36.806     0     0 I         : c3  19297 google_charger: usbchg=USB usbv=4960 usbc=469 usbMv=5000 usbMc=500
02-11 12:53:36.806     0     0 I         : c3  19297 google_charger: MSC_DSG vbatt_idx:2->2 vbatt=4295887 ibatt=25390 fv_uv=4400000 cv_cnt=0 ov_cnt=0
02-11 12:53:37.809  1067  1184 D VSC     : @ 81837.262: [WO] Proposed rotation: 0, flat angle threshold: 65
02-11 12:53:37.809  1067  1184 D VSC     : @ 81837.262: [WO] orientation angle 4, orientation 0
02-11 12:53:37.809  1067  1184 D VSC     : @ 81837.262: [WO] Gyro angle integrated: 0.079253
02-11 12:53:38.886     0     0 I         : c3  19803 google_charger: l=100 vb=4296 vc=4296 c=26 fv=4400000 t=355 s=N/A usb=1 wlc=0
02-11 12:53:39.142  1856  2128 D ConnectivityService: NetReassign [no changes]
02-11 12:53:38.993     0     0 I         : c3  19803 google_charger: usbchg=USB usbv=4960 usbc=474 usbMv=5000 usbMc=500
02-11 12:53:38.993     0     0 I         : c3  19803 google_charger: MSC_DSG vbatt_idx:2->2 vbatt=4296864 ibatt=26855 fv_uv=4400000 cv_cnt=0 ov_cnt=0
02-11 12:53:39.848  1067  1184 D VSC     : @ 81839.301: [WO] Proposed rotation: 0, flat angle threshold: 65
02-11 12:53:39.848  1067  1184 D VSC     : @ 81839.301: [WO] orientation angle 4, orientation 0
02-11 12:53:39.848  1067  1184 D VSC     : @ 81839.301: [WO] Gyro angle integrated: 0.019625
02-11 12:53:41.019     0     0 I         : c3  19803 google_charger: l=100 vb=4295 vc=4295 c=29 fv=4400000 t=355 s=N/A usb=1 wlc=0
02-11 12:53:41.126     0     0 I         : c3  19803 google_charger: usbchg=USB usbv=4960 usbc=478 usbMv=5000 usbMc=500
02-11 12:53:41.126     0     0 I         : c3  19803 google_charger: MSC_DSG vbatt_idx:2->2 vbatt=4295643 ibatt=29785 fv_uv=4400000 cv_cnt=0 ov_cnt=0
02-11 12:53:41.808  1067  1184 D VSC     : @ 81841.261: [WO] Proposed rotation: 0, flat angle threshold: 65
02-11 12:53:41.808  1067  1184 D VSC     : @ 81841.261: [WO] orientation angle 4, orientation 0
02-11 12:53:41.808  1067  1184 D VSC     : @ 81841.261: [WO] Gyro angle integrated: 0.067966
02-11 12:53:42.173  1856  2128 D ConnectivityService: NetReassign [no changes]
02-11 12:53:43.152     0     0 I         : c3  19803 google_charger: l=100 vb=4296 vc=4296 c=22 fv=4400000 t=355 s=N/A usb=1 wlc=0
02-11 12:53:43.259     0     0 I         : c3  19803 google_charger: usbchg=USB usbv=4960 usbc=451 usbMv=5000 usbMc=500
02-11 12:53:43.259     0     0 I         : c3  19803 google_charger: MSC_DSG vbatt_idx:2->2 vbatt=4296131 ibatt=22460 fv_uv=4400000 cv_cnt=0 ov_cnt=0
02-11 12:53:43.761 31927 19838 I NearbyMediums: Found Fast Ble Advertisements :
02-11 12:53:43.761 31927 19838 I NearbyMediums: BleAdvertisement { version=2, socketVersion=2, isFast=true, serviceIdHash=null, data=[ 0x23 0x52 0x45 0x54 0x38 0x11 0x34 0xa4 0x35 0x8e 0x92 0x50 0x7a 0x9d 0xd9 0xef 0xc4 0x06 0x88 0xf4 0x66 0xef 0xe8 ], deviceToken=[ 0xdd 0xbb ], rxAdvertisement=null } : 1 times.
02-11 12:53:43.761 31927 19838 I NearbyMediums: BleAdvertisement { version=2, socketVersion=2, isFast=true, serviceIdHash=null, data=[ 0x23 0x45 0x4d 0x39 0x4e 0x11 0x3a 0x8d 0x95 0x6b 0xdc 0x4c 0x98 0x6c 0xd5 0x22 0x28 0x3f 0x40 0xa4 0x16 0x18 0xdb ], deviceToken=[ 0x1a 0x5f ], rxAdvertisement=null } : 5 times.
02-11 12:53:43.761 31927 19838 I NearbyMediums: Total 6 fast advertisements from 2 unique advertisers.
02-11 12:53:43.762 31927 19838 I NearbyMediums: Current Tracked Scanning Clients are : {NearbyConnections.EnvironmentMonitor, NearbySharing}
02-11 12:53:43.802  1067  1184 I CHRE    : @ 81843.256: [AR] ON => IDLE
02-11 12:53:43.805  1067  1184 D VSC     : @ 81843.259: [WO] Proposed rotation: 0, flat angle threshold: 65
02-11 12:53:43.806  1067  1184 D VSC     : @ 81843.259: [WO] orientation angle 4, orientation 0
02-11 12:53:43.806  1067  1184 D VSC     : @ 81843.259: [WO] Gyro angle integrated: 0.033721
02-11 12:53:45.191  1856  2128 D ConnectivityService: NetReassign [no changes]
02-11 12:53:45.286     0     0 I         : c3  19803 google_charger: l=100 vb=4298 vc=4298 c=15 fv=4400000 t=355 s=N/A usb=1 wlc=0
02-11 12:53:45.393     0     0 I         : c3  19803 google_charger: usbchg=USB usbv=4960 usbc=483 usbMv=5000 usbMc=500
02-11 12:53:45.393     0     0 I         : c3  19803 google_charger: MSC_DSG vbatt_idx:2->2 vbatt=4298572 ibatt=15136 fv_uv=4400000 cv_cnt=0 ov_cnt=0
02-11 12:53:45.808  1067  1184 D VSC     : @ 81845.261: [WO] Proposed rotation: 0, flat angle threshold: 65
02-11 12:53:45.808  1067  1184 D VSC     : @ 81845.261: [WO] orientation angle 4, orientation 0
02-11 12:53:45.808  1067  1184 D VSC     : @ 81845.261: [WO] Gyro angle integrated: 0.035682
02-11 12:53:47.419     0     0 I         : c3  19803 google_charger: l=100 vb=4296 vc=4296 c=25 fv=4400000 t=355 s=N/A usb=1 wlc=0
02-11 12:53:47.526     0     0 I         : c3  19803 google_charger: usbchg=USB usbv=4960 usbc=469 usbMv=5000 usbMc=500
02-11 12:53:47.526     0     0 I         : c3  19803 google_charger: MSC_DSG vbatt_idx:2->2 vbatt=4296864 ibatt=25878 fv_uv=4400000 cv_cnt=0 ov_cnt=0
02-11 12:53:47.808  1067  1184 D VSC     : @ 81847.261: [WO] Proposed rotation: 0, flat angle threshold: 65
02-11 12:53:47.808  1067  1184 D VSC     : @ 81847.261: [WO] orientation angle 4, orientation 0
02-11 12:53:47.808  1067  1184 D VSC     : @ 81847.261: [WO] Gyro angle integrated: 0.012345
02-11 12:53:48.210  1856  2128 D ConnectivityService: NetReassign [no changes]
02-11 12:53:48.806 11784 11804 I Finsky  : [55] Stats for Executor: BlockingExecutor uuz@a945298[Running, pool size = 0, active threads = 0, queued tasks = 0, completed tasks = 118]
02-11 12:53:48.807 11784 11804 I Finsky  : [55] Stats for Executor: LightweightExecutor uuz@be1aaf1[Running, pool size = 4, active threads = 0, queued tasks = 0, completed tasks = 571]
02-11 12:53:48.807 11784 11804 I Finsky  : [55] Stats for Executor: bgExecutor uuz@89166d6[Running, pool size = 4, active threads = 0, queued tasks = 0, completed tasks = 696]
02-11 12:53:49.241 11784 11804 I Finsky  : [55] Stats for Executor: GrpcBackgroundExecutor uuz@2c22d57[Running, pool size = 1, active threads = 0, queued tasks = 0, completed tasks = 1]
02-11 12:53:49.725 11909 11932 I Finsky:background: [56] Stats for Executor: bgExecutor uuz@e6bf487[Running, pool size = 4, active threads = 0, queued tasks = 0, completed tasks = 32]
02-11 12:53:49.725 11909 11932 I Finsky:background: [56] Stats for Executor: LightweightExecutor uuz@fe26fb4[Running, pool size = 4, active threads = 0, queued tasks = 0, completed tasks = 54]
02-11 12:53:49.553     0     0 I         : c3  19803 google_charger: l=100 vb=4298 vc=4298 c=14 fv=4400000 t=355 s=N/A usb=1 wlc=0
02-11 12:53:49.808  1067  1184 D VSC     : @ 81849.261: [WO] Proposed rotation: 0, flat angle threshold: 65
02-11 12:53:49.808  1067  1184 D VSC     : @ 81849.261: [WO] orientation angle 4, orientation 0
02-11 12:53:49.808  1067  1184 D VSC     : @ 81849.261: [WO] Gyro angle integrated: 0.128927
02-11 12:53:49.659     0     0 I         : c3  19803 google_charger: usbchg=USB usbv=4960 usbc=483 usbMv=5000 usbMc=500
02-11 12:53:49.659     0     0 I         : c3  19803 google_charger: MSC_DSG vbatt_idx:2->2 vbatt=4298817 ibatt=14648 fv_uv=4400000 cv_cnt=0 ov_cnt=0
02-11 12:53:49.842 11909 11932 I Finsky:background: [56] Stats for Executor: BlockingExecutor uuz@aaa97dd[Running, pool size = 0, active threads = 0, queued tasks = 0, completed tasks = 18]
02-11 12:53:51.229  1856  2128 D ConnectivityService: NetReassign [no changes]
02-11 12:53:51.808  1067  1184 D VSC     : @ 81851.261: [WO] Proposed rotation: 0, flat angle threshold: 65
02-11 12:53:51.808  1067  1184 D VSC     : @ 81851.261: [WO] orientation angle 4, orientation 0
02-11 12:53:51.808  1067  1184 D VSC     : @ 81851.261: [WO] Gyro angle integrated: 0.140388
02-11 12:53:51.686     0     0 I         : c3  19803 google_charger: l=100 vb=4297 vc=4297 c=14 fv=4400000 t=355 s=N/A usb=1 wlc=0
02-11 12:53:51.792     0     0 I         : c3  19803 google_charger: usbchg=USB usbv=4960 usbc=460 usbMv=5000 usbMc=500
02-11 12:53:51.793     0     0 I         : c3  19803 google_charger: MSC_DSG vbatt_idx:2->2 vbatt=4297596 ibatt=14648 fv_uv=4400000 cv_cnt=0 ov_cnt=0
02-11 12:53:53.766 31927 19838 I NearbyMediums: Found Fast Ble Advertisements :
02-11 12:53:53.766 31927 19838 I NearbyMediums: BleAdvertisement { version=2, socketVersion=2, isFast=true, serviceIdHash=null, data=[ 0x23 0x45 0x4d 0x39 0x4e 0x11 0x3a 0x8d 0x95 0x6b 0xdc 0x4c 0x98 0x6c 0xd5 0x22 0x28 0x3f 0x40 0xa4 0x16 0x18 0xdb ], deviceToken=[ 0x1a 0x5f ], rxAdvertisement=null } : 4 times.
02-11 12:53:53.766 31927 19838 I NearbyMediums: Total 4 fast advertisements from 1 unique advertisers.
02-11 12:53:53.766 31927 19838 I NearbyMediums: Current Tracked Scanning Clients are : {NearbyConnections.EnvironmentMonitor, NearbySharing}
02-11 12:53:53.773 31927 19600 I NearbyConnections: Processing lost BlePeripheral BlePeripheral{advertisement=BleAdvertisement { version=2, socketVersion=2, isFast=true, serviceIdHash=null, data=[ 0x23 0x52 0x45 0x54 0x38 0x11 0x34 0xa4 0x35 0x8e 0x92 0x50 0x7a 0x9d 0xd9 0xef 0xc4 0x06 0x88 0xf4 0x66 0xef 0xe8 ], deviceToken=[ 0xdd 0xbb ], rxAdvertisement=null }, dctAdvertisement=null, address=null, psm=0, deviceToken=<ByteString@2feeda6 size=2 contents="\335\273">, isSecondProfile=false, rxInstantConnectionAdv=null}.
02-11 12:53:53.774 31927 19600 I NearbyConnections: Lost BleEndpoint for BlePeripheral BlePeripheral{advertisement=BleAdvertisement { version=2, socketVersion=2, isFast=true, serviceIdHash=null, data=[ 0x23 0x52 0x45 0x54 0x38 0x11 0x34 0xa4 0x35 0x8e 0x92 0x50 0x7a 0x9d 0xd9 0xef 0xc4 0x06 0x88 0xf4 0x66 0xef 0xe8 ], deviceToken=[ 0xdd 0xbb ], rxAdvertisement=null }, dctAdvertisement=null, address=null, psm=0, deviceToken=<ByteString@2feeda6 size=2 contents="\335\273">, isSecondProfile=false, rxInstantConnectionAdv=null} (with EndpointId RET8 and EndpointInfo [ 0x34 0xa4 0x35 0x8e 0x92 0x50 0x7a 0x9d 0xd9 0xef 0xc4 0x06 0x88 0xf4 0x66 0xef 0xe8 ]).
02-11 12:53:53.777 31927 19600 I NearbyConnections: ClientProxy(215817318) reporting onEndpointLost(RET8)
02-11 12:53:53.779 31927 17530 I NearbySharing: NearbySharing Internal event EndpointLost(endpointId=RET8)
02-11 12:53:53.808  1067  1184 D VSC     : @ 81853.261: [WO] Proposed rotation: 0, flat angle threshold: 65
02-11 12:53:53.808  1067  1184 D VSC     : @ 81853.261: [WO] orientation angle 4, orientation 0
02-11 12:53:53.809  1067  1184 D VSC     : @ 81853.261: [WO] Gyro angle integrated: 0.028490
02-11 12:53:53.819     0     0 I         : c3  19803 google_charger: l=100 vb=4296 vc=4296 c=25 fv=4400000 t=355 s=N/A usb=1 wlc=0
02-11 12:53:53.926     0     0 I         : c3  19803 google_charger: usbchg=USB usbv=4960 usbc=483 usbMv=5000 usbMc=500
02-11 12:53:53.926     0     0 I         : c3  19803 google_charger: MSC_DSG vbatt_idx:2->2 vbatt=4296864 ibatt=25390 fv_uv=4400000 cv_cnt=0 ov_cnt=0
02-11 12:53:54.250  1856  2128 D ConnectivityService: NetReassign [no changes]
02-11 12:53:55.408     0     0 I         : c3   2180 R0: [cds_mc_thread][1571616673723] [12:53:55.581679]  wlan: [2180:W :PE ] __sch_beacon_process_for_session: 866: Beacon for session[0] got changed.
02-11 12:53:55.408     0     0 I         : c3   2180 R0: [cds_mc_thread][1571616674508] [12:53:55.581720]  wlan: [2180:W :PE ] __sch_beacon_process_for_session: 868: sending beacon param change bitmap: 0x10
02-11 12:53:55.408     0     0 I         : c3   2180 R0: [cds_mc_thread][1571616675328] [12:53:55.581762]  wlan: [2180:E :PE ] sch_process_pre_beacon_ind: 987: PreBeaconInd received in invalid state: 11
02-11 12:53:55.808  1067  1184 D VSC     : @ 81855.261: [WO] Proposed rotation: 0, flat angle threshold: 65
02-11 12:53:55.808  1067  1184 D VSC     : @ 81855.261: [WO] orientation angle 4, orientation 0
02-11 12:53:55.808  1067  1184 D VSC     : @ 81855.261: [WO] Gyro angle integrated: 0.035864
02-11 12:53:55.909 31927 19851 I NearbyDiscovery: loadFastPairModule: checkFeaturesAreAvailable:2 [CONTEXT service_id=265 ]
02-11 12:53:55.917 31927 19851 I NearbyDiscovery: loadFastPairModule: feature request succeeded. [CONTEXT service_id=265 ]
02-11 12:53:55.931 31927 31927 I NearbyDiscovery: DiscoveryService onStartCommand action: com.google.android.gms.nearby.discovery.ACTION_LOG_EVENT [CONTEXT service_id=265 ]
02-11 12:53:55.940 31927 32210 I NearbyDiscovery: DiscoveryLogger: cuj-state=UPDATE LoggedNearbyDiscovery{FAST_PAIR_OPTIONAL_MODULE_REQUEST_SUCCEEDED, deviceType=PHONE, isSeekerLeExtendedAdvertisingSupported=true} [CONTEXT service_id=265 ]
02-11 12:53:55.973  1016  1021 E statsd  : Predicate 5980654721335871649 dropping data for dimension key (10)0x2010101->10124[I] (10)0x30000->IntentOp:.chimera.container.InitConfigOperation[S] 
02-11 12:53:55.976 31927 19865 I ChimeraConfigurator: Starting update, reason: 4 urgentFeatures: fast_pair:-1
02-11 12:53:55.999 31927 19865 W FeatureMgr: Attempted to request and unrequest the same feature: appsearch_impl. Ignoring unrequest.
02-11 12:53:56.000 31927 19865 W FeatureMgr: Attempted to request and unrequest the same feature: spoon_pc. Ignoring unrequest.
02-11 12:53:56.043 31927 19865 D SplitApkMgr: No split info found for com.google.android.gms
02-11 12:53:56.066 31927 19865 I ChimeraConfigurator: Detected pending changes for urgent request: [fast_pair]. Pending module sets: container:2607809290408+fast_pair
02-11 12:53:56.068 31927 19865 D SplitApkMgr: No split info found for com.google.android.gms
02-11 12:53:56.091 31927 19865 D ModuleSetUtils: All Zapp modules in module sets: [[Fastpair.optional:260780100000]]
02-11 12:53:56.091 31927 19865 D ModuleSetUtils: Already downloaded modules: [[AdsFdrDynamite.integ:254380203100000], [Appsearch.optional:260438100400], [BetterTogether.optional:260438100000], [BrellaDynamite.optional:260438100400], [Fastpair.optional:260438100000], [Home.optional:260438100400], [Homegraph.optional:260438100000], [Maps3DDynamite.integ:260280800100400], [MapsCoreDynamite.integ:254515602100400], [MlkitDocscan.optional:260438100400], [MlkitDocscanStain.optional:260438100400], [MlkitDocscanUi.optional:260438100400], [MlkitOcrCommon.optional:260438100400], [PlayCloudSearch.optional:260438100000], [SpoonPc.optional:260438150000], [TfliteDynamiteDynamite.integ:252130102100400], [TfliteGpuDynamiteDynamite.integ:252130102100400], [VisionBarcode.optional:260438100400], [VisionCustomIca.optional:260438100400], [VisionIca.optional:260438100400], [VisionOcr.optional:260438100000], [AdsFdrDynamite.integ:253405700100000], [Cronetdynamite:260780290408], [Dynamiteloader:260780290008], [Dynamitemodulesa:260780290008], [Dynamitemodulesc:260780290008], [Googlecertificates:260780290008], [Mapsdynamite:260780290008], [Measurementdynamite:260780290008], [Maps3DApkUnwrapped:1008040400], [SidecarAps.integ:2052100000]]
02-11 12:53:56.092 31927 19865 D ModuleSetUtils: Zapp diff downloading enabled
02-11 12:53:56.093 31927 19865 D ModuleSetUtils: Use diff base /data/user_de/0/com.google.android.gms/app_chimera/m/000006a0/dl-Fastpair.optional_260438100000.apk for [Fastpair.optional:260780100000]
02-11 12:53:56.094 31927 19865 D ZappDownloader: active network is metered: false
02-11 12:53:56.119 11784 12202 I Finsky  : [138] Module info request for [{Fastpair.optional:260780100000:260438100000}] modules from package com.google.android.gms v=260780147 hasAccount:true authEnabled:false
02-11 12:53:55.952     0     0 I         : c3  19803 google_charger: l=100 vb=4297 vc=4297 c=22 fv=4400000 t=355 s=N/A usb=1 wlc=0
02-11 12:53:56.059     0     0 I         : c3  19803 google_charger: usbchg=USB usbv=4960 usbc=474 usbMv=5000 usbMc=500
02-11 12:53:56.059     0     0 I         : c3  19803 google_charger: MSC_DSG vbatt_idx:2->2 vbatt=4297108 ibatt=22949 fv_uv=4400000 cv_cnt=0 ov_cnt=0
02-11 12:53:56.308 11784 11784 I Finsky  : [2] Received response for moduleDelivery with status=4
02-11 12:53:56.315 31927 19865 E DynamicModuleDownloader: Zapp module request failed: 1,4
02-11 12:53:56.316 31927 19865 W ZappDownloader: No successful Zapp module downloads for requested modules [Fastpair.optional:260780100000:permitMetered:260438100000:/data/user_de/0/com.google.android.gms/app_chimera/m/000006a0/dl-Fastpair.optional_260438100000.apk].
02-11 12:53:56.316 31927 19865 I GmsDebugLogger: [30] [Fastpair.optional:260780100000]
02-11 12:53:56.325 31927 19865 W ChimeraConfigService: Retry attempt was throttled. [CONTEXT service_id=264 ]
02-11 12:53:56.326 31927 19865 I GmsDebugLogger: [83] 1 [fast_pair]
02-11 12:53:56.330  1016  1021 E statsd  : Predicate 5980654721335871649 dropping data for dimension key (10)0x2010101->10124[I] (10)0x30000->IntentOp:.chimera.container.InitConfigOperation[S] 
02-11 12:53:57.268  1856  2128 D ConnectivityService: NetReassign [no changes]
02-11 12:53:57.808  1067  1184 D VSC     : @ 81857.261: [WO] Proposed rotation: 0, flat angle threshold: 65
02-11 12:53:57.808  1067  1184 D VSC     : @ 81857.261: [WO] orientation angle 4, orientation 0
02-11 12:53:57.808  1067  1184 D VSC     : @ 81857.261: [WO] Gyro angle integrated: 0.020479
02-11 12:53:58.041 31927 31951 W gle.android.gm: Profile data size exceeds 500000 bytes. It has 1423946 bytes.
02-11 12:53:58.086     0     0 I         : c3  19803 google_charger: l=100 vb=4297 vc=4297 c=18 fv=4400000 t=355 s=N/A usb=1 wlc=0
02-11 12:53:58.193     0     0 I         : c3  19803 google_charger: usbchg=USB usbv=4960 usbc=474 usbMv=5000 usbMc=500
02-11 12:53:58.193     0     0 I         : c3  19803 google_charger: MSC_DSG vbatt_idx:2->2 vbatt=4297108 ibatt=18554 fv_uv=4400000 cv_cnt=0 ov_cnt=0
02-11 12:53:59.137 31927 17530 I NearbyConnections: Found BleAdvertisement [ 0x23 0x52 0x45 0x54 0x38 0x11 0x34 0xa4 0x35 0x8e 0x92 0x50 0x7a 0x9d 0xd9 0xef 0xc4 0x06 0x88 0xf4 0x66 0xef 0xe8 ] (with EndpointId RET8 and EndpointInfo [ 0x34 0xa4 0x35 0x8e 0x92 0x50 0x7a 0x9d 0xd9 0xef 0xc4 0x06 0x88 0xf4 0x66 0xef 0xe8 ])
02-11 12:53:59.140 31927 17530 I NearbyConnections: ClientProxy(215817318 0p:com.google.android.gms.nearby.sharing) reporting onEndpointFound(RET8)
02-11 12:53:59.141 31927 17530 I NearbyConnections: ClientProxy(215817318) reporting onEndpointDistanceChanged(RET8, UNKNOWN)
02-11 12:53:59.143 31927 19838 I NearbySharing: NearbySharing Internal event EndpointDiscovered(endpointId=RET8)
02-11 12:53:59.808  1067  1184 D VSC     : @ 81859.261: [WO] Proposed rotation: 0, flat angle threshold: 65
02-11 12:53:59.808  1067  1184 D VSC     : @ 81859.261: [WO] orientation angle 4, orientation 0
02-11 12:53:59.808  1067  1184 D VSC     : @ 81859.261: [WO] Gyro angle integrated: 0.070605
02-11 12:54:00.051  4498  4834 I AiAiEcho: Predicting[7]: { Feature:1, creation:2026-02-11T19:16:00Z, expiry:2026-02-11T20:00:00Z, isExpired: false}, { Feature:1, creation:2026-02-11T20:00:00Z, expiry:2026-02-11T21:00:00Z, isExpired: true}, { Feature:1, creation:2026-02-11T21:00:00Z, expiry:2026-02-11T22:00:00Z, isExpired: true}, { Feature:1, creation:2026-02-11T22:00:00Z, expiry:2026-02-11T23:00:00Z, isExpired: true}, { Feature:1, creation:2026-02-11T23:00:00Z, expiry:2026-02-12T00:00:00Z, isExpired: true}, { Feature:1, creation:2026-02-12T00:00:00Z, expiry:2026-02-12T01:00:00Z, isExpired: true}, { Feature:1, creation:2026-02-12T01:00:00Z, expiry:2026-02-12T01:16:00Z, isExpired: true}
02-11 12:54:00.052  4498  4834 I AiAiEcho: EchoTargets: Feature:1
02-11 12:54:00.052  4498  4834 I AiAiEcho: Filtered by AiAi flag check: 
02-11 12:54:00.053  4498  4834 I AiAiEcho: Ranked targets strategy: WEIGHTED, count: 1, ranking metadata: { cardId: WEATHER-569377243, card type: 1, update time: 2026-02-11T19:16:00Z, expiration time: 2026-02-11T20:00:00Z, ranking metadata: RankingMetaData(urgency=0.187, priority=0.3, recency=1.0, rankScore=0.056100003, importantTimePoints=# kwj@7bca4) }
02-11 12:54:00.056  4498  4834 I AiAiEcho: #postPredictionTargets: Sending updates to UISurface lockscreen with targets# 1 (types=[1])
02-11 12:54:00.060  2220  2220 W PageIndicator: Current dot index invalid. Cannot set current page offset.
02-11 12:54:00.060  2220  2220 W PageIndicator: Current dot index invalid. Cannot set current page offset.
02-11 12:54:00.060  2220  2220 W PageIndicator: Current dot index invalid. Cannot set current page offset.
02-11 12:54:00.062  2220  2220 W BcSmartspaceCard: No title view to update
02-11 12:54:00.289  1856  2128 D ConnectivityService: NetReassign [no changes]
02-11 12:54:00.219     0     0 I         : c3  19803 google_charger: l=100 vb=4297 vc=4297 c=20 fv=4400000 t=355 s=N/A usb=1 wlc=0
02-11 12:54:00.326     0     0 I         : c3  19803 google_charger: usbchg=USB usbv=4960 usbc=483 usbMv=5000 usbMc=500
02-11 12:54:00.326     0     0 I         : c3  19803 google_charger: MSC_DSG vbatt_idx:2->2 vbatt=4297108 ibatt=20507 fv_uv=4400000 cv_cnt=0 ov_cnt=0
02-11 12:54:01.809  1067  1184 D VSC     : @ 81861.261: [WO] Proposed rotation: 0, flat angle threshold: 65
02-11 12:54:01.809  1067  1184 D VSC     : @ 81861.261: [WO] orientation angle 4, orientation 0
02-11 12:54:01.809  1067  1184 D VSC     : @ 81861.261: [WO] Gyro angle integrated: 0.147674
02-11 12:54:02.353     0     0 I         : c3  19803 google_charger: l=100 vb=4299 vc=4299 c=12 fv=4400000 t=355 s=N/A usb=1 wlc=0
02-11 12:54:02.459     0     0 I         : c3  19803 google_charger: usbchg=USB usbv=4960 usbc=460 usbMv=5000 usbMc=500
02-11 12:54:02.459     0     0 I         : c3  19803 google_charger: MSC_DSG vbatt_idx:2->2 vbatt=4299305 ibatt=12695 fv_uv=4400000 cv_cnt=0 ov_cnt=0
02-11 12:54:02.469     0     0 I         : c0   2180 R0: [cds_mc_thread][1571752252518] [12:54:02.643075]  wlan: [2180:W :PE ] __sch_beacon_process_for_session: 866: Beacon for session[0] got changed.
02-11 12:54:02.469     0     0 I         : c0   2180 R0: [cds_mc_thread][1571752253133] [12:54:02.643107]  wlan: [2180:W :PE ] __sch_beacon_process_for_session: 868: sending beacon param change bitmap: 0x10
02-11 12:54:02.469     0     0 I         : c0   2180 R0: [cds_mc_thread][1571752253692] [12:54:02.643136]  wlan: [2180:E :PE ] sch_process_pre_beacon_ind: 987: PreBeaconInd received in invalid state: 11
02-11 12:54:03.305  1856  2128 D ConnectivityService: NetReassign [no changes]
02-11 12:54:03.772 31927 19871 I NearbyMediums: Found Fast Ble Advertisements :
02-11 12:54:03.772 31927 19871 I NearbyMediums: BleAdvertisement { version=2, socketVersion=2, isFast=true, serviceIdHash=null, data=[ 0x23 0x52 0x45 0x54 0x38 0x11 0x34 0xa4 0x35 0x8e 0x92 0x50 0x7a 0x9d 0xd9 0xef 0xc4 0x06 0x88 0xf4 0x66 0xef 0xe8 ], deviceToken=[ 0xdd 0xbb ], rxAdvertisement=null } : 1 times.
02-11 12:54:03.772 31927 19871 I NearbyMediums: BleAdvertisement { version=2, socketVersion=2, isFast=true, serviceIdHash=null, data=[ 0x23 0x45 0x4d 0x39 0x4e 0x11 0x3a 0x8d 0x95 0x6b 0xdc 0x4c 0x98 0x6c 0xd5 0x22 0x28 0x3f 0x40 0xa4 0x16 0x18 0xdb ], deviceToken=[ 0x1a 0x5f ], rxAdvertisement=null } : 7 times.
02-11 12:54:03.772 31927 19871 I NearbyMediums: Total 8 fast advertisements from 2 unique advertisers.
02-11 12:54:03.772 31927 19871 I NearbyMediums: Current Tracked Scanning Clients are : {NearbyConnections.EnvironmentMonitor, NearbySharing}
02-11 12:54:03.848  1067  1184 D VSC     : @ 81863.301: [WO] Proposed rotation: 0, flat angle threshold: 65
02-11 12:54:03.848  1067  1184 D VSC     : @ 81863.301: [WO] orientation angle 4, orientation 0
02-11 12:54:03.848  1067  1184 D VSC     : @ 81863.301: [WO] Gyro angle integrated: 0.087060
02-11 12:54:04.486     0     0 I         : c3  19803 google_charger: l=100 vb=4296 vc=4296 c=20 fv=4400000 t=355 s=N/A usb=1 wlc=0
02-11 12:54:04.592     0     0 I         : c3  19803 google_charger: usbchg=USB usbv=4960 usbc=455 usbMv=5000 usbMc=500
02-11 12:54:04.593     0     0 I         : c3  19803 google_charger: MSC_DSG vbatt_idx:2->2 vbatt=4296864 ibatt=20507 fv_uv=4400000 cv_cnt=0 ov_cnt=0
02-11 12:54:05.808  1067  1184 D VSC     : @ 81865.261: [WO] Proposed rotation: 0, flat angle threshold: 65
02-11 12:54:05.808  1067  1184 D VSC     : @ 81865.261: [WO] orientation angle 4, orientation 0
02-11 12:54:05.808  1067  1184 D VSC     : @ 81865.261: [WO] Gyro angle integrated: 0.327083
02-11 12:54:06.332  1856  2128 D ConnectivityService: NetReassign [no changes]
02-11 12:54:06.619     0     0 I         : c3  19803 google_charger: l=100 vb=4293 vc=4293 c=33 fv=4400000 t=355 s=N/A usb=1 wlc=0
