02-11 12:52:24.326     0     0 I         : c3  19803 google_charger: MSC_DSG vbatt_idx:2->2 vbatt=4299305 ibatt=12207 fv_uv=4400000 cv_cnt=0 ov_cnt=0
02-11 12:52:25.713   688   688 I lowmemorykiller: Kill 'com.google.maps.android.utils.demo' (19465), uid 10250, oom_score_adj 965 to free 32664kB rss, 76884kB swap; reason: low watermark is breached and swap is low (50256kB < 209712kB)
02-11 12:52:25.725  1067  1184 D VSC     : @ 81765.177: [WO] Proposed rotation: 0, flat angle threshold: 65
02-11 12:52:25.725  1067  1184 D VSC     : @ 81765.177: [WO] orientation angle 4, orientation 0
02-11 12:52:25.725  1067  1184 D VSC     : @ 81765.177: [WO] Gyro angle integrated: 0.118160
02-11 12:52:25.763  1856  4612 I ActivityManager: Process com.google.maps.android.utils.demo (pid 19465) has died: cch+65 CEM 
02-11 12:52:25.763  1017  1017 I Zygote  : Process 19465 exited due to signal 9 (Killed)
02-11 12:52:25.781  4498  4498 I AiAi    : onTrimMemory() with level 15
02-11 12:52:25.794  1856  2003 W ActivityManager: setHasOverlayUi called on unknown pid: 19465
02-11 12:52:25.837  1856  2021 I libprocessgroup: Successfully killed process cgroup uid 10250 pid 19465 in 68ms
02-11 12:52:25.914 11909 11909 I Finsky:background: [2] Memory trim requested to level 80
02-11 12:52:25.914 11784 11784 I Finsky  : [2] Memory trim requested to level 40
02-11 12:52:25.931 11784 11784 I Finsky  : [2] Flushing in-memory image cache
02-11 12:52:26.042 31983 31983 I AppBase : AppBase.onTrimMemory():287 onTrimMemory(): 15
02-11 12:52:26.054 31983 31983 I KeyboardDefCache: MemoryFileCache$1.onTrimMemory():124 clearMemory() for trim memory: 15
02-11 12:52:26.055 31983 31983 I KeyboardDefCache: MemoryFileCache.clearMemory():408 evictAll()
02-11 12:52:26.063 31983 31983 I GoogleInputMethodService: GoogleInputMethodService.onTrimMemory():2838 onTrimMemory(): 15
02-11 12:52:26.079  3485  3530 I ForwardSyncCache: reclaimMemory: Clearing caches
02-11 12:52:26.109  3485  3530 W Bugle   : TextClassifierLibManagerImpl: Reclaiming memory at level: 60
02-11 12:52:26.326 31927 19834 I gle.android.gm: Explicit concurrent copying GC freed 783075(27MB) AllocSpace objects, 103(6220KB) LOS objects, 41% free, 67MB/115MB, paused 432us,85us total 1.028s
02-11 12:52:26.353     0     0 I         : c3  19803 google_charger: l=100 vb=4284 vc=4284 c=68 fv=4400000 t=353 s=N/A usb=1 wlc=0
02-11 12:52:26.459     0     0 I         : c3  19803 google_charger: usbchg=USB usbv=4960 usbc=483 usbMv=5000 usbMc=500
02-11 12:52:26.459     0     0 I         : c3  19803 google_charger: MSC_DSG vbatt_idx:2->2 vbatt=4284657 ibatt=68359 fv_uv=4400000 cv_cnt=0 ov_cnt=0
02-11 12:52:26.654  1856  2128 D ConnectivityService: NetReassign [no changes]
02-11 12:52:27.724  1067  1184 D VSC     : @ 81767.177: [WO] Proposed rotation: 0, flat angle threshold: 65
02-11 12:52:27.724  1067  1184 D VSC     : @ 81767.177: [WO] orientation angle 4, orientation 0
02-11 12:52:27.724  1067  1184 D VSC     : @ 81767.177: [WO] Gyro angle integrated: 0.162169
02-11 12:52:28.486     0     0 I         : c3  19803 google_charger: l=100 vb=4297 vc=4297 c=19 fv=4400000 t=353 s=N/A usb=1 wlc=0
02-11 12:52:28.593     0     0 I         : c3  19803 google_charger: usbchg=USB usbv=4960 usbc=469 usbMv=5000 usbMc=500
02-11 12:52:28.593     0     0 I         : c3  19803 google_charger: MSC_DSG vbatt_idx:2->2 vbatt=4297108 ibatt=19531 fv_uv=4400000 cv_cnt=0 ov_cnt=0
02-11 12:52:29.669  1856  2128 D ConnectivityService: NetReassign [no changes]
02-11 12:52:29.724  1067  1184 D VSC     : @ 81769.177: [WO] Proposed rotation: 0, flat angle threshold: 65
02-11 12:52:29.724  1067  1184 D VSC     : @ 81769.177: [WO] orientation angle 4, orientation 0
02-11 12:52:29.724  1067  1184 D VSC     : @ 81769.177: [WO] Gyro angle integrated: 0.113734
02-11 12:52:30.619     0     0 I         : c3  19803 google_charger: l=100 vb=4298 vc=4298 c=20 fv=4400000 t=353 s=N/A usb=1 wlc=0
02-11 12:52:30.673     0     0 I         : c3  19803 google_charger: usbchg=USB usbv=4960 usbc=469 usbMv=5000 usbMc=500
02-11 12:52:30.673     0     0 I         : c3  19803 google_charger: MSC_DSG vbatt_idx:2->2 vbatt=4298084 ibatt=20996 fv_uv=4400000 cv_cnt=0 ov_cnt=0
02-11 12:52:31.724  1067  1184 D VSC     : @ 81771.177: [WO] Proposed rotation: 0, flat angle threshold: 65
02-11 12:52:31.724  1067  1184 D VSC     : @ 81771.177: [WO] orientation angle 4, orientation 0
02-11 12:52:31.724  1067  1184 D VSC     : @ 81771.177: [WO] Gyro angle integrated: 0.094494
02-11 12:52:32.691  1856  2128 D ConnectivityService: NetReassign [no changes]
02-11 12:52:32.753     0     0 I         : c3  19803 google_charger: l=100 vb=4295 vc=4295 c=32 fv=4400000 t=353 s=N/A usb=1 wlc=0
02-11 12:52:32.859     0     0 I         : c3  19803 google_charger: usbchg=USB usbv=4960 usbc=478 usbMv=5000 usbMc=500
02-11 12:52:32.859     0     0 I         : c3  19803 google_charger: MSC_DSG vbatt_idx:2->2 vbatt=4295643 ibatt=32714 fv_uv=4400000 cv_cnt=0 ov_cnt=0
02-11 12:52:33.716 31927 19600 I NearbyMediums: Found Fast Ble Advertisements :
02-11 12:52:33.716 31927 19600 I NearbyMediums: BleAdvertisement { version=2, socketVersion=2, isFast=true, serviceIdHash=null, data=[ 0x23 0x52 0x45 0x54 0x38 0x11 0x34 0xa4 0x35 0x8e 0x92 0x50 0x7a 0x9d 0xd9 0xef 0xc4 0x06 0x88 0xf4 0x66 0xef 0xe8 ], deviceToken=[ 0xdd 0xbb ], rxAdvertisement=null } : 2 times.
02-11 12:52:33.716 31927 19600 I NearbyMediums: BleAdvertisement { version=2, socketVersion=2, isFast=true, serviceIdHash=null, data=[ 0x23 0x41 0x39 0x49 0x51 0x11 0x3a 0x7e 0x7a 0xf5 0x7b 0xd3 0xca 0x4d 0x67 0x62 0x05 0x3b 0xcf 0xaf 0x81 0xae 0x96 ], deviceToken=[ 0x1a 0x5f ], rxAdvertisement=null } : 7 times.
02-11 12:52:33.716 31927 19600 I NearbyMediums: Total 9 fast advertisements from 2 unique advertisers.
02-11 12:52:33.716 31927 19600 I NearbyMediums: Current Tracked Scanning Clients are : {NearbyConnections.EnvironmentMonitor, NearbySharing}
02-11 12:52:33.724  1067  1184 D VSC     : @ 81773.177: [WO] Proposed rotation: 0, flat angle threshold: 65
02-11 12:52:33.724  1067  1184 D VSC     : @ 81773.177: [WO] orientation angle 4, orientation 0
02-11 12:52:33.724  1067  1184 D VSC     : @ 81773.177: [WO] Gyro angle integrated: 0.048357
02-11 12:52:34.087 31927 19600 I NearbyMediums: Triggered instant on lost for service id : NearbySharing with hash [ 0x7a 0x5d 0x6b 0x90 ]
02-11 12:52:34.089 31927 19838 I NearbyConnections: Processing instant lost on BlePeripheral BlePeripheral{advertisement=BleAdvertisement { version=2, socketVersion=2, isFast=true, serviceIdHash=null, data=[ 0x23 0x41 0x39 0x49 0x51 0x11 0x3a 0x7e 0x7a 0xf5 0x7b 0xd3 0xca 0x4d 0x67 0x62 0x05 0x3b 0xcf 0xaf 0x81 0xae 0x96 ], deviceToken=[ 0x1a 0x5f ], rxAdvertisement=null }, dctAdvertisement=null, address=null, psm=0, deviceToken=<ByteString@9027dc9 size=2 contents="\032_">, isSecondProfile=false, rxInstantConnectionAdv=null}.
02-11 12:52:34.096 31927 19838 I NearbyConnections: Remove entry from BleAdvertisementProcessor bleEndpoints.
02-11 12:52:34.100 31927 19838 I NearbyConnections: ClientProxy(215817318) reporting onEndpointLost(A9IQ)
02-11 12:52:34.107 31927 19838 I NearbySharing: NearbySharing Internal event EndpointLost(endpointId=A9IQ)
02-11 12:52:34.114 31927 17530 I NearbySharing: [NS_DISCOVERY] DiscoveryController reported Lost(endpointId=A9IQ)
02-11 12:52:34.625 31927 17530 I NearbySharing: [NS_CONTROL] DiscoveryStateManager emitted ReportLost(id=1).
02-11 12:52:34.627 31927 17530 I NearbySharing: NearbySharing Internal event ReceiverLost(receiverId=1)
02-11 12:52:34.631 31927 19812 I NearbySharing: SendManager event Lost(receiverId=1)
02-11 12:52:34.690 31927 31927 I NearbySharing: ShortcutInfoManager removed shortcut Dale's phone
02-11 12:52:34.696  1856  2010 W NotificationHistory: Attempted to remove conversation for locked/gone/disabled user 0
02-11 12:52:34.711 31927 19812 I NearbyMediums: This GATT advertisement BleAdvertisement { version=2, socketVersion=2, isFast=true, serviceIdHash=null, data=[ 0x23 0x45 0x4d 0x39 0x4e 0x11 0x3a 0x8d 0x95 0x6b 0xdc 0x4c 0x98 0x6c 0xd5 0x22 0x28 0x3f 0x40 0xa4 0x16 0x18 0xdb ], deviceToken=[ 0x1a 0x5f ], rxAdvertisement=null } is a Fast Advertisement and matched UUID 0000fef3-0000-1000-8000-00805f9b34fb in fastAdvertisementServiceUuids map with serviceID NearbySharing
02-11 12:52:34.718 31927 17530 I NearbyConnections: Found BleAdvertisement [ 0x23 0x45 0x4d 0x39 0x4e 0x11 0x3a 0x8d 0x95 0x6b 0xdc 0x4c 0x98 0x6c 0xd5 0x22 0x28 0x3f 0x40 0xa4 0x16 0x18 0xdb ] (with EndpointId EM9N and EndpointInfo [ 0x3a 0x8d 0x95 0x6b 0xdc 0x4c 0x98 0x6c 0xd5 0x22 0x28 0x3f 0x40 0xa4 0x16 0x18 0xdb ])
02-11 12:52:34.723 31927 17530 I NearbyConnections: ClientProxy(215817318 0p:com.google.android.gms.nearby.sharing) reporting onEndpointFound(EM9N)
02-11 12:52:34.725 31927 19600 I NearbySharing: NearbySharing Internal event EndpointDiscovered(endpointId=EM9N)
02-11 12:52:34.725 31927 17530 I NearbyConnections: ClientProxy(215817318) reporting onEndpointDistanceChanged(EM9N, UNKNOWN)
02-11 12:52:34.847 31927 19812 I NearbySharing: [NS_DISCOVERY] DiscoveryController reported Discovered(endpointId=EM9N, metadata=DeviceMetadata(version=1, deviceType=5, deviceName=Dale's phone, displayName=Dale Hawkins, modelName=Pixel 9 Pro Fold, imageUri=content://com.google.android.gms.fileprovider/nearby_share_images/-1802103689.jpg, isSelfShare=true, isKnown=true, bluetoothMacAddress=[8, -117, -56, 53, -99, -36], vendorId=0, matchesLocalQrCode=false))
02-11 12:52:34.847 31927 19812 I NearbySharing: [NS_DEBUG] Dedupped: same shared credential. endpoint ID A9IQ changed to EM9N
02-11 12:52:34.850 31927 19812 I NearbySharing: {NS_DEBUG] previous receiver info ReceiverInfo(endpointId=A9IQ, metadata=DeviceMetadata(version=1, deviceType=5, deviceName=Dale's phone, displayName=Dale Hawkins, modelName=Pixel 9 Pro Fold, imageUri=content://com.google.android.gms.fileprovider/nearby_share_images/-1802103689.jpg, isSelfShare=true, isKnown=true, bluetoothMacAddress=[8, -117, -56, 53, -99, -36], vendorId=0, matchesLocalQrCode=false), state=Tomb(delayedStateChangeJob=StandaloneCoroutine{Active}@f871d01))
02-11 12:52:34.851 31927 19812 I NearbySharing: NearbySharing Internal event ReceiverEndpointMapping(endpointId=EM9N, receiverId=1)
02-11 12:52:34.854 31927 19838 I NearbySharing: [NS_CONTROL] DiscoveryStateManager emitted ReportDiscovered(id=1, metadata=DeviceMetadata(version=1, deviceType=5, deviceName=Dale's phone, displayName=Dale Hawkins, modelName=Pixel 9 Pro Fold, imageUri=content://com.google.android.gms.fileprovider/nearby_share_images/-1802103689.jpg, isSelfShare=true, isKnown=true, bluetoothMacAddress=[8, -117, -56, 53, -99, -36], vendorId=0, matchesLocalQrCode=false)).
02-11 12:52:34.855 31927 19838 I NearbySharing: NearbySharing Internal event ReceiverDiscovered(receiverId=1, deviceName=Dale's phone, isKnown=true, isSelfShare=true, deviceType=5, hasMatchingQrCode=false, isExternal=false, providerName=null, providerId=null, cloudReceiverSessionId=null)
02-11 12:52:34.855 31927 19812 I NearbySharing: SendManager event Discovered(receiverId=1, receiverMetadata=DeviceMetadata(version=1, deviceType=5, deviceName=Dale's phone, displayName=Dale Hawkins, modelName=Pixel 9 Pro Fold, imageUri=content://com.google.android.gms.fileprovider/nearby_share_images/-1802103689.jpg, isSelfShare=true, isKnown=true, bluetoothMacAddress=[8, -117, -56, 53, -99, -36], vendorId=0, matchesLocalQrCode=false))
02-11 12:52:34.857 31927 19812 I NearbySharing: SendManager event DistanceChanged(receiverId=1, distance=1, rangingData=null)
02-11 12:52:34.893 31927 31927 I NearbySharing: ShortcutInfoManager added shortcut Dale's phone
02-11 12:52:34.818     0     0 I         : c1   2180 R0: [cds_mc_thread][1570069361234] [12:52:34.992479]  wlan: [2180:W :PE ] __sch_beacon_process_for_session: 866: Beacon for session[0] got changed.
02-11 12:52:34.818     0     0 I         : c1   2180 R0: [cds_mc_thread][1570069361981] [12:52:34.992518]  wlan: [2180:W :PE ] __sch_beacon_process_for_session: 868: sending beacon param change bitmap: 0x10
02-11 12:52:34.818     0     0 I         : c1   2180 R0: [cds_mc_thread][1570069363575] [12:52:34.992601]  wlan: [2180:E :PE ] sch_process_pre_beacon_ind: 987: PreBeaconInd received in invalid state: 11
02-11 12:52:34.886     0     0 I         : c3  19803 google_charger: l=100 vb=4296 vc=4296 c=27 fv=4400000 t=353 s=N/A usb=1 wlc=0
02-11 12:52:34.993     0     0 I         : c3  19803 google_charger: usbchg=USB usbv=4960 usbc=455 usbMv=5000 usbMc=500
02-11 12:52:34.993     0     0 I         : c3  19803 google_charger: MSC_DSG vbatt_idx:2->2 vbatt=4296864 ibatt=27832 fv_uv=4400000 cv_cnt=0 ov_cnt=0
02-11 12:52:35.354 31927 32210 I NearbyDiscovery: SUBSEQUENT_PAIRING BloomfilterScanTriggerStats: elapsed=    81762371, num-dropped=0
02-11 12:52:35.354 31927 32210 I NearbyDiscovery: BloomfilterScanTriggerStats ** last-seen-ms-ago=         0, first-seen-ms-ago=   1005040, count=  159, mac=XX:XX:XX:XX:37:8C, Pixel Buds Pro 2, min-distance=  0.35, max-distance=  0.89, result=IGNORE_DEVICE_IN_CACHED
02-11 12:52:35.354 31927 32210 I NearbyDiscovery: 
02-11 12:52:35.354 31927 32210 I NearbyDiscovery: [CONTEXT service_id=265 ]
02-11 12:52:35.358 31927 32210 I NearbyDiscovery: SMART_AUDIO_SOURCE_SWITCHING BloomfilterScanTriggerStats: elapsed=    81762385, num-dropped=0
02-11 12:52:35.358 31927 32210 I NearbyDiscovery: BloomfilterScanTriggerStats ** last-seen-ms-ago=         0, first-seen-ms-ago=   1005038, count=  159, mac=XX:XX:XX:XX:37:8C, Pixel Buds Pro 2, min-distance=  0.35, max-distance=  0.89, result=IGNORE_FEATURE_DATA_NOT_IN_ADV
02-11 12:52:35.358 31927 32210 I NearbyDiscovery: 
02-11 12:52:35.358 31927 32210 I NearbyDiscovery: [CONTEXT service_id=265 ]
02-11 12:52:35.374 31927 19834 I NearbyDiscovery: BATTERY_NOTIFICATION BloomfilterScanTriggerStats: elapsed=    81762401, num-dropped=0
02-11 12:52:35.374 31927 19834 I NearbyDiscovery: BloomfilterScanTriggerStats ** last-seen-ms-ago=     61477, first-seen-ms-ago=   1334988, count=   33, mac=XX:XX:XX:XX:98:4F, Dale's Pixel Buds Pro 2, min-distance=  0.63, max-distance=  1.12, result=IGNORE_OUT_OF_RANGE
02-11 12:52:35.374 31927 19834 I NearbyDiscovery: BloomfilterScanTriggerStats ** last-seen-ms-ago=      6927, first-seen-ms-ago=   1005004, count=  158, mac=XX:XX:XX:XX:37:8C, Pixel Buds Pro 2, min-distance=  0.35, max-distance=  0.89, result=SUCCESS
02-11 12:52:35.374 31927 19834 I NearbyDiscovery: BloomfilterScanTriggerStats ** last-seen-ms-ago=         0, first-seen-ms-ago=   2167019, count=  330, mac=XX:XX:XX:XX:98:4F, Dale's Pixel Buds Pro 2, min-distance=  0.32, max-distance=  1.12, result=NO_BATTERY_CHANGES
02-11 12:52:35.374 31927 19834 I NearbyDiscovery: 
02-11 12:52:35.374 31927 19834 I NearbyDiscovery: [CONTEXT service_id=265 ]
02-11 12:52:35.573 31927 31951 W gle.android.gm: Profile data size exceeds 500000 bytes. It has 1423539 bytes.
02-11 12:52:35.714  1856  2128 D ConnectivityService: NetReassign [no changes]
02-11 12:52:35.724  1067  1184 D VSC     : @ 81775.177: [WO] Proposed rotation: 0, flat angle threshold: 65
02-11 12:52:35.724  1067  1184 D VSC     : @ 81775.177: [WO] orientation angle 4, orientation 0
02-11 12:52:35.724  1067  1184 D VSC     : @ 81775.177: [WO] Gyro angle integrated: 0.103042
02-11 12:52:37.019     0     0 I         : c3  19803 google_charger: l=100 vb=4298 vc=4298 c=12 fv=4400000 t=353 s=N/A usb=1 wlc=0
02-11 12:52:37.126     0     0 I         : c3  19803 google_charger: usbchg=USB usbv=4960 usbc=474 usbMv=5000 usbMc=500
02-11 12:52:37.126     0     0 I         : c3  19803 google_charger: MSC_DSG vbatt_idx:2->2 vbatt=4298817 ibatt=12207 fv_uv=4400000 cv_cnt=0 ov_cnt=0
02-11 12:52:37.724  1067  1184 D VSC     : @ 81777.177: [WO] Proposed rotation: 0, flat angle threshold: 65
02-11 12:52:37.724  1067  1184 D VSC     : @ 81777.177: [WO] orientation angle 4, orientation 0
02-11 12:52:37.724  1067  1184 D VSC     : @ 81777.177: [WO] Gyro angle integrated: 0.032767
02-11 12:52:38.731  1856  2128 D ConnectivityService: NetReassign [no changes]
02-11 12:52:39.152     0     0 I         : c3  19803 google_charger: l=100 vb=4298 vc=4298 c=16 fv=4400000 t=353 s=N/A usb=1 wlc=0
02-11 12:52:39.259     0     0 I         : c3  19803 google_charger: usbchg=USB usbv=4960 usbc=469 usbMv=5000 usbMc=500
02-11 12:52:39.259     0     0 I         : c3  19803 google_charger: MSC_DSG vbatt_idx:2->2 vbatt=4298817 ibatt=16113 fv_uv=4400000 cv_cnt=0 ov_cnt=0
02-11 12:52:39.724  1067  1184 D VSC     : @ 81779.177: [WO] Proposed rotation: 0, flat angle threshold: 65
02-11 12:52:39.724  1067  1184 D VSC     : @ 81779.177: [WO] orientation angle 4, orientation 0
02-11 12:52:39.724  1067  1184 D VSC     : @ 81779.177: [WO] Gyro angle integrated: 0.105177
02-11 12:52:41.286     0     0 I         : c3  19803 google_charger: l=100 vb=4298 vc=4298 c=18 fv=4400000 t=353 s=N/A usb=1 wlc=0
02-11 12:52:41.393     0     0 I         : c3  19803 google_charger: usbchg=USB usbv=4960 usbc=469 usbMv=5000 usbMc=500
02-11 12:52:41.393     0     0 I         : c3  19803 google_charger: MSC_DSG vbatt_idx:2->2 vbatt=4298084 ibatt=18554 fv_uv=4400000 cv_cnt=0 ov_cnt=0
02-11 12:52:41.724  1067  1184 D VSC     : @ 81781.177: [WO] Proposed rotation: 0, flat angle threshold: 65
02-11 12:52:41.724  1067  1184 D VSC     : @ 81781.177: [WO] orientation angle 4, orientation 0
02-11 12:52:41.724  1067  1184 D VSC     : @ 81781.177: [WO] Gyro angle integrated: 0.159074
02-11 12:52:41.752  1856  2128 D ConnectivityService: NetReassign [no changes]
02-11 12:52:42.662  2220  2220 D NoBackGesture: Start gesture: MotionEvent { action=ACTION_DOWN, actionButton=0, id[0]=0, x[0]=424.0, y[0]=1274.0, toolType[0]=TOOL_TYPE_FINGER, buttonState=0, classification=NONE, metaState=0, flags=0x0, edgeFlags=0x0, pointerCount=1, historySize=0, eventTime=22987462, downTime=22987462, deviceId=4, source=0x1002, displayId=0, eventId=878121061 }
02-11 12:52:42.664  2220  2220 D NoBackGesture: Gesture [1770839562662,alw=FALSE,FALSE,TRUE,FALSE,disp=Point(1080, 2220),wl=82,il=0,wr=82,ir=0,excl=SkRegion()]
02-11 12:52:42.729  1067  1184 D VSC     : @ 81782.182: [Significant Motion] Stop motion_detect
02-11 12:52:42.732  1067  1184 I CHRE    : @ 81782.183: [AR] IDLE => ON
02-11 12:52:42.732  1067  1184 D VSC     : @ 81782.183: [Significant Motion] Request accel, interval 20.0 ms, latency 3200.0 ms
02-11 12:52:42.732  1067  1184 W CHRE    : @ 81782.186: [AR] unknown event: 515
02-11 12:52:42.745  1067  1184 D ASH     : @ 81782.197: SensorType 195 resampler quality 0
02-11 12:52:42.745  1067  1184 D CHRE    : @ 81782.197: SensorType 195 resampler quality 0
02-11 12:52:42.830  1856  7222 D OpenGLRenderer: endAllActiveAnimators on 0x725451c030 (RippleDrawable) with handle 0x7164590180
02-11 12:52:42.832  1856  2001 W InputManager-JNI: Input channel object 'c3ec332 Application Not Responding: com.example.maps3dkotlin (client)' was disposed without first being removed with the input manager!
02-11 12:52:42.857  1856  2003 V WindowManager: Unknown focus tokens, dropping reportFocusChanged
02-11 12:52:42.908 31983 31983 I GoogleInputMethodService: GoogleInputMethodService.onFinishInput():2099 
02-11 12:52:42.912 31983 31983 I Module  : DeviceLockedStatusModuleProvider$Module.updateDeviceLockedStatus():103 repeatCheckTimes = 0, locked = false
02-11 12:52:42.913 31983 31983 I GoogleInputMethodService: GoogleInputMethodService.onStartInput():1371 onStartInput(EditorInfo{EditorInfo{packageName=com.example.maps3dkotlin, inputType=0, inputTypeString=NULL, enableLearning=false, autoCorrection=false, autoComplete=false, imeOptions=0, privateImeOptions=null, actionName=UNSPECIFIED, actionLabel=null, initialSelStart=-1, initialSelEnd=-1, initialCapsMode=0, label=null, fieldId=-1, fieldName=null, extras=null, hintText=null, hintLocales=[]}}, false)
02-11 12:52:42.932  1042  4413 D audio_route: Apply path: speaker
02-11 12:52:42.932  1042  4413 D audio_hw_primary: enable_snd_device: snd_device(104: vi-feedback)
02-11 12:52:42.932  1042  4413 D audio_route: Apply path: vi-feedback
02-11 12:52:42.932  1042  4413 E audio_hw_utils: audio_extn_utils_send_app_type_cfg: Failed to derive app_type for uc type : 0x1
02-11 12:52:42.935  1042  4413 D ACDB-LOADER: ACDB -> send_audio_cal, acdb_id = 512, path = 1, app id = 0x11132, sample rate = 48000
02-11 12:52:42.935  1042  4413 D ACDB-LOADER: ACDB -> send_asm_topology
02-11 12:52:42.935  1042  4413 D ACDB-LOADER: ACDB -> ACDB_CMD_GET_AUDPROC_STREAM_TOPOLOGY_ID
02-11 12:52:42.937  1042  4413 D ACDB-LOADER: ACDB -> send_adm_topology
02-11 12:52:42.937  1042  4413 D ACDB-LOADER: ACDB -> ACDB_CMD_GET_AUDPROC_COMMON_TOPOLOGY_ID
02-11 12:52:42.937  1042  4413 D ACDB-LOADER: ACDB -> send_audtable
02-11 12:52:42.937  1042  4413 D ACDB-LOADER: ACDB -> ACDB_CMD_GET_AUDPROC_COMMON_TABLE_SIZE
02-11 12:52:42.937  1042  4413 D ACDB-LOADER: ACDB -> ACDB_CMD_GET_AUDPROC_COMMON_TABLE
02-11 12:52:42.937  1042  4413 D ACDB-LOADER: ACDB -> AUDIO_SET_AUDPROC_CAL
02-11 12:52:42.937  1042  4413 D ACDB-LOADER: ACDB -> send_audvoltable
02-11 12:52:42.937  1042  4413 D ACDB-LOADER: ACDB -> ACDB_CMD_GET_AUDPROC_VOL_STEP_TABLE_SIZE
02-11 12:52:42.937  1042  4413 D ACDB-LOADER: ACDB -> ACDB_CMD_GET_AUDPROC_GAIN_DEP_STEP_TABLE, vol index 0
02-11 12:52:42.937  1042  4413 D android.hardware.audio.service: Failed to fetch the lookup information of the device 00000200 
02-11 12:52:42.937  1042  4413 E ACDB-LOADER: Error: ACDB AudProc vol returned = -19
02-11 12:52:42.937  1042  4413 D ACDB-LOADER: ACDB -> AUDIO_SET_VOL_CAL cal type = 12
02-11 12:52:42.937  1042  4413 D ACDB-LOADER: ACDB -> ACDB_CMD_GET_AUDPROC_STREAM_TABLE_SIZE
02-11 12:52:42.938  1042  4413 D ACDB-LOADER: ACDB -> send_audstrmtable
02-11 12:52:42.938  1042  4413 D ACDB-LOADER: ACDB -> ACDB_CMD_GET_AUDPROC_STREAM_TABLE_V2
02-11 12:52:42.938  1042  4413 D ACDB-LOADER: ACDB -> audstrm_cal->cal_type.cal_data.cal_size = 16
02-11 12:52:42.938  1042  4413 D ACDB-LOADER: ACDB -> send_afe_topology
02-11 12:52:42.938  1042  4413 D ACDB-LOADER: ACDB -> ACDB_CMD_GET_AFE_TOPOLOGY_ID
02-11 12:52:42.938  1042  4413 D ACDB-LOADER: ACDB -> GET_AFE_TOPOLOGY_ID for adcd_id 512, Topology Id 10001ccc
02-11 12:52:42.938  1042  4413 D ACDB-LOADER: ACDB -> send_afe_cal
02-11 12:52:42.938  1042  4413 D ACDB-LOADER: ACDB -> ACDB_CMD_GET_AFE_COMMON_TABLE_SIZE
02-11 12:52:42.938  1042  4413 D ACDB-LOADER: ACDB -> ACDB_CMD_GET_AFE_COMMON_TABLE
02-11 12:52:42.938  1042  4413 D ACDB-LOADER: ACDB -> AUDIO_SET_AFE_CAL
02-11 12:52:42.938  1042  4413 D ACDB-LOADER: ACDB -> send_hw_delay : acdb_id = 512 path = 1
02-11 12:52:42.938  1042  4413 D ACDB-LOADER: ACDB -> ACDB_AVSYNC_INFO: ACDB_CMD_GET_DEVICE_PROPERTY
02-11 12:52:42.938  1042  4413 D audio_hw_primary: enable_audio_route: usecase(25) apply and update mixer path: spkr-vi-record vi-feedback
02-11 12:52:42.938  1042  4413 D audio_route: Apply path: spkr-vi-record vi-feedback
02-11 12:52:42.955 31983 31983 I Module  : DeviceLockedStatusModuleProvider$Module.updateDeviceLockedStatus():103 repeatCheckTimes = 1, locked = false
02-11 12:52:42.802     0     0 I         : c5   4413 afe_tdm_port_start: top_id:10001ccc acdb_id:512 port_id:0x9011
02-11 12:52:42.986  1042  4413 D ACDB-LOADER: ACDB -> send_audio_cal, acdb_id = 513, path = 0, app id = 0x11130, sample rate = 48000
02-11 12:52:42.986  1042  4413 D ACDB-LOADER: ACDB -> send_asm_topology
02-11 12:52:42.987  1042  4413 D ACDB-LOADER: ACDB -> ACDB_CMD_GET_AUDPROC_STREAM_TOPOLOGY_ID
02-11 12:52:42.987  1042  4413 D ACDB-LOADER: ACDB -> send_adm_topology
02-11 12:52:42.987  1042  4413 D ACDB-LOADER: ACDB -> ACDB_CMD_GET_AUDPROC_COMMON_TOPOLOGY_ID
02-11 12:52:42.987  1042  4413 D ACDB-LOADER: ACDB -> send_audtable
02-11 12:52:42.987  1042  4413 D ACDB-LOADER: ACDB -> ACDB_CMD_GET_AUDPROC_COMMON_TABLE_SIZE
02-11 12:52:42.987  1042  4413 D ACDB-LOADER: ACDB -> ACDB_CMD_GET_AUDPROC_COMMON_TABLE
02-11 12:52:42.987  1042  4413 D ACDB-LOADER: ACDB -> AUDIO_SET_AUDPROC_CAL
02-11 12:52:42.987  1042  4413 D ACDB-LOADER: ACDB -> send_audvoltable
02-11 12:52:42.987  1042  4413 D ACDB-LOADER: ACDB -> ACDB_CMD_GET_AUDPROC_VOL_STEP_TABLE_SIZE
02-11 12:52:42.987  1042  4413 D ACDB-LOADER: ACDB -> ACDB_CMD_GET_AUDPROC_GAIN_DEP_STEP_TABLE, vol index 0
02-11 12:52:42.987  1042  4413 D android.hardware.audio.service: Failed to fetch the lookup information of the device 00000201 
02-11 12:52:42.987  1042  4413 E ACDB-LOADER: Error: ACDB AudProc vol returned = -19
02-11 12:52:42.987  1042  4413 D ACDB-LOADER: ACDB -> AUDIO_SET_VOL_CAL cal type = 12
02-11 12:52:42.987  1042  4413 D ACDB-LOADER: ACDB -> ACDB_CMD_GET_AUDPROC_STREAM_TABLE_SIZE
02-11 12:52:42.987  1042  4413 D ACDB-LOADER: ACDB -> send_audstrmtable
02-11 12:52:42.987  1042  4413 D ACDB-LOADER: ACDB -> ACDB_CMD_GET_AUDPROC_STREAM_TABLE_V2
02-11 12:52:42.987  1042  4413 D ACDB-LOADER: ACDB -> audstrm_cal->cal_type.cal_data.cal_size = 488
02-11 12:52:42.987  1042  4413 D ACDB-LOADER: ACDB -> send_afe_topology
02-11 12:52:42.987  1042  4413 D ACDB-LOADER: ACDB -> ACDB_CMD_GET_AFE_TOPOLOGY_ID
02-11 12:52:42.987  1042  4413 D ACDB-LOADER: ACDB -> GET_AFE_TOPOLOGY_ID for adcd_id 513, Topology Id 10000ccc
02-11 12:52:42.987  1042  4413 D ACDB-LOADER: ACDB -> send_afe_cal
02-11 12:52:42.987  1042  4413 D ACDB-LOADER: ACDB -> ACDB_CMD_GET_AFE_COMMON_TABLE_SIZE
02-11 12:52:42.987  1042  4413 D ACDB-LOADER: ACDB -> ACDB_CMD_GET_AFE_COMMON_TABLE
02-11 12:52:42.987  1042  4413 D ACDB-LOADER: ACDB -> AUDIO_SET_AFE_CAL
02-11 12:52:42.987  1042  4413 D ACDB-LOADER: ACDB -> send_hw_delay : acdb_id = 513 path = 0
02-11 12:52:42.987  1042  4413 D ACDB-LOADER: ACDB -> ACDB_AVSYNC_INFO: ACDB_CMD_GET_DEVICE_PROPERTY
02-11 12:52:42.987  1042  4413 D audio_hw_primary: enable_audio_route: usecase(1) apply and update mixer path: low-latency-playback speaker
02-11 12:52:42.987  1042  4413 D audio_route: Apply path: low-latency-playback speaker
02-11 12:52:42.853     0     0 I         : c4   4413 afe_tdm_port_start: top_id:10000ccc acdb_id:513 port_id:0x9010
02-11 12:52:43.043  1042  4413 D audio_hw_primary: out_write: retry previous failed cal level set
02-11 12:52:43.419     0     0 I         : c3  19803 google_charger: l=100 vb=4295 vc=4295 c=41 fv=4400000 t=353 s=N/A usb=1 wlc=0
02-11 12:52:43.526     0     0 I         : c3  19803 google_charger: usbchg=USB usbv=4960 usbc=483 usbMv=5000 usbMc=500
02-11 12:52:43.526     0     0 I         : c3  19803 google_charger: MSC_DSG vbatt_idx:2->2 vbatt=4295155 ibatt=41503 fv_uv=4400000 cv_cnt=0 ov_cnt=0
02-11 12:52:43.724 31927 17530 I NearbyMediums: Found Fast Ble Advertisements :
02-11 12:52:43.724 31927 17530 I NearbyMediums: BleAdvertisement { version=2, socketVersion=2, isFast=true, serviceIdHash=null, data=[ 0x23 0x45 0x4d 0x39 0x4e 0x11 0x3a 0x8d 0x95 0x6b 0xdc 0x4c 0x98 0x6c 0xd5 0x22 0x28 0x3f 0x40 0xa4 0x16 0x18 0xdb ], deviceToken=[ 0x1a 0x5f ], rxAdvertisement=null } : 5 times.
02-11 12:52:43.724 31927 17530 I NearbyMediums: Total 5 fast advertisements from 1 unique advertisers.
02-11 12:52:43.725 31927 17530 I NearbyMediums: Current Tracked Scanning Clients are : {NearbyConnections.EnvironmentMonitor, NearbySharing}
02-11 12:52:43.731 31927 19812 I NearbyConnections: Processing lost BlePeripheral BlePeripheral{advertisement=BleAdvertisement { version=2, socketVersion=2, isFast=true, serviceIdHash=null, data=[ 0x23 0x52 0x45 0x54 0x38 0x11 0x34 0xa4 0x35 0x8e 0x92 0x50 0x7a 0x9d 0xd9 0xef 0xc4 0x06 0x88 0xf4 0x66 0xef 0xe8 ], deviceToken=[ 0xdd 0xbb ], rxAdvertisement=null }, dctAdvertisement=null, address=null, psm=0, deviceToken=<ByteString@a8ffaad size=2 contents="\335\273">, isSecondProfile=false, rxInstantConnectionAdv=null}.
02-11 12:52:43.731 31927 19812 I NearbyConnections: Lost BleEndpoint for BlePeripheral BlePeripheral{advertisement=BleAdvertisement { version=2, socketVersion=2, isFast=true, serviceIdHash=null, data=[ 0x23 0x52 0x45 0x54 0x38 0x11 0x34 0xa4 0x35 0x8e 0x92 0x50 0x7a 0x9d 0xd9 0xef 0xc4 0x06 0x88 0xf4 0x66 0xef 0xe8 ], deviceToken=[ 0xdd 0xbb ], rxAdvertisement=null }, dctAdvertisement=null, address=null, psm=0, deviceToken=<ByteString@a8ffaad size=2 contents="\335\273">, isSecondProfile=false, rxInstantConnectionAdv=null} (with EndpointId RET8 and EndpointInfo [ 0x34 0xa4 0x35 0x8e 0x92 0x50 0x7a 0x9d 0xd9 0xef 0xc4 0x06 0x88 0xf4 0x66 0xef 0xe8 ]).
02-11 12:52:43.733 31927 19812 I NearbyConnections: ClientProxy(215817318) reporting onEndpointLost(RET8)
02-11 12:52:43.734 31927 19812 I NearbyConnections: Processing lost BlePeripheral BlePeripheral{advertisement=BleAdvertisement { version=2, socketVersion=2, isFast=true, serviceIdHash=null, data=[ 0x23 0x41 0x39 0x49 0x51 0x11 0x3a 0x7e 0x7a 0xf5 0x7b 0xd3 0xca 0x4d 0x67 0x62 0x05 0x3b 0xcf 0xaf 0x81 0xae 0x96 ], deviceToken=[ 0x1a 0x5f ], rxAdvertisement=null }, dctAdvertisement=null, address=null, psm=0, deviceToken=<ByteString@c7ca1e2 size=2 contents="\032_">, isSecondProfile=false, rxInstantConnectionAdv=null}.
02-11 12:52:43.736 31927 19812 I NearbySharing: NearbySharing Internal event EndpointLost(endpointId=RET8)
02-11 12:52:43.774  1067  1184 D VSC     : @ 81783.227: [WO] Proposed rotation: 0, flat angle threshold: 65
02-11 12:52:43.774  1067  1184 D VSC     : @ 81783.227: [WO] orientation angle 4, orientation 0
02-11 12:52:43.774  1067  1184 D VSC     : @ 81783.227: [WO] Gyro angle integrated: 3.331996
02-11 12:52:44.772  1856  2128 D ConnectivityService: NetReassign [no changes]
02-11 12:52:45.553     0     0 I         : c3  19803 google_charger: l=100 vb=4290 vc=4290 c=54 fv=4400000 t=355 s=N/A usb=1 wlc=0
02-11 12:52:45.767  1067  1184 D VSC     : @ 81785.220: [WO] Proposed rotation: 0, flat angle threshold: 65
02-11 12:52:45.767  1067  1184 D VSC     : @ 81785.220: [WO] orientation angle 4, orientation 0
02-11 12:52:45.767  1067  1184 D VSC     : @ 81785.220: [WO] Gyro angle integrated: 0.514983
02-11 12:52:45.659     0     0 I         : c3  19803 google_charger: usbchg=USB usbv=4960 usbc=483 usbMv=5000 usbMc=500
02-11 12:52:45.659     0     0 I         : c3  19803 google_charger: MSC_DSG vbatt_idx:2->2 vbatt=4290272 ibatt=54199 fv_uv=4400000 cv_cnt=0 ov_cnt=0
02-11 12:52:45.955  1067  1184 I CHRE    : @ 81785.409: [AR] inconsistent: 41.176471
02-11 12:52:46.020     0     0 I         : c1   4401 msm_crus_store_imped: right impedance 6.77586546 ohms
02-11 12:52:46.022     0     0 I         : c1   4401 msm_crus_store_imped: left impedance 7.93198812 ohms
02-11 12:52:46.052     0     0 I         : c2   4401 afe_close: port_id = 0x9010
02-11 12:52:46.230  1042  4401 D audio_hw_primary: disable_audio_route: usecase(1) reset and update mixer path: low-latency-playback speaker
02-11 12:52:46.232  1042  4401 I audio_hw_cirrus_playback: audio_extn_spkr_prot_stop_processing: pcm_tx_close
02-11 12:52:46.059     0     0 I         : c1   4401 afe_close: port_id = 0x9011
02-11 12:52:46.240  1042  4401 D audio_hw_primary: disable_audio_route: usecase(25) reset and update mixer path: spkr-vi-record vi-feedback
02-11 12:52:46.240  1042  4401 D audio_hw_primary: disable_snd_device: snd_device(104: vi-feedback)
02-11 12:52:47.761  1067  1184 D VSC     : @ 81787.214: [WO] Proposed rotation: 0, flat angle threshold: 65
02-11 12:52:47.761  1067  1184 D VSC     : @ 81787.214: [WO] orientation angle 4, orientation 0
02-11 12:52:47.761  1067  1184 D VSC     : @ 81787.214: [WO] Gyro angle integrated: 0.429573
02-11 12:52:47.787  1856  2128 D ConnectivityService: NetReassign [no changes]
02-11 12:52:47.686     0     0 I         : c3  19803 google_charger: l=100 vb=4298 vc=4298 c=16 fv=4400000 t=355 s=N/A usb=1 wlc=0
02-11 12:52:47.792     0     0 I         : c3  19803 google_charger: usbchg=USB usbv=4960 usbc=455 usbMv=5000 usbMc=500
02-11 12:52:47.793     0     0 I         : c3  19803 google_charger: MSC_DSG vbatt_idx:2->2 vbatt=4298328 ibatt=16113 fv_uv=4400000 cv_cnt=0 ov_cnt=0
02-11 12:52:49.754  1067  1184 D VSC     : @ 81789.207: [WO] Proposed rotation: 0, flat angle threshold: 65
02-11 12:52:49.754  1067  1184 D VSC     : @ 81789.207: [WO] orientation angle 4, orientation 0
02-11 12:52:49.754  1067  1184 D VSC     : @ 81789.207: [WO] Gyro angle integrated: 0.048612
02-11 12:52:49.819     0     0 I         : c3  19803 google_charger: l=100 vb=4297 vc=4297 c=22 fv=4400000 t=355 s=N/A usb=1 wlc=0
02-11 12:52:49.926     0     0 I         : c3  19803 google_charger: usbchg=USB usbv=4960 usbc=483 usbMv=5000 usbMc=500
02-11 12:52:49.926     0     0 I         : c3  19803 google_charger: MSC_DSG vbatt_idx:2->2 vbatt=4297596 ibatt=22460 fv_uv=4400000 cv_cnt=0 ov_cnt=0
02-11 12:52:50.735 31927 19812 I NearbyConnections: Found BleAdvertisement [ 0x23 0x52 0x45 0x54 0x38 0x11 0x34 0xa4 0x35 0x8e 0x92 0x50 0x7a 0x9d 0xd9 0xef 0xc4 0x06 0x88 0xf4 0x66 0xef 0xe8 ] (with EndpointId RET8 and EndpointInfo [ 0x34 0xa4 0x35 0x8e 0x92 0x50 0x7a 0x9d 0xd9 0xef 0xc4 0x06 0x88 0xf4 0x66 0xef 0xe8 ])
02-11 12:52:50.738 31927 19812 I NearbyConnections: ClientProxy(215817318 0p:com.google.android.gms.nearby.sharing) reporting onEndpointFound(RET8)
02-11 12:52:50.739 31927 19812 I NearbyConnections: ClientProxy(215817318) reporting onEndpointDistanceChanged(RET8, UNKNOWN)
02-11 12:52:50.740 31927 19838 I NearbySharing: NearbySharing Internal event EndpointDiscovered(endpointId=RET8)
02-11 12:52:50.804  1856  2128 D ConnectivityService: NetReassign [no changes]
02-11 12:52:51.037 31927 19837 I AlarmManager: setExactAndAllowWhileIdle [name: GCM_HB_ALARM type: 2 triggerAtMillis: 83158063]
02-11 12:52:51.150 31927 31927 D BoundBrokerSvc: onRebind: Intent { act=com.google.android.gms.common.telemetry.service.START dat=chimera-action: cmp=com.google.android.gms/.chimera.PersistentApiService }
02-11 12:52:51.174 31927 19843 W ChimeraUtils: Module com.google.android.gms.gcm missing resource null(0)
02-11 12:52:51.392 31927 19849 I GCM     : Message from 745476177629
02-11 12:52:51.410 31927 19849 D StrictMode: StrictMode policy violation: android.os.strictmode.UnsafeIntentLaunchViolation: Launch of unsafe intent: Intent { act=com.google.android.c2dm.intent.RECEIVE flg=0x11000010 pkg=com.google.android.gms cmp=com.google.android.gms/.locationsharingreporter.service.GcmReceiverService (has extras) }
02-11 12:52:51.410 31927 19849 D StrictMode: 	at android.os.StrictMode.onUnsafeIntentLaunch(StrictMode.java:2330)
02-11 12:52:51.410 31927 19849 D StrictMode: 	at android.content.Intent.prepareToLeaveProcess(Intent.java:11450)
02-11 12:52:51.410 31927 19849 D StrictMode: 	at android.content.Intent.prepareToLeaveProcess(Intent.java:11368)
02-11 12:52:51.410 31927 19849 D StrictMode: 	at android.app.ContextImpl.startServiceCommon(ContextImpl.java:1846)
02-11 12:52:51.410 31927 19849 D StrictMode: 	at android.app.ContextImpl.startService(ContextImpl.java:1817)
02-11 12:52:51.410 31927 19849 D StrictMode: 	at android.content.ContextWrapper.startService(ContextWrapper.java:774)
02-11 12:52:51.410 31927 19849 D StrictMode: 	at android.content.ContextWrapper.startService(ContextWrapper.java:774)
02-11 12:52:51.410 31927 19849 D StrictMode: 	at android.content.ContextWrapper.startService(ContextWrapper.java:774)
02-11 12:52:51.410 31927 19849 D StrictMode: 	at androidx.legacy.content.WakefulBroadcastReceiver.startWakefulService(WakefulBroadcastReceiver.java:104)
02-11 12:52:51.410 31927 19849 D StrictMode: 	at com.google.android.gms.stats.GCoreWakefulBroadcastReceiver.startWakefulServiceInternal(GCoreWakefulBroadcastReceiver.java:57)
02-11 12:52:51.410 31927 19849 D StrictMode: 	at com.google.android.gms.stats.GCoreWakefulBroadcastReceiver.startWakefulService(GCoreWakefulBroadcastReceiver.java:29)
02-11 12:52:51.410 31927 19849 D StrictMode: 	at com.google.android.gms.gcm.GcmInternalRouter.startService(GcmInternalRouter.java:220)
02-11 12:52:51.410 31927 19849 D StrictMode: 	at com.google.android.gms.gcm.GcmInternalRouter.forwardMessage(GcmInternalRouter.java:155)
02-11 12:52:51.410 31927 19849 D StrictMode: 	at com.google.android.gms.gcm.GcmInternalRouter.route(GcmInternalRouter.java:98)
02-11 12:52:51.410 31927 19849 D StrictMode: 	at com.google.android.gms.gcm.GcmInternalReceiverIntentOperation.onHandleIntent(GcmInternalReceiverIntentOperation.java:36)
02-11 12:52:51.410 31927 19849 D StrictMode: 	at com.google.android.chimera.IntentOperation.onHandleIntent(IntentOperation.java:148)
02-11 12:52:51.410 31927 19849 D StrictMode: 	at com.google.android.gms.chimera.container.intentoperation.BaseGmsIntentOperationService$IntentOperationWrapper.onHandleIntent(BaseGmsIntentOperationService.java:348)
02-11 12:52:51.410 31927 19849 D StrictMode: 	at com.google.android.chimera.container.intentoperation.IntentOperationClass.deliverIntent(IntentOperationClass.java:108)
02-11 12:52:51.410 31927 19849 D StrictMode: 	at com.google.android.chimera.container.intentoperation.IntentOperationExecutor$HandleActionTask$IntentHandler$IntentOperationRunner.run(IntentOperationExecutor.java:912)
02-11 12:52:51.410 31927 19849 D StrictMode: 	at com.google.android.chimera.container.intentoperation.IntentOperationExecutor$1.run(IntentOperationExecutor.java:649)
02-11 12:52:51.410 31927 19849 D StrictMode: 	at com.google.apps.tiktok.tracing.TracePropagation$propagateRunnable$1.run(TracePropagation.kt:469)
02-11 12:52:51.410 31927 19849 D StrictMode: 	at java.util.concurrent.ThreadPoolExecutor.runWorker(ThreadPoolExecutor.java:1167)
02-11 12:52:51.410 31927 19849 D StrictMode: 	at java.util.concurrent.ThreadPoolExecutor$Worker.run(ThreadPoolExecutor.java:641)
02-11 12:52:51.410 31927 19849 D StrictMode: 	at java.lang.Thread.run(Thread.java:920)
02-11 12:52:51.534 31927 19850 D AuthPII : [ GoogleAccountDataServiceImpl] getGoogleAccountId(Account {name=dkhawk@gmail.com, type=com.google}): 115038290404925033595.
02-11 12:52:51.672 31927 19843 I LSR     : Centralized notice not acked, reporting should be disabled for a given account [CONTEXT service_id=277 ]
02-11 12:52:51.730 31927 19843 I LSR     : Reporting ovenfresh status in periodic uploader: <com.google.social.userlocation.frontend.proto.FrontendDataProto$ActiveOvenFresh$CollectionStatus@e8ef4f2 number=1 name=OVENFRESH_RECEIVED> [CONTEXT service_id=277 ]
02-11 12:52:51.747  1067  1184 D VSC     : @ 81791.201: [WO] Proposed rotation: 0, flat angle threshold: 65
02-11 12:52:51.748  1067  1184 D VSC     : @ 81791.201: [WO] orientation angle 4, orientation 0
02-11 12:52:51.748  1067  1184 D VSC     : @ 81791.201: [WO] Gyro angle integrated: 0.236792
02-11 12:52:51.749 31927 19847 W LSR     : No upload requests for a given account, MDR should be disabled [CONTEXT service_id=277 ]
02-11 12:52:51.820 31927 19821 D AccountUtils: 0 accounts found with usm service flag | service_usm feature
02-11 12:52:51.920 31927 19821 D AuthPII : [ GoogleAccountDataServiceImpl] getGoogleAccountId(Account {name=dkhawk@gmail.com, type=com.google}): 115038290404925033595.
02-11 12:52:51.972 31927 19821 W FakeDataHelper: Failed to create directory /storage/emulated/0/Documents/fake-auth-data
02-11 12:52:51.996 31927 31963 D Auth    : [WorkAccountApiService] getting api service
02-11 12:52:51.953     0     0 I         : c3  19803 google_charger: l=100 vb=4267 vc=4267 c=161 fv=4400000 t=355 s=N/A usb=1 wlc=0
02-11 12:52:52.059     0     0 I         : c3  19803 google_charger: usbchg=USB usbv=4960 usbc=483 usbMv=5000 usbMc=500
02-11 12:52:52.059     0     0 I         : c3  19803 google_charger: MSC_DSG vbatt_idx:2->2 vbatt=4267078 ibatt=161621 fv_uv=4400000 cv_cnt=0 ov_cnt=0
02-11 12:52:52.242 31927 19847 W Conscrypt: Could not set socket write timeout: java.net.SocketException: Socket closed
02-11 12:52:52.253 31927 19847 W Conscrypt: 	at com.google.android.gms.org.conscrypt.Platform.setSocketWriteTimeout(Platform.java:161)
02-11 12:52:52.253 31927 19847 W Conscrypt: 	at com.google.android.gms.org.conscrypt.ConscryptFileDescriptorSocket.setSoWriteTimeout(ConscryptFileDescriptorSocket.java:944)
02-11 12:52:52.284 31927 19847 W Conscrypt: Could not set socket write timeout: java.net.SocketException: Socket closed
02-11 12:52:52.285 31927 19847 W Conscrypt: 	at com.google.android.gms.org.conscrypt.Platform.setSocketWriteTimeout(Platform.java:161)
02-11 12:52:52.285 31927 19847 W Conscrypt: 	at com.google.android.gms.org.conscrypt.ConscryptFileDescriptorSocket.setSoWriteTimeout(ConscryptFileDescriptorSocket.java:944)
02-11 12:52:52.444  1067  1184 D VSC     : @ 81791.897: [Significant Motion] Request motion_detect, interval 18446744027136.0 ms, latency 0.0 ms
02-11 12:52:52.445  1067  1184 D VSC     : @ 81791.898: [Significant Motion] Stop accel
02-11 12:52:52.459  1067  1184 D ASH     : @ 81791.913: SensorType 195 resampler quality 2
02-11 12:52:52.467 31927 19821 I LSR     : Ovenfresh status upload result is: <com.google.social.userlocation.frontend.proto.UserLocationFrontend$UploadLocationResponse$Result@5347102 number=2 name=UPLOAD_REJECTED> [CONTEXT service_id=277 ]
02-11 12:52:52.540 31927 19846 D AccountUtils: 0 accounts found with usm service flag | service_usm feature
02-11 12:52:52.541 31927 19821 I LSR     : Centralized notice not acked, reporting should be disabled for a given account [CONTEXT service_id=277 ]
02-11 12:52:52.543 31927 19821 W LSR     : Can't report location for a given account, ovenfresh skipped [CONTEXT service_id=277 ]
02-11 12:52:52.551 31927 19821 I LSR     : Reporting ovenfresh status in periodic uploader: <com.google.social.userlocation.frontend.proto.FrontendDataProto$ActiveOvenFresh$CollectionStatus@99a7796 number=13 name=FAILED_INELIGIBLE_TO_REPORT> [CONTEXT service_id=277 ]
02-11 12:52:52.567 31927 19843 W LSR     : No upload requests for a given account, MDR should be disabled [CONTEXT service_id=277 ]
02-11 12:52:52.587 31927 19851 D AccountUtils: 0 accounts found with usm service flag | service_usm feature
02-11 12:52:52.596 31927 19851 D AuthPII : [ GoogleAccountDataServiceImpl] getGoogleAccountId(Account {name=dkhawk@gmail.com, type=com.google}): 115038290404925033595.
02-11 12:52:52.601 31927 19851 W FakeDataHelper: Failed to create directory /storage/emulated/0/Documents/fake-auth-data
02-11 12:52:52.680 31927 19851 I LSR     : Ovenfresh status upload result is: <com.google.social.userlocation.frontend.proto.UserLocationFrontend$UploadLocationResponse$Result@5347102 number=2 name=UPLOAD_REJECTED> [CONTEXT service_id=277 ]
02-11 12:52:52.705 31927 19851 I LSR     : Refreshing periodic location reporting state [CONTEXT service_id=277 ]
02-11 12:52:52.725 31927 19852 I LSR     : Centralized reporting is disabled for all accounts [CONTEXT service_id=277 ]
02-11 12:52:52.725 31927 19845 D AccountUtils: 0 accounts found with usm service flag | service_usm feature
02-11 12:52:52.731 31927 19852 I LSR     : No periodic upload requests, periodic reporting should be disabled [CONTEXT service_id=277 ]
02-11 12:52:52.732 31927 19852 I LSR     : Reporting should be enabled: false [CONTEXT service_id=277 ]
02-11 12:52:52.733 31927 19852 I LSR     : Stopping periodic location reporting [CONTEXT service_id=277 ]
02-11 12:52:52.752 31927 19845 I LSR     : Unregistering for activity transition updates. [CONTEXT service_id=277 ]
02-11 12:52:52.900 31927 19846 I LSRAlertsHandler: Geofence optimization for location alerts disabled [CONTEXT service_id=277 ]
02-11 12:52:52.902 31927 19845 I LSR     : Cancelling periodic location reporting maintenance task [CONTEXT service_id=277 ]
02-11 12:52:52.941 31927 31927 D BoundBrokerSvc: onRebind: Intent { act=com.google.android.gms.auth.aang.events.services.START dat=chimera-action: cmp=com.google.android.gms/.chimera.PersistentApiService }
02-11 12:52:53.028 31927 31963 I GoogleSignatureVerifier: package info is not set correctly
02-11 12:52:53.030 31927 31963 I GoogleSignatureVerifier: package info is not set correctly
02-11 12:52:53.732 31927 19838 I NearbyMediums: Found Fast Ble Advertisements :
02-11 12:52:53.732 31927 19838 I NearbyMediums: BleAdvertisement { version=2, socketVersion=2, isFast=true, serviceIdHash=null, data=[ 0x23 0x52 0x45 0x54 0x38 0x11 0x34 0xa4 0x35 0x8e 0x92 0x50 0x7a 0x9d 0xd9 0xef 0xc4 0x06 0x88 0xf4 0x66 0xef 0xe8 ], deviceToken=[ 0xdd 0xbb ], rxAdvertisement=null } : 1 times.
02-11 12:52:53.732 31927 19838 I NearbyMediums: BleAdvertisement { version=2, socketVersion=2, isFast=true, serviceIdHash=null, data=[ 0x23 0x45 0x4d 0x39 0x4e 0x11 0x3a 0x8d 0x95 0x6b 0xdc 0x4c 0x98 0x6c 0xd5 0x22 0x28 0x3f 0x40 0xa4 0x16 0x18 0xdb ], deviceToken=[ 0x1a 0x5f ], rxAdvertisement=null } : 6 times.
02-11 12:52:53.732 31927 19838 I NearbyMediums: Total 7 fast advertisements from 2 unique advertisers.
02-11 12:52:53.733 31927 19838 I NearbyMediums: Current Tracked Scanning Clients are : {NearbyConnections.EnvironmentMonitor, NearbySharing}
02-11 12:52:53.809  1067  1184 D VSC     : @ 81793.261: [WO] Proposed rotation: 0, flat angle threshold: 65
02-11 12:52:53.809  1067  1184 D VSC     : @ 81793.261: [WO] orientation angle 4, orientation 0
02-11 12:52:53.809  1067  1184 D VSC     : @ 81793.262: [WO] Gyro angle integrated: 0.004486
02-11 12:52:53.832  1856  2128 D ConnectivityService: NetReassign [no changes]
02-11 12:52:53.849  2197  2742 E bt_l2cap: system/bt/main/bte_logmsg.cc:191 LogMsg: L2CAP - rcvd ACL for unknown handle:3804 ls:0 cid:124 opcode:10 cur count:0
02-11 12:52:53.849  2197  2742 E bt_l2cap: system/bt/main/bte_logmsg.cc:191 LogMsg: L2CAP - rcvd ACL for unknown handle:3804 ls:0 cid:125 opcode:10 cur count:0
02-11 12:52:54.086     0     0 I         : c3  19803 google_charger: l=100 vb=4259 vc=4259 c=191 fv=4400000 t=355 s=N/A usb=1 wlc=0
02-11 12:52:54.193     0     0 I         : c3  19803 google_charger: usbchg=USB usbv=4960 usbc=469 usbMv=5000 usbMc=500
02-11 12:52:54.194     0     0 I         : c3  19803 google_charger: MSC_DSG vbatt_idx:2->2 vbatt=4259266 ibatt=191406 fv_uv=4400000 cv_cnt=0 ov_cnt=0
02-11 12:52:54.490 31927 19852 I NearbyDiscovery: loadFastPairModule: checkFeaturesAreAvailable:2 [CONTEXT service_id=265 ]
02-11 12:52:54.499 31927 19852 I NearbyDiscovery: loadFastPairModule: feature request succeeded. [CONTEXT service_id=265 ]
02-11 12:52:54.513 31927 31927 I NearbyDiscovery: DiscoveryService onStartCommand action: com.google.android.gms.nearby.discovery.ACTION_LOG_EVENT [CONTEXT service_id=265 ]
02-11 12:52:54.527 31927 32210 I NearbyDiscovery: DiscoveryLogger: cuj-state=UPDATE LoggedNearbyDiscovery{FAST_PAIR_OPTIONAL_MODULE_REQUEST_SUCCEEDED, deviceType=PHONE, isSeekerLeExtendedAdvertisingSupported=true} [CONTEXT service_id=265 ]
02-11 12:52:54.553  1016  1021 E statsd  : Predicate 5980654721335871649 dropping data for dimension key (10)0x2010101->10124[I] (10)0x30000->IntentOp:.chimera.container.InitConfigOperation[S] 
02-11 12:52:54.556 31927 19853 I ChimeraConfigurator: Starting update, reason: 4 urgentFeatures: fast_pair:-1
02-11 12:52:54.566 31927 19853 W FeatureMgr: Attempted to request and unrequest the same feature: appsearch_impl. Ignoring unrequest.
02-11 12:52:54.567 31927 19853 W FeatureMgr: Attempted to request and unrequest the same feature: spoon_pc. Ignoring unrequest.
02-11 12:52:54.602 31927 19853 D SplitApkMgr: No split info found for com.google.android.gms
02-11 12:52:54.632 31927 19853 I ChimeraConfigurator: Detected pending changes for urgent request: [fast_pair]. Pending module sets: container:2607809290408+fast_pair
02-11 12:52:54.635 31927 19853 D SplitApkMgr: No split info found for com.google.android.gms
02-11 12:52:54.658 31927 19853 D ModuleSetUtils: All Zapp modules in module sets: [[Fastpair.optional:260780100000]]
02-11 12:52:54.659 31927 19853 D ModuleSetUtils: Already downloaded modules: [[AdsFdrDynamite.integ:254380203100000], [Appsearch.optional:260438100400], [BetterTogether.optional:260438100000], [BrellaDynamite.optional:260438100400], [Fastpair.optional:260438100000], [Home.optional:260438100400], [Homegraph.optional:260438100000], [Maps3DDynamite.integ:260280800100400], [MapsCoreDynamite.integ:254515602100400], [MlkitDocscan.optional:260438100400], [MlkitDocscanStain.optional:260438100400], [MlkitDocscanUi.optional:260438100400], [MlkitOcrCommon.optional:260438100400], [PlayCloudSearch.optional:260438100000], [SpoonPc.optional:260438150000], [TfliteDynamiteDynamite.integ:252130102100400], [TfliteGpuDynamiteDynamite.integ:252130102100400], [VisionBarcode.optional:260438100400], [VisionCustomIca.optional:260438100400], [VisionIca.optional:260438100400], [VisionOcr.optional:260438100000], [AdsFdrDynamite.integ:253405700100000], [Cronetdynamite:260780290408], [Dynamiteloader:260780290008], [Dynamitemodulesa:260780290008], [Dynamitemodulesc:260780290008], [Googlecertificates:260780290008], [Mapsdynamite:260780290008], [Measurementdynamite:260780290008], [Maps3DApkUnwrapped:1008040400], [SidecarAps.integ:2052100000]]
02-11 12:52:54.661 31927 19853 D ModuleSetUtils: Zapp diff downloading enabled
02-11 12:52:54.663 31927 19853 D ModuleSetUtils: Use diff base /data/user_de/0/com.google.android.gms/app_chimera/m/000006a0/dl-Fastpair.optional_260438100000.apk for [Fastpair.optional:260780100000]
02-11 12:52:54.664 31927 19853 D ZappDownloader: active network is metered: false
02-11 12:52:54.693 11784 12202 I Finsky  : [138] Module info request for [{Fastpair.optional:260780100000:260438100000}] modules from package com.google.android.gms v=260780147 hasAccount:true authEnabled:false
02-11 12:52:54.764 11784 11784 I Finsky  : [2] Received response for moduleDelivery with status=4
02-11 12:52:54.771 31927 19853 E DynamicModuleDownloader: Zapp module request failed: 1,4
02-11 12:52:54.772 31927 19853 W ZappDownloader: No successful Zapp module downloads for requested modules [Fastpair.optional:260780100000:permitMetered:260438100000:/data/user_de/0/com.google.android.gms/app_chimera/m/000006a0/dl-Fastpair.optional_260438100000.apk].
02-11 12:52:54.772 31927 19853 I GmsDebugLogger: [30] [Fastpair.optional:260780100000]
02-11 12:52:54.784 31927 19853 W ChimeraConfigService: Retry attempt was throttled. [CONTEXT service_id=264 ]
