02-11 12:50:08.433  1856  5195 D ConnectivityService: ConnectivityService NetworkRequestInfo binderDied(uid/pid:10139/10897, android.os.BinderProxy@6267b1e)
02-11 12:50:08.433  1856  2419 D ConnectivityService: ConnectivityService NetworkRequestInfo binderDied(uid/pid:10139/10897, android.os.BinderProxy@f19bfff)
02-11 12:50:08.434  1856  2991 I ActivityManager: Process com.google.android.googlequicksearchbox:search (pid 10897) has died: cch+75 CEM 
02-11 12:50:08.434  1017  1017 I Zygote  : Process 10897 exited due to signal 9 (Killed)
02-11 12:50:08.434  1856  2021 I libprocessgroup: Successfully killed process cgroup uid 10139 pid 10897 in 0ms
02-11 12:50:08.434  1856  2128 D ConnectivityService: releasing NetworkRequest [ REQUEST id=1479, [ Capabilities: INTERNET&NOT_RESTRICTED&TRUSTED&NOT_VCN_MANAGED Uid: 10139 RequestorUid: 10139 RequestorPkg: com.google.android.googlequicksearchbox] ] (release request)
02-11 12:50:08.434  1856  5123 D ConnectivityService: ConnectivityService NetworkRequestInfo binderDied(uid/pid:10139/10897, android.os.BinderProxy@958c359)
02-11 12:50:08.446  1856  2128 D ConnectivityService: releasing NetworkRequest [ REQUEST id=1481, [ Capabilities: INTERNET&NOT_RESTRICTED&TRUSTED&NOT_VCN_MANAGED Uid: 10139 RequestorUid: 10139 RequestorPkg: com.google.android.googlequicksearchbox] ] (release request)
02-11 12:50:08.447  1856  2128 D ConnectivityService: releasing NetworkRequest [ REQUEST id=1484, [ Capabilities: INTERNET&NOT_RESTRICTED&TRUSTED&NOT_VCN_MANAGED Uid: 10139 RequestorUid: 10139 RequestorPkg: com.google.android.googlequicksearchbox] ] (release request)
02-11 12:50:08.451   688   688 I lowmemorykiller: Kill 'com.google.android.youtube' (15842), uid 10163, oom_score_adj 975 to free 47588kB rss, 74652kB swap; reason: low watermark is breached and swap is low (89096kB < 209712kB)
02-11 12:50:08.571 11784 11784 I Finsky  : [2] Memory trim requested to level 40
02-11 12:50:08.573 11909 11909 I Finsky:background: [2] Memory trim requested to level 80
02-11 12:50:08.614 11784 11784 I Finsky  : [2] Flushing in-memory image cache
02-11 12:50:08.617  1017  1017 I Zygote  : Process 15842 exited due to signal 9 (Killed)
02-11 12:50:08.619  1856  2991 I ActivityManager: Process com.google.android.youtube (pid 15842) has died: cch+75 CEM 
02-11 12:50:08.619  1856  5196 D ConnectivityService: ConnectivityService NetworkRequestInfo binderDied(uid/pid:10163/15842, android.os.BinderProxy@4b0a1cc)
02-11 12:50:08.619  1856  2380 D ConnectivityService: ConnectivityService NetworkRequestInfo binderDied(uid/pid:10163/15842, android.os.BinderProxy@493c15)
02-11 12:50:08.619  1856  5123 D ConnectivityService: ConnectivityService NetworkRequestInfo binderDied(uid/pid:10163/15842, android.os.BinderProxy@f545d1b)
02-11 12:50:08.619  1856  2066 D ConnectivityService: ConnectivityService NetworkRequestInfo binderDied(uid/pid:10163/15842, android.os.BinderProxy@92c0eb8)
02-11 12:50:08.619  1856  2128 D ConnectivityService: releasing NetworkRequest [ REQUEST id=1502, [ Capabilities: INTERNET&NOT_RESTRICTED&TRUSTED&NOT_VCN_MANAGED Uid: 10163 RequestorUid: 10163 RequestorPkg: com.google.android.youtube] ] (release request)
02-11 12:50:08.620  1856  2128 D ConnectivityService: releasing NetworkRequest [ REQUEST id=1511, [ Capabilities: INTERNET&NOT_RESTRICTED&TRUSTED&NOT_VCN_MANAGED Uid: 10163 RequestorUid: 10163 RequestorPkg: com.google.android.youtube] ] (release request)
02-11 12:50:08.620  1856  2128 D ConnectivityService: releasing NetworkRequest [ REQUEST id=1504, [ Capabilities: INTERNET&NOT_RESTRICTED&TRUSTED&NOT_VCN_MANAGED Uid: 10163 RequestorUid: 10163 RequestorPkg: com.google.android.youtube] ] (release request)
02-11 12:50:08.620  1856  2128 D ConnectivityService: releasing NetworkRequest [ REQUEST id=1518, [ Capabilities: INTERNET&NOT_RESTRICTED&TRUSTED&NOT_VCN_MANAGED Uid: 10163 RequestorUid: 10163 RequestorPkg: com.google.android.youtube] ] (release request)
02-11 12:50:08.620  1856  5196 D ConnectivityService: ConnectivityService NetworkRequestInfo binderDied(uid/pid:10163/15842, android.os.BinderProxy@cbb2b2a)
02-11 12:50:08.624  1856  2021 I libprocessgroup: Successfully killed process cgroup uid 10163 pid 15842 in 0ms
02-11 12:50:08.672 31983 31983 I AppBase : AppBase.onTrimMemory():287 onTrimMemory(): 15
02-11 12:50:08.681  2197  2742 E bt_l2cap: system/bt/main/bte_logmsg.cc:191 LogMsg: L2CAP - rcvd ACL for unknown handle:3804 ls:0 cid:117 opcode:10 cur count:0
02-11 12:50:08.682 31983 31983 I KeyboardDefCache: MemoryFileCache$1.onTrimMemory():124 clearMemory() for trim memory: 15
02-11 12:50:08.692 31983 31983 I KeyboardDefCache: MemoryFileCache.clearMemory():408 evictAll()
02-11 12:50:08.698 31983 31983 I GoogleInputMethodService: GoogleInputMethodService.onTrimMemory():2838 onTrimMemory(): 15
02-11 12:50:08.834  3485  3530 I ForwardSyncCache: reclaimMemory: Clearing caches
02-11 12:50:08.895  3485  3530 W Bugle   : TextClassifierLibManagerImpl: Reclaiming memory at level: 60
02-11 12:50:09.134   833   833 I tombstoned: received crash request for pid 31983
02-11 12:50:09.134   833   833 I tombstoned: found intercept fd 512 for pid 31983 and type kDebuggerdJavaBacktrace
02-11 12:50:09.134 31983 31988 I putmethod.lati: Wrote stack traces to tombstoned
02-11 12:50:09.136   833   833 W tombstoned: missing output fd
02-11 12:50:09.136  1856 19696 I system_server: libdebuggerd_client: done dumping process 31983
02-11 12:50:09.139  1856 19696 I ActivityManager: Collecting stacks for pid 4664
02-11 12:50:09.140  1856 19696 I system_server: libdebuggerd_client: started dumping process 4664
02-11 12:50:09.144   833   833 I tombstoned: registered intercept for pid 4664 and type kDebuggerdJavaBacktrace
02-11 12:50:09.145  4664  4693 I oid.pixellogge: Thread[6,tid=4693,WaitingInMainSignalCatcherLoop,Thread*=0x72b44126f0,peer=0x12e801c0,"Signal Catcher"]: reacting to signal 3
02-11 12:50:09.145  4664  4693 I oid.pixellogge: 
02-11 12:50:09.202   833   833 I tombstoned: received crash request for pid 4664
02-11 12:50:09.202   833   833 I tombstoned: found intercept fd 512 for pid 4664 and type kDebuggerdJavaBacktrace
02-11 12:50:09.202  4664  4693 I oid.pixellogge: Wrote stack traces to tombstoned
02-11 12:50:09.203   833   833 W tombstoned: missing output fd
02-11 12:50:09.203  1856 19696 I system_server: libdebuggerd_client: done dumping process 4664
02-11 12:50:09.205  1856 19696 I ActivityManager: Collecting stacks for pid 4657
02-11 12:50:09.206  1856 19696 I system_server: libdebuggerd_client: started dumping process 4657
02-11 12:50:09.210   833   833 I tombstoned: registered intercept for pid 4657 and type kDebuggerdJavaBacktrace
02-11 12:50:09.210  4657  4669 I eui:sui_servic: Thread[5,tid=4669,WaitingInMainSignalCatcherLoop,Thread*=0x72b4419630,peer=0x12dc01c0,"Signal Catcher"]: reacting to signal 3
02-11 12:50:09.210  4657  4669 I eui:sui_servic: 
02-11 12:50:09.286   833   833 I tombstoned: received crash request for pid 4657
02-11 12:50:09.286   833   833 I tombstoned: found intercept fd 512 for pid 4657 and type kDebuggerdJavaBacktrace
02-11 12:50:09.287  4657  4669 I eui:sui_servic: Wrote stack traces to tombstoned
02-11 12:50:09.287  1856 19696 I system_server: libdebuggerd_client: done dumping process 4657
02-11 12:50:09.288   833   833 W tombstoned: missing output fd
02-11 12:50:09.290  1856 19696 I ActivityManager: Collecting stacks for pid 4647
02-11 12:50:09.291  1856 19696 I system_server: libdebuggerd_client: started dumping process 4647
02-11 12:50:09.292   833   833 I tombstoned: registered intercept for pid 4647 and type kDebuggerdJavaBacktrace
02-11 12:50:09.292  4647  4653 I RestartDetecto: Thread[6,tid=4653,WaitingInMainSignalCatcherLoop,Thread*=0x72b44126f0,peer=0x12e001c0,"Signal Catcher"]: reacting to signal 3
02-11 12:50:09.292  4647  4653 I RestartDetecto: 
02-11 12:50:09.339   833   833 I tombstoned: received crash request for pid 4647
02-11 12:50:09.339   833   833 I tombstoned: found intercept fd 512 for pid 4647 and type kDebuggerdJavaBacktrace
02-11 12:50:09.340  4647  4653 I RestartDetecto: Wrote stack traces to tombstoned
02-11 12:50:09.340  1856 19696 I system_server: libdebuggerd_client: done dumping process 4647
02-11 12:50:09.341   833   833 W tombstoned: missing output fd
02-11 12:50:09.342  1856 19696 I ActivityManager: Collecting stacks for pid 4627
02-11 12:50:09.343  1856 19696 I system_server: libdebuggerd_client: started dumping process 4627
02-11 12:50:09.343  4627  4636 I .ims.rcsservic: Thread[4,tid=4636,WaitingInMainSignalCatcherLoop,Thread*=0x72b4415e90,peer=0x12f401c0,"Signal Catcher"]: reacting to signal 3
02-11 12:50:09.344  4627  4636 I .ims.rcsservic: 
02-11 12:50:09.344   833   833 I tombstoned: registered intercept for pid 4627 and type kDebuggerdJavaBacktrace
02-11 12:50:09.397   833   833 I tombstoned: received crash request for pid 4627
02-11 12:50:09.397   833   833 I tombstoned: found intercept fd 512 for pid 4627 and type kDebuggerdJavaBacktrace
02-11 12:50:09.397  4627  4636 I .ims.rcsservic: Wrote stack traces to tombstoned
02-11 12:50:09.397   833   833 W tombstoned: missing output fd
02-11 12:50:09.398  1856 19696 I system_server: libdebuggerd_client: done dumping process 4627
02-11 12:50:09.399  1856 19696 I ActivityManager: Collecting stacks for pid 4585
02-11 12:50:09.400  1856 19696 I system_server: libdebuggerd_client: started dumping process 4585
02-11 12:50:09.401   833   833 I tombstoned: registered intercept for pid 4585 and type kDebuggerdJavaBacktrace
02-11 12:50:09.401  4585  4598 I com.android.nf: Thread[5,tid=4598,WaitingInMainSignalCatcherLoop,Thread*=0x72b4419630,peer=0x12f004f0,"Signal Catcher"]: reacting to signal 3
02-11 12:50:09.401  4585  4598 I com.android.nf: 
02-11 12:50:09.530   833   833 I tombstoned: received crash request for pid 4585
02-11 12:50:09.530   833   833 I tombstoned: found intercept fd 512 for pid 4585 and type kDebuggerdJavaBacktrace
02-11 12:50:09.531  4585  4598 I com.android.nf: Wrote stack traces to tombstoned
02-11 12:50:09.531  1856 19696 I system_server: libdebuggerd_client: done dumping process 4585
02-11 12:50:09.531   833   833 W tombstoned: missing output fd
02-11 12:50:09.533  1856 19696 I ActivityManager: Collecting stacks for pid 2475
02-11 12:50:09.536  1856 19696 I system_server: libdebuggerd_client: started dumping process 2475
02-11 12:50:09.536   833   833 I tombstoned: registered intercept for pid 2475 and type kDebuggerdJavaBacktrace
02-11 12:50:09.536  2475  2492 I m.android.phon: Thread[5,tid=2492,WaitingInMainSignalCatcherLoop,Thread*=0x72b441e9a0,peer=0x13e80420,"Signal Catcher"]: reacting to signal 3
02-11 12:50:09.536  2475  2492 I m.android.phon: 
02-11 12:50:09.624   833   833 I tombstoned: received crash request for pid 2475
02-11 12:50:09.624   833   833 I tombstoned: found intercept fd 512 for pid 2475 and type kDebuggerdJavaBacktrace
02-11 12:50:09.624  2475  2492 I m.android.phon: Wrote stack traces to tombstoned
02-11 12:50:09.624   833   833 W tombstoned: missing output fd
02-11 12:50:09.625  1856 19696 I system_server: libdebuggerd_client: done dumping process 2475
02-11 12:50:09.627  1856 19696 I ActivityManager: Collecting stacks for pid 2460
02-11 12:50:09.629  1856 19696 I system_server: libdebuggerd_client: started dumping process 2460
02-11 12:50:09.630   833   833 I tombstoned: registered intercept for pid 2460 and type kDebuggerdJavaBacktrace
02-11 12:50:09.630  2460  2478 I com.android.se: Thread[6,tid=2478,WaitingInMainSignalCatcherLoop,Thread*=0x72b4419630,peer=0x12e801c0,"Signal Catcher"]: reacting to signal 3
02-11 12:50:09.630  2460  2478 I com.android.se: 
02-11 12:50:09.676   833   833 I tombstoned: received crash request for pid 2460
02-11 12:50:09.676   833   833 I tombstoned: found intercept fd 512 for pid 2460 and type kDebuggerdJavaBacktrace
02-11 12:50:09.677  2460  2478 I com.android.se: Wrote stack traces to tombstoned
02-11 12:50:09.677   833   833 W tombstoned: missing output fd
02-11 12:50:09.678  1856 19696 I system_server: libdebuggerd_client: done dumping process 2460
02-11 12:50:09.681  1856 19696 I ActivityManager: Collecting stacks for pid 2444
02-11 12:50:09.682  1856 19696 I system_server: libdebuggerd_client: started dumping process 2444
02-11 12:50:09.683   833   833 I tombstoned: registered intercept for pid 2444 and type kDebuggerdJavaBacktrace
02-11 12:50:09.683  2444  2458 I oid.grilservic: Thread[6,tid=2458,WaitingInMainSignalCatcherLoop,Thread*=0x72b4419630,peer=0x12d801c0,"Signal Catcher"]: reacting to signal 3
02-11 12:50:09.683  2444  2458 I oid.grilservic: 
02-11 12:50:09.725  1067  1184 D VSC     : @ 81629.177: [WO] Proposed rotation: 0, flat angle threshold: 65
02-11 12:50:09.725  1067  1184 D VSC     : @ 81629.177: [WO] orientation angle 4, orientation 0
02-11 12:50:09.725  1067  1184 D VSC     : @ 81629.177: [WO] Gyro angle integrated: 0.009630
02-11 12:50:09.731   833   833 I tombstoned: received crash request for pid 2444
02-11 12:50:09.731   833   833 I tombstoned: found intercept fd 512 for pid 2444 and type kDebuggerdJavaBacktrace
02-11 12:50:09.731  2444  2458 I oid.grilservic: Wrote stack traces to tombstoned
02-11 12:50:09.731   833   833 W tombstoned: missing output fd
02-11 12:50:09.732  1856 19696 I system_server: libdebuggerd_client: done dumping process 2444
02-11 12:50:09.733  1856 19696 I ActivityManager: Collecting stacks for pid 2436
02-11 12:50:09.734  1856 19696 I system_server: libdebuggerd_client: started dumping process 2436
02-11 12:50:09.735   833   833 I tombstoned: registered intercept for pid 2436 and type kDebuggerdJavaBacktrace
02-11 12:50:09.735  2436  2441 I elephonyservic: Thread[5,tid=2441,WaitingInMainSignalCatcherLoop,Thread*=0x72b441e9a0,peer=0x12dc01c0,"Signal Catcher"]: reacting to signal 3
02-11 12:50:09.736  2436  2441 I elephonyservic: 
02-11 12:50:09.786   833   833 I tombstoned: received crash request for pid 2436
02-11 12:50:09.786   833   833 I tombstoned: found intercept fd 512 for pid 2436 and type kDebuggerdJavaBacktrace
02-11 12:50:09.787  2436  2441 I elephonyservic: Wrote stack traces to tombstoned
02-11 12:50:09.788  1856 19696 I system_server: libdebuggerd_client: done dumping process 2436
02-11 12:50:09.789   833   833 W tombstoned: missing output fd
02-11 12:50:09.789  1856 19696 I ActivityManager: Collecting stacks for pid 2393
02-11 12:50:09.792  1856 19696 I system_server: libdebuggerd_client: started dumping process 2393
02-11 12:50:09.793   833   833 I tombstoned: registered intercept for pid 2393 and type kDebuggerdJavaBacktrace
02-11 12:50:09.793  2393  2399 I .dataservices: Thread[6,tid=2399,WaitingInMainSignalCatcherLoop,Thread*=0x72b44126f0,peer=0x12f001c0,"Signal Catcher"]: reacting to signal 3
02-11 12:50:09.793  2393  2399 I .dataservices: 
02-11 12:50:09.847   833   833 I tombstoned: received crash request for pid 2393
02-11 12:50:09.847   833   833 I tombstoned: found intercept fd 512 for pid 2393 and type kDebuggerdJavaBacktrace
02-11 12:50:09.848  2393  2399 I .dataservices: Wrote stack traces to tombstoned
02-11 12:50:09.848   833   833 W tombstoned: missing output fd
02-11 12:50:09.848  1856 19696 I system_server: libdebuggerd_client: done dumping process 2393
02-11 12:50:09.850  1856 19696 I ActivityManager: Collecting stacks for pid 2352
02-11 12:50:09.852  1856 19696 I system_server: libdebuggerd_client: started dumping process 2352
02-11 12:50:09.852   833   833 I tombstoned: registered intercept for pid 2352 and type kDebuggerdJavaBacktrace
02-11 12:50:09.853  2352  2363 I rkstack.proces: Thread[4,tid=2363,WaitingInMainSignalCatcherLoop,Thread*=0x72b44142c0,peer=0x12f401c0,"Signal Catcher"]: reacting to signal 3
02-11 12:50:09.853  2352  2363 I rkstack.proces: 
02-11 12:50:09.923   833   833 I tombstoned: received crash request for pid 2352
02-11 12:50:09.924   833   833 I tombstoned: found intercept fd 512 for pid 2352 and type kDebuggerdJavaBacktrace
02-11 12:50:09.924  2352  2363 I rkstack.proces: Wrote stack traces to tombstoned
02-11 12:50:09.924   833   833 W tombstoned: missing output fd
02-11 12:50:09.924  1856 19696 I system_server: libdebuggerd_client: done dumping process 2352
02-11 12:50:09.926  1856 19696 I ActivityManager: Collecting stacks for pid 2220
02-11 12:50:09.931  1856 19696 I system_server: libdebuggerd_client: started dumping process 2220
02-11 12:50:09.931   833   833 I tombstoned: registered intercept for pid 2220 and type kDebuggerdJavaBacktrace
02-11 12:50:09.932  2220  2226 I ndroid.systemu: Thread[6,tid=2226,WaitingInMainSignalCatcherLoop,Thread*=0x72b44126f0,peer=0x12d40000,"Signal Catcher"]: reacting to signal 3
02-11 12:50:09.932  2220  2226 I ndroid.systemu: 
02-11 12:50:09.819     0     0 I         : c3  19297 google_charger: l=100 vb=4258 vc=4258 c=181 fv=4400000 t=350 s=N/A usb=1 wlc=0
02-11 12:50:09.926     0     0 I         : c3  19297 google_charger: usbchg=USB usbv=4960 usbc=483 usbMv=5000 usbMc=500
02-11 12:50:09.926     0     0 I         : c3  19297 google_charger: MSC_DSG vbatt_idx:2->2 vbatt=4258289 ibatt=181640 fv_uv=4400000 cv_cnt=0 ov_cnt=0
02-11 12:50:10.108  2197  2742 E bt_l2cap: system/bt/main/bte_logmsg.cc:191 LogMsg: L2CAP - rcvd ACL for unknown handle:3804 ls:0 cid:118 opcode:10 cur count:0
02-11 12:50:10.402   833   833 I tombstoned: received crash request for pid 2220
02-11 12:50:10.402   833   833 I tombstoned: found intercept fd 512 for pid 2220 and type kDebuggerdJavaBacktrace
02-11 12:50:10.403  2220  2226 I ndroid.systemu: Wrote stack traces to tombstoned
02-11 12:50:10.403   833   833 W tombstoned: missing output fd
02-11 12:50:10.404  1856 19696 I system_server: libdebuggerd_client: done dumping process 2220
02-11 12:50:10.407  1856 19696 I ActivityManager: Collecting stacks for native pid 708
02-11 12:50:10.408  1856 19696 I system_server: libdebuggerd_client: started dumping process 708
02-11 12:50:10.408   833   833 I tombstoned: registered intercept for pid 708 and type kDebuggerdNativeBacktrace
02-11 12:50:10.410   708   708 I libc    : Requested dump for tid 708 (Binder:708_2)
02-11 12:50:10.460 19738 19738 I crash_dump64: obtaining output fd from tombstoned, type: kDebuggerdNativeBacktrace
02-11 12:50:10.461   833   833 I tombstoned: received crash request for pid 708
02-11 12:50:10.461   833   833 I tombstoned: found intercept fd 512 for pid 708 and type kDebuggerdNativeBacktrace
02-11 12:50:10.462 19738 19738 I crash_dump64: performing dump of process 708 (target tid = 708)
02-11 12:50:10.495  1856 19696 I system_server: libdebuggerd_client: done dumping process 708
02-11 12:50:10.495   833   833 W tombstoned: missing output fd
02-11 12:50:10.496  1856 19696 I ActivityManager: Collecting stacks for native pid 740
02-11 12:50:10.498  1856 19696 I system_server: libdebuggerd_client: started dumping process 740
02-11 12:50:10.498   833   833 I tombstoned: registered intercept for pid 740 and type kDebuggerdNativeBacktrace
02-11 12:50:10.500   740   740 I libc    : Requested dump for tid 740 (Binder:740_2)
02-11 12:50:10.331     0     0 I         : c2      1 init: Untracked pid 19740 exited with status 0
02-11 12:50:10.331     0     0 I         : c2      1 init: Untracked pid 19738 exited with status 0
02-11 12:50:10.525 19743 19743 I crash_dump64: obtaining output fd from tombstoned, type: kDebuggerdNativeBacktrace
02-11 12:50:10.526   833   833 I tombstoned: received crash request for pid 740
02-11 12:50:10.526   833   833 I tombstoned: found intercept fd 512 for pid 740 and type kDebuggerdNativeBacktrace
02-11 12:50:10.527 19743 19743 I crash_dump64: performing dump of process 740 (target tid = 740)
02-11 12:50:10.555  1856 19696 I system_server: libdebuggerd_client: done dumping process 740
02-11 12:50:10.555   833   833 W tombstoned: missing output fd
02-11 12:50:10.556  1856 19696 I ActivityManager: Collecting stacks for native pid 748
02-11 12:50:10.558  1856 19696 I system_server: libdebuggerd_client: started dumping process 748
02-11 12:50:10.558   833   833 I tombstoned: registered intercept for pid 748 and type kDebuggerdNativeBacktrace
02-11 12:50:10.559   748   748 I libc    : Requested dump for tid 748 (surfaceflinger)
02-11 12:50:10.386     0     0 I         : c0      1 init: Untracked pid 19743 exited with status 0
02-11 12:50:10.388     0     0 I         : c3      1 init: Untracked pid 19745 exited with status 0
02-11 12:50:10.614 19748 19748 I crash_dump64: obtaining output fd from tombstoned, type: kDebuggerdNativeBacktrace
02-11 12:50:10.615   833   833 I tombstoned: received crash request for pid 748
02-11 12:50:10.615   833   833 I tombstoned: found intercept fd 512 for pid 748 and type kDebuggerdNativeBacktrace
02-11 12:50:10.615 19748 19748 I crash_dump64: performing dump of process 748 (target tid = 748)
02-11 12:50:10.658  1856 19696 I system_server: libdebuggerd_client: done dumping process 748
02-11 12:50:10.658   833   833 W tombstoned: missing output fd
02-11 12:50:10.659  1856  2128 D ConnectivityService: NetReassign [no changes]
02-11 12:50:10.659  1856 19696 I ActivityManager: Collecting stacks for native pid 985
02-11 12:50:10.660  1856 19696 I system_server: libdebuggerd_client: started dumping process 985
02-11 12:50:10.660   833   833 I tombstoned: registered intercept for pid 985 and type kDebuggerdNativeBacktrace
02-11 12:50:10.661   985   985 I libc    : Requested dump for tid 985 (Binder:985_3)
02-11 12:50:10.490     0     0 I         : c0      1 init: Untracked pid 19748 exited with status 0
02-11 12:50:10.495     0     0 I         : c1      1 init: Untracked pid 19750 exited with status 0
02-11 12:50:10.700 19753 19753 I crash_dump64: obtaining output fd from tombstoned, type: kDebuggerdNativeBacktrace
02-11 12:50:10.701   833   833 I tombstoned: received crash request for pid 985
02-11 12:50:10.701   833   833 I tombstoned: found intercept fd 512 for pid 985 and type kDebuggerdNativeBacktrace
02-11 12:50:10.702 19753 19753 I crash_dump64: performing dump of process 985 (target tid = 985)
02-11 12:50:10.743  1856 19696 I system_server: libdebuggerd_client: done dumping process 985
02-11 12:50:10.743   833   833 W tombstoned: missing output fd
02-11 12:50:10.745  1856 19696 I ActivityManager: Collecting stacks for native pid 1016
02-11 12:50:10.746  1856 19696 I system_server: libdebuggerd_client: started dumping process 1016
02-11 12:50:10.747   833   833 I tombstoned: registered intercept for pid 1016 and type kDebuggerdNativeBacktrace
02-11 12:50:10.748  1016  1016 I libc    : Requested dump for tid 1016 (Binder:1016_2)
02-11 12:50:10.575     0     0 I         : c5      1 init: Untracked pid 19753 exited with status 0
02-11 12:50:10.576     0     0 I         : c4      1 init: Untracked pid 19755 exited with status 0
02-11 12:50:10.777 19758 19758 I crash_dump64: obtaining output fd from tombstoned, type: kDebuggerdNativeBacktrace
02-11 12:50:10.777   833   833 I tombstoned: received crash request for pid 1016
02-11 12:50:10.777   833   833 I tombstoned: found intercept fd 512 for pid 1016 and type kDebuggerdNativeBacktrace
02-11 12:50:10.777 19758 19758 I crash_dump64: performing dump of process 1016 (target tid = 1016)
02-11 12:50:10.806  1856 19696 I system_server: libdebuggerd_client: done dumping process 1016
02-11 12:50:10.806   833   833 W tombstoned: missing output fd
02-11 12:50:10.807  1856 19696 I ActivityManager: Collecting stacks for native pid 1105
02-11 12:50:10.809  1856 19696 I system_server: libdebuggerd_client: started dumping process 1105
02-11 12:50:10.636     0     0 I         : c0      1 init: Untracked pid 19758 exited with status 0
02-11 12:50:10.638     0     0 I         : c0      1 init: Untracked pid 19760 exited with status 0
02-11 12:50:10.812   833   833 I tombstoned: registered intercept for pid 1105 and type kDebuggerdNativeBacktrace
02-11 12:50:10.812  1105  1105 I libc    : Requested dump for tid 1105 (audioserver)
02-11 12:50:10.847 19763 19763 I crash_dump64: obtaining output fd from tombstoned, type: kDebuggerdNativeBacktrace
02-11 12:50:10.848   833   833 I tombstoned: received crash request for pid 1105
02-11 12:50:10.848   833   833 I tombstoned: found intercept fd 512 for pid 1105 and type kDebuggerdNativeBacktrace
02-11 12:50:10.848 19763 19763 I crash_dump64: performing dump of process 1105 (target tid = 1105)
02-11 12:50:10.897  1856 19696 I system_server: libdebuggerd_client: done dumping process 1105
02-11 12:50:10.897   833   833 W tombstoned: missing output fd
02-11 12:50:10.898  1856 19696 I ActivityManager: Collecting stacks for native pid 1229
02-11 12:50:10.900  1856 19696 I system_server: libdebuggerd_client: started dumping process 1229
02-11 12:50:10.900   833   833 I tombstoned: registered intercept for pid 1229 and type kDebuggerdNativeBacktrace
02-11 12:50:10.903  1229  1229 I libc    : Requested dump for tid 1229 (drmserver)
02-11 12:50:10.730     0     0 I         : c4      1 init: Untracked pid 19763 exited with status 0
02-11 12:50:10.738     0     0 I         : c0      1 init: Untracked pid 19765 exited with status 0
02-11 12:50:10.959 19768 19768 I crash_dump32: obtaining output fd from tombstoned, type: kDebuggerdNativeBacktrace
02-11 12:50:10.960   833   833 I tombstoned: received crash request for pid 1229
02-11 12:50:10.960   833   833 I tombstoned: found intercept fd 512 for pid 1229 and type kDebuggerdNativeBacktrace
02-11 12:50:10.961 19768 19768 I crash_dump32: performing dump of process 1229 (target tid = 1229)
02-11 12:50:10.998  1856 19696 I system_server: libdebuggerd_client: done dumping process 1229
02-11 12:50:10.998   833   833 W tombstoned: missing output fd
02-11 12:50:10.999  1856 19696 I ActivityManager: Collecting stacks for native pid 1287
02-11 12:50:11.000  1856 19696 I system_server: libdebuggerd_client: started dumping process 1287
02-11 12:50:11.001   833   833 I tombstoned: registered intercept for pid 1287 and type kDebuggerdNativeBacktrace
02-11 12:50:11.002  1287  1287 I libc    : Requested dump for tid 1287 (cameraserver)
02-11 12:50:10.827     0     0 I         : c4      1 init: Untracked pid 19768 exited with status 0
02-11 12:50:10.829     0     0 I         : c4      1 init: Untracked pid 19770 exited with status 0
02-11 12:50:11.034 19773 19773 I crash_dump64: obtaining output fd from tombstoned, type: kDebuggerdNativeBacktrace
02-11 12:50:11.035   833   833 I tombstoned: received crash request for pid 1287
02-11 12:50:11.035   833   833 I tombstoned: found intercept fd 512 for pid 1287 and type kDebuggerdNativeBacktrace
02-11 12:50:11.036 19773 19773 I crash_dump64: performing dump of process 1287 (target tid = 1287)
02-11 12:50:11.055  1856 19696 I system_server: libdebuggerd_client: done dumping process 1287
02-11 12:50:11.055   833   833 W tombstoned: missing output fd
02-11 12:50:11.056  1856 19696 I ActivityManager: Collecting stacks for native pid 1295
02-11 12:50:11.057  1856 19696 I system_server: libdebuggerd_client: started dumping process 1295
02-11 12:50:11.058   833   833 I tombstoned: registered intercept for pid 1295 and type kDebuggerdNativeBacktrace
02-11 12:50:10.883     0     0 I         : c0      1 init: Untracked pid 19773 exited with status 0
02-11 12:50:11.062   833   833 I tombstoned: received crash request for pid 1295
02-11 12:50:11.062   833   833 I tombstoned: found intercept fd 512 for pid 1295 and type kDebuggerdNativeBacktrace
02-11 12:50:10.887     0     0 I         : c3      1 init: Untracked pid 19775 exited with status 0
02-11 12:50:11.152  1856 19696 I system_server: libdebuggerd_client: done dumping process 1295
02-11 12:50:11.153   833   833 W tombstoned: missing output fd
02-11 12:50:11.154  1856 19696 I ActivityManager: Collecting stacks for native pid 1302
02-11 12:50:11.155  1856 19696 I system_server: libdebuggerd_client: started dumping process 1302
02-11 12:50:11.156   833   833 I tombstoned: registered intercept for pid 1302 and type kDebuggerdNativeBacktrace
02-11 12:50:11.156  1302  1302 I libc    : Requested dump for tid 1302 (mediametrics)
02-11 12:50:11.180 19778 19778 I crash_dump64: obtaining output fd from tombstoned, type: kDebuggerdNativeBacktrace
02-11 12:50:11.181   833   833 I tombstoned: received crash request for pid 1302
02-11 12:50:11.181   833   833 I tombstoned: found intercept fd 512 for pid 1302 and type kDebuggerdNativeBacktrace
02-11 12:50:11.181 19778 19778 I crash_dump64: performing dump of process 1302 (target tid = 1302)
02-11 12:50:11.207  1856 19696 I system_server: libdebuggerd_client: done dumping process 1302
02-11 12:50:11.207   833   833 W tombstoned: missing output fd
02-11 12:50:11.209  1856 19696 I ActivityManager: Collecting stacks for native pid 1303
02-11 12:50:11.211  1856 19696 I system_server: libdebuggerd_client: started dumping process 1303
02-11 12:50:11.211   833   833 I tombstoned: registered intercept for pid 1303 and type kDebuggerdNativeBacktrace
02-11 12:50:11.212  1303  1303 I libc    : Requested dump for tid 1303 (mediaserver)
02-11 12:50:11.037     0     0 I         : c0      1 init: Untracked pid 19778 exited with status 0
02-11 12:50:11.041     0     0 I         : c2      1 init: Untracked pid 19780 exited with status 0
02-11 12:50:11.247 19784 19784 I crash_dump32: obtaining output fd from tombstoned, type: kDebuggerdNativeBacktrace
02-11 12:50:11.247   833   833 I tombstoned: received crash request for pid 1303
02-11 12:50:11.247   833   833 I tombstoned: found intercept fd 512 for pid 1303 and type kDebuggerdNativeBacktrace
02-11 12:50:11.247 19784 19784 I crash_dump32: performing dump of process 1303 (target tid = 1303)
02-11 12:50:11.293  1856 19696 I system_server: libdebuggerd_client: done dumping process 1303
02-11 12:50:11.293   833   833 W tombstoned: missing output fd
02-11 12:50:11.295  1856 19696 I ActivityManager: Collecting stacks for native pid 1406
02-11 12:50:11.295  1856 19696 I system_server: libdebuggerd_client: started dumping process 1406
02-11 12:50:11.296   833   833 I tombstoned: registered intercept for pid 1406 and type kDebuggerdNativeBacktrace
02-11 12:50:11.299   833   833 I tombstoned: received crash request for pid 1406
02-11 12:50:11.299   833   833 I tombstoned: found intercept fd 512 for pid 1406 and type kDebuggerdNativeBacktrace
02-11 12:50:11.123     0     0 I         : c0      1 init: Untracked pid 19784 exited with status 0
02-11 12:50:11.125     0     0 I         : c0      1 init: Untracked pid 19786 exited with status 0
02-11 12:50:11.397  1856 19696 I system_server: libdebuggerd_client: done dumping process 1406
02-11 12:50:11.397   833   833 W tombstoned: missing output fd
02-11 12:50:11.398  1856 19696 I ActivityManager: Collecting stacks for native pid 1412
02-11 12:50:11.399  1856 19696 I system_server: libdebuggerd_client: started dumping process 1412
02-11 12:50:11.400   833   833 I tombstoned: registered intercept for pid 1412 and type kDebuggerdNativeBacktrace
02-11 12:50:11.401   833   833 I tombstoned: received crash request for pid 1412
02-11 12:50:11.401   833   833 I tombstoned: found intercept fd 512 for pid 1412 and type kDebuggerdNativeBacktrace
02-11 12:50:11.571   833   833 W tombstoned: missing output fd
02-11 12:50:11.571  1856 19696 I system_server: libdebuggerd_client: done dumping process 1412
02-11 12:50:11.572  1856 19696 I ActivityManager: Collecting stacks for native pid 2197
02-11 12:50:11.576  1856 19696 I system_server: libdebuggerd_client: started dumping process 2197
02-11 12:50:11.577   833   833 I tombstoned: registered intercept for pid 2197 and type kDebuggerdNativeBacktrace
02-11 12:50:11.577  2197  2197 I libc    : Requested dump for tid 2197 (droid.bluetooth)
02-11 12:50:11.665 19789 19789 I crash_dump64: obtaining output fd from tombstoned, type: kDebuggerdNativeBacktrace
02-11 12:50:11.665   833   833 I tombstoned: received crash request for pid 2197
02-11 12:50:11.665   833   833 I tombstoned: found intercept fd 512 for pid 2197 and type kDebuggerdNativeBacktrace
02-11 12:50:11.666 19789 19789 I crash_dump64: performing dump of process 2197 (target tid = 2197)
02-11 12:50:11.724  1067  1184 D VSC     : @ 81631.177: [WO] Proposed rotation: 0, flat angle threshold: 65
02-11 12:50:11.724  1067  1184 D VSC     : @ 81631.177: [WO] orientation angle 4, orientation 0
02-11 12:50:11.724  1067  1184 D VSC     : @ 81631.177: [WO] Gyro angle integrated: 0.065856
02-11 12:50:11.952     0     0 I         : c3  19297 google_charger: l=100 vb=4277 vc=4277 c=111 fv=4400000 t=350 s=N/A usb=1 wlc=0
02-11 12:50:12.226  1856 19696 I system_server: libdebuggerd_client: done dumping process 2197
02-11 12:50:12.226   833   833 W tombstoned: missing output fd
02-11 12:50:12.229  1856 19696 I ActivityManager: Collecting stacks for extra pid 31927
02-11 12:50:12.236  1856 19696 I system_server: libdebuggerd_client: started dumping process 31927
02-11 12:50:12.237   833   833 I tombstoned: registered intercept for pid 31927 and type kDebuggerdJavaBacktrace
02-11 12:50:12.237 31927 31932 I gle.android.gm: Thread[4,tid=31932,WaitingInMainSignalCatcherLoop,Thread*=0x72b441e9a0,peer=0x148c01f8,"Signal Catcher"]: reacting to signal 3
02-11 12:50:12.237 31927 31932 I gle.android.gm: 
02-11 12:50:12.063     0     0 I         : c3  19297 google_charger: usbchg=USB usbv=4960 usbc=483 usbMv=5000 usbMc=500
02-11 12:50:12.063     0     0 I         : c3  19297 google_charger: MSC_DSG vbatt_idx:2->2 vbatt=4277576 ibatt=111328 fv_uv=4400000 cv_cnt=0 ov_cnt=0
02-11 12:50:12.070     0     0 I         : c4      1 init: Untracked pid 19789 exited with status 0
02-11 12:50:12.080     0     0 I         : c0      1 init: Untracked pid 19791 exited with status 0
02-11 12:50:13.035   833   833 I tombstoned: received crash request for pid 31927
02-11 12:50:13.035   833   833 I tombstoned: found intercept fd 512 for pid 31927 and type kDebuggerdJavaBacktrace
02-11 12:50:13.036   833   833 W tombstoned: missing output fd
02-11 12:50:13.036 31927 31932 I gle.android.gm: Wrote stack traces to tombstoned
02-11 12:50:13.036  1856 19696 I system_server: libdebuggerd_client: done dumping process 31927
02-11 12:50:13.038  1856 19696 I ActivityManager: Collecting stacks for extra pid 14966
02-11 12:50:13.041  1856 19696 I system_server: libdebuggerd_client: started dumping process 14966
02-11 12:50:13.041   833   833 I tombstoned: registered intercept for pid 14966 and type kDebuggerdJavaBacktrace
02-11 12:50:13.042 14966 14971 I gms.maps3d.dem: Thread[5,tid=14971,WaitingInMainSignalCatcherLoop,Thread*=0x72b44142c0,peer=0x142801c0,"Signal Catcher"]: reacting to signal 3
02-11 12:50:13.042 14966 14971 I gms.maps3d.dem: 
02-11 12:50:13.268   833   833 I tombstoned: received crash request for pid 14966
02-11 12:50:13.268   833   833 I tombstoned: found intercept fd 512 for pid 14966 and type kDebuggerdJavaBacktrace
02-11 12:50:13.269   833   833 W tombstoned: missing output fd
02-11 12:50:13.269 14966 14971 I gms.maps3d.dem: Wrote stack traces to tombstoned
02-11 12:50:13.269  1856 19696 I system_server: libdebuggerd_client: done dumping process 14966
02-11 12:50:13.271  1856 19696 I ActivityManager: Done dumping
02-11 12:50:13.316  1856 19696 E ActivityManager: ANR in com.example.maps3dkotlin (com.example.maps3dkotlin/.markers.MarkersActivity)
02-11 12:50:13.316  1856 19696 E ActivityManager: PID: 19660
02-11 12:50:13.316  1856 19696 E ActivityManager: Reason: Input dispatching timed out (e1fa08f com.example.maps3dkotlin/com.example.maps3dkotlin.markers.MarkersActivity (server) is not responding. Waited 5005ms for FocusEvent(hasFocus=true))
02-11 12:50:13.316  1856 19696 E ActivityManager: Parent: com.example.maps3dkotlin/.markers.MarkersActivity
02-11 12:50:13.316  1856 19696 E ActivityManager: ErrorId: d3a387f8-8320-40b5-8f7f-93a9cfcc307e
02-11 12:50:13.316  1856 19696 E ActivityManager: Frozen: false
02-11 12:50:13.316  1856 19696 E ActivityManager: Load: 3.95 / 4.05 / 3.62
02-11 12:50:13.316  1856 19696 E ActivityManager: ----- Output from /proc/pressure/memory -----
02-11 12:50:13.316  1856 19696 E ActivityManager: some avg10=1.07 avg60=0.38 avg300=0.71 total=259765190
02-11 12:50:13.316  1856 19696 E ActivityManager: full avg10=0.14 avg60=0.11 avg300=0.34 total=93244555
02-11 12:50:13.316  1856 19696 E ActivityManager: ----- End output from /proc/pressure/memory -----
02-11 12:50:13.316  1856 19696 E ActivityManager: 
02-11 12:50:13.316  1856 19696 E ActivityManager: CPU usage from 0ms to 6310ms later (2026-02-11 12:50:06.961 to 2026-02-11 12:50:13.271):
02-11 12:50:13.316  1856 19696 E ActivityManager:   204% 19660/com.example.maps3dkotlin: 177% user + 26% kernel / faults: 65022 minor 159 major
02-11 12:50:13.316  1856 19696 E ActivityManager:   20% 144/kswapd0: 0% user + 20% kernel
02-11 12:50:13.316  1856 19696 E ActivityManager:   18% 31927/com.google.android.gms: 12% user + 6% kernel / faults: 9088 minor 3063 major
02-11 12:50:13.316  1856 19696 E ActivityManager:   16% 748/surfaceflinger: 11% user + 5.5% kernel / faults: 909 minor 7 major
02-11 12:50:13.316  1856 19696 E ActivityManager:   16% 1856/system_server: 7.9% user + 8.2% kernel / faults: 4531 minor 349 major
02-11 12:50:13.316  1856 19696 E ActivityManager:   10% 31983/com.google.android.inputmethod.latin: 7.1% user + 3.6% kernel / faults: 2659 minor 813 major
02-11 12:50:13.316  1856 19696 E ActivityManager:   7.7% 447/mmc-cmdqd/0: 0% user + 7.7% kernel
02-11 12:50:13.316  1856 19696 E ActivityManager:   7.1% 2220/com.android.systemui: 4.7% user + 2.3% kernel / faults: 3169 minor 165 major
02-11 12:50:13.316  1856 19696 E ActivityManager:   4.9% 14251/adbd: 2% user + 2.8% kernel / faults: 869 minor 6 major
02-11 12:50:13.316  1856 19696 E ActivityManager:   4.5% 750/android.hardware.graphics.composer@2.2-service: 2.5% user + 2% kernel / faults: 3 minor 9 major
02-11 12:50:13.316  1856 19696 E ActivityManager:   4.1% 14966/com.google.gms.maps3d.demo: 2.8% user + 1.2% kernel / faults: 2273 minor 86 major
02-11 12:50:13.316  1856 19696 E ActivityManager:   3.3% 263/kgsl_worker_thr: 0% user + 3.3% kernel
02-11 12:50:13.316  1856 19696 E ActivityManager:   2.6% 12861/kworker/u16:11: 0% user + 2.6% kernel
02-11 12:50:13.316  1856 19696 E ActivityManager:   2.3% 686/logd: 0.6% user + 1.7% kernel / faults: 13 minor
02-11 12:50:13.316  1856 19696 E ActivityManager:   0% 1412/media.swcodec: 0% user + 0% kernel / faults: 3851 minor 18 major
02-11 12:50:13.316  1856 19696 E ActivityManager:   2.3% 16164/kworker/u16:14: 0% user + 2.3% kernel
02-11 12:50:13.316  1856 19696 E ActivityManager:   2.2% 308/crtc_commit:97: 0% user + 2.2% kernel
02-11 12:50:13.316  1856 19696 E ActivityManager:   1.9% 15971/kworker/u16:0: 0% user + 1.9% kernel
02-11 12:50:13.316  1856 19696 E ActivityManager:   1.7% 4585/com.android.nfc: 1.4% user + 0.3% kernel / faults: 1230 minor 57 major
02-11 12:50:13.316  1856 19696 E ActivityManager:   1.7% 18548/kworker/u16:12: 0% user + 1.7% kernel
02-11 12:50:13.316  1856 19696 E ActivityManager:   1.4% 688/lmkd: 0.3% user + 1.1% kernel
02-11 12:50:13.316  1856 19696 E ActivityManager:   0% 1406/media.codec: 0% user + 0% kernel / faults: 2011 minor 11 major
02-11 12:50:13.316  1856 19696 E ActivityManager:   1.2% 703/sugov:0: 0% user + 1.2% kernel
02-11 12:50:13.316  1856 19696 E ActivityManager:   0% 1295/media.extractor: 0% user + 0% kernel / faults: 2168 minor 8 major
02-11 12:50:13.316  1856 19696 E ActivityManager:   1.2% 2352/com.android.networkstack.process: 0.9% user + 0.3% kernel / faults: 820 minor 38 major
02-11 12:50:13.316  1856 19696 E ActivityManager:   1.1% 96/kcompactd0: 0% user + 1.1% kernel
02-11 12:50:13.316  1856 19696 E ActivityManager:   1.1% 2475/com.android.phone: 0.7% user + 0.3% kernel / faults: 832 minor 113 major
02-11 12:50:13.316  1856 19696 E ActivityManager:   0% 2393/.dataservices: 0% user + 0% kernel / faults: 733 minor 41 major
02-11 12:50:13.316  1856 19696 E ActivityManager:   0% 4657/com.qualcomm.qti.services.secureui:sui_service: 0% user + 0% kernel / faults: 826 minor 48 major
02-11 12:50:13.316  1856 19696 E ActivityManager:   0.9% 15972/kworker/u16:13: 0% user + 0.9% kernel
02-11 12:50:13.316  1856 19696 E ActivityManager:   0.7% 1234/logcat: 0.4% user + 0.3% kernel
02-11 12:50:13.316  1856 19696 E ActivityManager:   0% 2436/com.qualcomm.qti.telephonyservice: 0% user + 0% kernel / faults: 727 minor 22 major
02-11 12:50:13.316  1856 19696 E ActivityManager:   0% 2460/com.android.se: 0% user + 0% kernel / faults: 726 minor 27 major
02-11 12:50:13.316  1856 19696 E ActivityManager:   0% 4627/com.android.ims.rcsservice: 0% user + 0% kernel / faults: 704 minor 41 major
02-11 12:50:13.316  1856 19696 E ActivityManager:   0% 4664/com.android.pixellogger: 0% user + 0% kernel / faults: 694 minor 40 major
02-11 12:50:13.316  1856 19696 E ActivityManager:   0.7% 19641/logcat: 0.3% user + 0.4% kernel
02-11 12:50:13.316  1856 19696 E ActivityManager:   0.6% 7/rcu_preempt: 0% user + 0.6% kernel
02-11 12:50:13.316  1856 19696 E ActivityManager:   0.6% 38/ksoftirqd/3: 0% user + 0.6% kernel
02-11 12:50:13.316  1856 19696 E ActivityManager:   0% 833/tombstoned: 0% user + 0% kernel
02-11 12:50:13.316  1856 19696 E ActivityManager:   0.6% 985/netd: 0.3% user + 0.3% kernel / faults: 89 minor 2 major
02-11 12:50:13.316  1856 19696 E ActivityManager:   0.6% 1016/statsd: 0.4% user + 0.1% kernel / faults: 64 minor 4 major
02-11 12:50:13.316  1856 19696 E ActivityManager:   0.6% 1080/vendor.google.wifi_ext@1.0-service-vendor: 0.4% user + 0.1% kernel / faults: 77 minor 17 major
02-11 12:50:13.316  1856 19696 E ActivityManager:   0.6% 1146/kworker/u17:1: 0% user + 0.6% kernel
02-11 12:50:13.316  1856 19696 E ActivityManager:   0.6% 2197/com.android.bluetooth: 0.1% user + 0.4% kernel / faults: 231 minor 35 major
02-11 12:50:13.316  1856 19696 E ActivityManager:   0% 2444/com.google.android.grilservice: 0% user + 0% kernel / faults: 727 minor 31 major
02-11 12:50:13.316  1856 19696 E ActivityManager:   0% 4647/com.google.SSRestartDetector: 0% user + 0% kernel / faults: 698 minor 26 major
02-11 12:50:13.316  1856 19696 E ActivityManager:   0.6% 15141/process-tracker: 0.1% user + 0.4% kernel
02-11 12:50:13.316  1856 19696 E ActivityManager:   0.6% 15729/logcat: 0% user + 0.6% kernel
02-11 12:50:13.316  1856 19696 E ActivityManager:   0.6% 15843/com.google.android.apps.youtube.music: 0.1% user + 0.4% kernel / faults: 102 minor 95 major
02-11 12:50:13.316  1856 19696 E ActivityManager:   0.4% 68/rcuop/6: 0% user + 0.4% kernel
02-11 12:50:13.316  1856 19696 E ActivityManager:   0.4% 309/crtc_event:97: 0% user + 0.4% kernel
02-11 12:50:13.316  1856 19696 E ActivityManager:   0.4% 704/sugov:6: 0% user + 0.4% kernel
02-11 12:50:13.316  1856 19696 E ActivityManager:   0.4% 3485/com.google.android.apps.messaging: 0.1% user + 0.3% kernel / faults: 205 minor 177 major
02-11 12:50:13.316  1856 19696 E ActivityManager:   0.4% 15139/process-tracker: 0% user + 0.4% kernel
02-11 12:50:13.316  1856 19696 E ActivityManager:   0% 16167/kworker/u16:17: 0% user + 0% kernel
02-11 12:50:13.316  1856 19696 E ActivityManager:   0% 18309/com.example.placesdemo: 0% user + 0% kernel / faults: 168 minor 300 major
02-11 12:50:13.316  1856 19696 E ActivityManager:   0.4% 19297/kworker/3:0: 0% user + 0.4% kernel
02-11 12:50:13.316  1856 19696 E ActivityManager:   0% 13/migration/0: 0% user + 0% kernel
02-11 12:50:13.316  1856 19696 E ActivityManager:   0.3% 32/rcuop/2: 0% user + 0.3% kernel
02-11 12:50:13.316  1856 19696 E ActivityManager:   0.3% 707/perfstatsd: 0% user + 0.3% kernel / faults: 5 minor 7 major
02-11 12:50:13.316  1856 19696 E ActivityManager:   0.3% 757/kworker/3:1H: 0% user + 0.3% kernel
02-11 12:50:13.316  1856 19696 E ActivityManager:   0.3% 897/loop20: 0% user + 0.3% kernel
02-11 12:50:13.316  1856 19696 E ActivityManager:   0.3% 1105/audioserver: 0% user + 0.3% kernel / faults: 58 minor 21 major
02-11 12:50:13.316  1856 19696 E ActivityManager:   0.3% 2181/cds_ol_rx_threa: 0% user + 0.3% kernel
02-11 12:50:13.316  1856 19696 E ActivityManager:   0.3% 13999/kworker/u16:9: 0% user + 0.3% kernel
02-11 12:50:13.316  1856 19696 E ActivityManager:   0% 18521/com.google.maps.android.compose: 0% user + 0% kernel / faults: 183 minor 394 major
02-11 12:50:13.316  1856 19696 E ActivityManager:   0.1% 8/rcu_sched: 0% user + 0.1% kernel
02-11 12:50:13.316  1856 19696 E ActivityManager:   0.1% 10/rcuop/0: 0% user + 0.1% kernel
02-11 12:50:13.316  1856 19696 E ActivityManager:   0.1% 19/migration/1: 0% user + 0.1% kernel
02-11 12:50:13.316  1856 19696 E ActivityManager:   0% 28/migration/2: 0% user + 0% kernel
02-11 12:50:13.316  1856 19696 E ActivityManager:   0% 33/rcuos/2: 0% user + 0% kernel
02-11 12:50:13.316  1856 19696 E ActivityManager:   0.1% 37/migration/3: 0% user + 0.1% kernel
02-11 12:50:13.316  1856 19696 E ActivityManager:   0.1% 50/rcuop/4: 0% user + 0.1% kernel
02-11 12:50:13.316  1856 19696 E ActivityManager:   0% 55/migration/5: 0% user + 0% kernel
02-11 12:50:13.316  1856 19696 E ActivityManager:   0.1% 56/ksoftirqd/5: 0% user + 0.1% kernel
02-11 12:50:13.316  1856 19696 E ActivityManager:   0.1% 59/rcuop/5: 0% user + 0.1% kernel
02-11 12:50:13.316  1856 19696 E ActivityManager:   0% 69/rcuos/6: 0% user + 0% kernel
02-11 12:50:13.316  1856 19696 E ActivityManager:   0.1% 77/rcuop/7: 0% user + 0.1% kernel
02-11 12:50:13.316  1856 19696 E ActivityManager:   0.1% 103/kworker/u17:0: 0% user + 0.1% kernel
02-11 12:50:13.316  1856 19696 E ActivityManager:   0% 542/kworker/0:1H: 0% user + 0% kernel
02-11 12:50:13.316  1856 19696 E ActivityManager:   0% 675/loop2: 0% user + 0% kernel
02-11 12:50:13.316  1856 19696 E ActivityManager:   0.1% 739/android.system.suspend@1.0-service: 0% user + 0.1% kernel
02-11 12:50:13.316  1856 19696 E ActivityManager:   0.1% 753/vendor.qti.hardware.display.allocator@1.0-service: 0% user + 0.1% kernel
02-11 12:50:13.316  1856 19696 E ActivityManager:   0.1% 840/wlan_logging_th: 0% user + 0.1% kernel
02-11 12:50:13.316  1856 19696 E ActivityManager:   0% 864/loop5: 0% user + 0% kernel
02-11 12:50:13.316  1856 19696 E ActivityManager:   0% 872/loop9: 0% user + 0% kernel
02-11 12:50:13.316  1856 19696 E ActivityManager:   0% 935/loop27: 0% user + 0% kernel
02-11 12:50:13.316  1856 19696 E ActivityManager:   0.1% 1103/msm_irqbalance: 0% user + 0.1% kernel / faults: 1 minor 1 major
02-11 12:50:13.316  1856 19696 E ActivityManager:   0% 1247/traced: 0% user + 0% kernel / faults: 21 minor 13 major
02-11 12:50:13.316  1856 19696 E ActivityManager:   0.1% 1276/ipacm: 0% user + 0.1% kernel / faults: 19 minor 1 major
02-11 12:50:13.316  1856 19696 E ActivityManager:   0% 1287/cameraserver: 0% user + 0% kernel / faults: 66 minor 6 major
02-11 12:50:13.316  1856 19696 E ActivityManager:   0% 1303/mediaserver: 0% user + 0% kernel / faults: 130 minor 22 major
02-11 12:50:13.316  1856 19696 E ActivityManager:   0.1% 10161/com.google.android.googlequicksearchbox:interactor: 0% user + 0.1% kernel / faults: 16 minor 50 major
02-11 12:50:13.316  1856 19696 E ActivityManager:   0.1% 11784/com.android.vending: 0% user + 0.1% kernel / faults: 8 minor 7 major
02-11 12:50:13.316  1856 19696 E ActivityManager:   0% 13659/com.google.android.volta: 0% user + 0% kernel / faults: 42 minor 79 major
02-11 12:50:13.316  1856 19696 E ActivityManager:   0.1% 17392/kworker/2:0: 0% user + 0.1% kernel / faults: 1 minor
02-11 12:50:13.316  1856 19696 E ActivityManager:   0.1% 17805/kworker/5:1: 0% user + 0.1% kernel
02-11 12:50:13.316  1856 19696 E ActivityManager:   0% 18073/com.google.places.android.ktx.demo.newapi: 0% user + 0% kernel / faults: 186 minor 352 major
02-11 12:50:13.316  1856 19696 E ActivityManager:   0% 18169/com.sphericalchickens.androidplacescomposedemo: 0% user + 0% kernel / faults: 172 minor 342 major
02-11 12:50:13.316  1856 19696 E ActivityManager:   0% 18413/com.google.maps.android.ktx.demo: 0% user + 0% kernel / faults: 124 minor 236 major
02-11 12:50:13.316  1856 19696 E ActivityManager:   0% 18870/com.android.keychain: 0% user + 0% kernel / faults: 20 minor 31 major
02-11 12:50:13.316  1856 19696 E ActivityManager:   0% 19066/com.google.android.documentsui: 0% user + 0% kernel / faults: 40 minor 37 major
02-11 12:50:13.316  1856 19696 E ActivityManager:   0.1% 19118/com.google.android.videos: 0% user + 0.1% kernel / faults: 76 minor 87 major
02-11 12:50:13.316  1856 19696 E ActivityManager:   0.1% 19302/kworker/0:1: 0% user + 0.1% kernel / faults: 3 minor
02-11 12:50:13.316  1856 19696 E ActivityManager:   0.1% 19318/kworker/1:0: 0% user + 0.1% kernel / faults: 1 minor
02-11 12:50:13.316  1856 19696 E ActivityManager:   0.1% 19377/kworker/4:2: 0% user + 0.1% kernel
02-11 12:50:13.316  1856 19696 E ActivityManager:   0.1% 25897/com.google.android.apps.tycho:ims: 0% user + 0.1% kernel / faults: 86 minor 132 major
02-11 12:50:13.316  1856 19696 E ActivityManager:  +0% 19733/kworker/5:2: 0% user + 0% kernel
02-11 12:50:13.316  1856 19696 E ActivityManager: 55% TOTAL: 32% user + 16% kernel + 2.9% iowait + 2.1% irq + 1.3% softirq
02-11 12:50:13.316  1856 19696 E ActivityManager: CPU usage from 62ms to 483ms later (2026-02-11 12:50:07.023 to 2026-02-11 12:50:07.445) with 99% awake:
02-11 12:50:13.316  1856 19696 E ActivityManager:   223% 19660/com.example.maps3dkotlin: 194% user + 29% kernel / faults: 5446 minor 70 major
02-11 12:50:13.316  1856 19696 E ActivityManager:     54% 19707/GLThread 73: 54% user + 0% kernel
02-11 12:50:13.316  1856 19696 E ActivityManager:     33% 19660/le.maps3dkotlin: 33% user + 0% kernel
02-11 12:50:13.316  1856 19696 E ActivityManager:     29% 19704/grpc-okhttp-0: 29% user + 0% kernel
02-11 12:50:13.316  1856 19696 E ActivityManager:     21% 19669/Jit thread pool: 16% user + 4.2% kernel
02-11 12:50:13.316  1856 19696 E ActivityManager:     8.4% 19679/RenderThread: 4.2% user + 4.2% kernel
02-11 12:50:13.316  1856 19696 E ActivityManager:     8.4% 19705/grpc-okhttp-1: 8.4% user + 0% kernel
