02-11 12:50:13.316  1856 19696 E ActivityManager:     8.4% 19706/GoogleApiHandle: 8.4% user + 0% kernel
02-11 12:50:13.316  1856 19696 E ActivityManager:    +0% 19708/EmojiCompatInit: 0% user + 0% kernel
02-11 12:50:13.316  1856 19696 E ActivityManager:    +0% 19710/Binder:19660_2: 0% user + 0% kernel
02-11 12:50:13.316  1856 19696 E ActivityManager:    +0% 19712/Thread-3: 0% user + 0% kernel
02-11 12:50:13.316  1856 19696 E ActivityManager:    +0% 19713/Thread-5: 0% user + 0% kernel
02-11 12:50:13.316  1856 19696 E ActivityManager:    +0% 19714/Thread-6: 0% user + 0% kernel
02-11 12:50:13.316  1856 19696 E ActivityManager:    +0% 19715/Thread-7: 0% user + 0% kernel
02-11 12:50:13.316  1856 19696 E ActivityManager:    +0% 19716/Thread-8: 0% user + 0% kernel
02-11 12:50:13.316  1856 19696 E ActivityManager:    +0% 19717/POSIX timer 0: 0% user + 0% kernel
02-11 12:50:13.316  1856 19696 E ActivityManager:    +0% 19718/Thread-10: 0% user + 0% kernel
02-11 12:50:13.316  1856 19696 E ActivityManager:    +0% 19719/Thread-12: 0% user + 0% kernel
02-11 12:50:13.316  1856 19696 E ActivityManager:    +0% 19720/Thread-9: 0% user + 0% kernel
02-11 12:50:13.316  1856 19696 E ActivityManager:    +0% 19721/Thread-11: 0% user + 0% kernel
02-11 12:50:13.316  1856 19696 E ActivityManager:    +0% 19722/Thread-13: 0% user + 0% kernel
02-11 12:50:13.316  1856 19696 E ActivityManager:   101% 31927/com.google.android.gms: 88% user + 13% kernel / faults: 2657 minor 379 major
02-11 12:50:13.316  1856 19696 E ActivityManager:     66% 31951/Profile Saver: 66% user + 0% kernel
02-11 12:50:13.316  1856 19696 E ActivityManager:     30% 32710/Binder:31927_F: 22% user + 8.8% kernel
02-11 12:50:13.316  1856 19696 E ActivityManager:     4.4% 19602/lowpool[591]: 0% user + 4.4% kernel
02-11 12:50:13.316  1856 19696 E ActivityManager:   46% 1856/system_server: 18% user + 28% kernel / faults: 599 minor 4 major
02-11 12:50:13.316  1856 19696 E ActivityManager:     34% 19696/AnrConsumer: 12% user + 21% kernel
02-11 12:50:13.316  1856 19696 E ActivityManager:     6.2% 5195/Binder:1856_1E: 6.2% user + 0% kernel
02-11 12:50:13.316  1856 19696 E ActivityManager:     3.1% 5196/Binder:1856_1F: 3.1% user + 0% kernel
02-11 12:50:13.316  1856 19696 E ActivityManager:   17% 144/kswapd0: 0% user + 17% kernel
02-11 12:50:13.316  1856 19696 E ActivityManager:   18% 14966/com.google.gms.maps3d.demo: 15% user + 3.7% kernel / faults: 953 minor 16 major
02-11 12:50:13.316  1856 19696 E ActivityManager:     18% 14975/HeapTaskDaemon: 15% user + 3.7% kernel
02-11 12:50:13.316  1856 19696 E ActivityManager:     3.7% 15017/Binder:14966_4: 0% user + 3.7% kernel
02-11 12:50:13.316  1856 19696 E ActivityManager:   10% 447/mmc-cmdqd/0: 0% user + 10% kernel
02-11 12:50:13.316  1856 19696 E ActivityManager:   10% 748/surfaceflinger: 5.4% user + 5.4% kernel / faults: 2 minor 7 major
02-11 12:50:13.316  1856 19696 E ActivityManager:     5.4% 748/surfaceflinger: 2.7% user + 2.7% kernel
02-11 12:50:13.316  1856 19696 E ActivityManager:     2.7% 783/RenderEngine: 0% user + 2.7% kernel
02-11 12:50:13.316  1856 19696 E ActivityManager:     2.7% 809/TimerDispatch: 0% user + 2.7% kernel
02-11 12:50:13.316  1856 19696 E ActivityManager:     2.7% 810/app: 0% user + 2.7% kernel
02-11 12:50:13.316  1856 19696 E ActivityManager:   4.8% 96/kcompactd0: 0% user + 4.8% kernel
02-11 12:50:13.316  1856 19696 E ActivityManager:   5.3% 688/lmkd: 0% user + 5.3% kernel
02-11 12:50:13.316  1856 19696 E ActivityManager:   7.4% 14251/adbd: 3.7% user + 3.7% kernel
02-11 12:50:13.316  1856 19696 E ActivityManager:     3.7% 14251/adbd: 3.7% user + 0% kernel
02-11 12:50:13.316  1856 19696 E ActivityManager:     3.7% 19645/shell svc 19641: 0% user + 3.7% kernel
02-11 12:50:13.316  1856 19696 E ActivityManager:   2.3% 38/ksoftirqd/3: 0% user + 2.3% kernel
02-11 12:50:13.316  1856 19696 E ActivityManager:   2.5% 308/crtc_commit:97: 0% user + 2.5% kernel
02-11 12:50:13.316  1856 19696 E ActivityManager:   2.6% 686/logd: 0% user + 2.6% kernel / faults: 1 minor
02-11 12:50:13.316  1856 19696 E ActivityManager:     2.6% 1397/logd.reader.per: 0% user + 2.6% kernel
02-11 12:50:13.316  1856 19696 E ActivityManager:   3.6% 12861/kworker/u16:11: 0% user + 3.6% kernel
02-11 12:50:13.316  1856 19696 E ActivityManager:   3.9% 15971/kworker/u16:0: 0% user + 3.9% kernel
02-11 12:50:13.316  1856 19696 E ActivityManager:   3.9% 16164/kworker/u16:14: 0% user + 3.9% kernel
02-11 12:50:13.316  1856 19696 E ActivityManager:   4% 18548/kworker/u16:12: 0% user + 4% kernel
02-11 12:50:13.316  1856 19696 E ActivityManager:   4.4% 31983/com.google.android.inputmethod.latin: 0% user + 4.4% kernel / faults: 20 minor 20 major
02-11 12:50:13.316  1856 19696 E ActivityManager: 62% TOTAL: 40% user + 15% kernel + 4% iowait + 1.8% irq + 1.2% softirq
02-11 12:50:13.318  1856 19696 D ActivityManager: Completed ANR of com.example.maps3dkotlin in 6356ms, latency 1ms
02-11 12:50:13.330  1856 19795 I DropBoxManagerService: add tag=data_app_anr isTagEnabled=true flags=0x6
02-11 12:50:13.352  1856  2011 W BroadcastQueue: Background execution not allowed: receiving Intent { act=android.intent.action.DROPBOX_ENTRY_ADDED flg=0x10 (has extras) } to com.google.android.gms/.stats.service.DropBoxEntryAddedReceiver
02-11 12:50:13.540 31927 31927 D ReceiverIntentOperation: Delivered android.intent.action.DROPBOX_ENTRY_ADDED to: com.google.android.gms.stats.service.DropBoxEntryAddedReceiver
02-11 12:50:13.543  1056  1056 I android.hardware.health@2.0-service.bonito: Entry state_: 1 charger_status: Full batteryLevel: 100
02-11 12:50:13.543  1056  1056 I android.hardware.health@2.0-service.bonito: Exit state_: 1 batteryLevel: 100
02-11 12:50:13.546  1056  1056 I android.hardware.health@2.0-service.bonito: capacity: 2631000
02-11 12:50:13.380     0     0 W         : c5   1056 healthd: battery l=100 v=4272 t=35.0 h=2 st=5 c=-129882 fc=2631000 cc=162 chg=u
02-11 12:50:13.575  2220  2220 D PowerNotificationWarningsGoogleImpl: Dispatching intent: android.intent.action.BATTERY_CHANGED
02-11 12:50:13.575  2220  2220 D BatteryDefenderNotification: isPlugged: true | isOverheated: false | defenderEnabled: false | isCharged: true
02-11 12:50:13.575  2220  3924 D PowerUI : can't show warning due to - plugged: true status unknown: false
02-11 12:50:13.580 31927 17530 I NearbyMediums: Found Fast Ble Advertisements :
02-11 12:50:13.580 31927 17530 I NearbyMediums: BleAdvertisement { version=2, socketVersion=2, isFast=true, serviceIdHash=null, data=[ 0x23 0x41 0x39 0x49 0x51 0x11 0x3a 0x7e 0x7a 0xf5 0x7b 0xd3 0xca 0x4d 0x67 0x62 0x05 0x3b 0xcf 0xaf 0x81 0xae 0x96 ], deviceToken=[ 0x1a 0x5f ], rxAdvertisement=null } : 7 times.
02-11 12:50:13.580 31927 17530 I NearbyMediums: Total 7 fast advertisements from 1 unique advertisers.
02-11 12:50:13.581 31927 17530 I NearbyMediums: Current Tracked Scanning Clients are : {NearbyConnections.EnvironmentMonitor, NearbySharing}
02-11 12:50:13.638 31927 19600 I NearbyConnections: Processing lost BlePeripheral BlePeripheral{advertisement=BleAdvertisement { version=2, socketVersion=2, isFast=true, serviceIdHash=null, data=[ 0x23 0x52 0x45 0x54 0x38 0x11 0x34 0xa4 0x35 0x8e 0x92 0x50 0x7a 0x9d 0xd9 0xef 0xc4 0x06 0x88 0xf4 0x66 0xef 0xe8 ], deviceToken=[ 0xdd 0xbb ], rxAdvertisement=null }, dctAdvertisement=null, address=null, psm=0, deviceToken=<ByteString@b00f8b4 size=2 contents="\335\273">, isSecondProfile=false, rxInstantConnectionAdv=null}.
02-11 12:50:13.641 31927 19600 I NearbyConnections: Lost BleEndpoint for BlePeripheral BlePeripheral{advertisement=BleAdvertisement { version=2, socketVersion=2, isFast=true, serviceIdHash=null, data=[ 0x23 0x52 0x45 0x54 0x38 0x11 0x34 0xa4 0x35 0x8e 0x92 0x50 0x7a 0x9d 0xd9 0xef 0xc4 0x06 0x88 0xf4 0x66 0xef 0xe8 ], deviceToken=[ 0xdd 0xbb ], rxAdvertisement=null }, dctAdvertisement=null, address=null, psm=0, deviceToken=<ByteString@b00f8b4 size=2 contents="\335\273">, isSecondProfile=false, rxInstantConnectionAdv=null} (with EndpointId RET8 and EndpointInfo [ 0x34 0xa4 0x35 0x8e 0x92 0x50 0x7a 0x9d 0xd9 0xef 0xc4 0x06 0x88 0xf4 0x66 0xef 0xe8 ]).
02-11 12:50:13.668 31927 19600 I NearbyConnections: ClientProxy(215817318) reporting onEndpointLost(RET8)
02-11 12:50:13.680  1856  2128 D ConnectivityService: NetReassign [no changes]
02-11 12:50:13.697 31927 19600 I NearbySharing: NearbySharing Internal event EndpointLost(endpointId=RET8)
02-11 12:50:13.724  1067  1184 D VSC     : @ 81633.177: [WO] Proposed rotation: 0, flat angle threshold: 65
02-11 12:50:13.724  1067  1184 D VSC     : @ 81633.177: [WO] orientation angle 4, orientation 0
02-11 12:50:13.724  1067  1184 D VSC     : @ 81633.177: [WO] Gyro angle integrated: 0.054131
02-11 12:50:13.774  1856  2001 W Looper  : Slow dispatch took 394ms android.ui h=android.view.Choreographer$FrameHandler c=android.view.Choreographer$FrameDisplayEventReceiver@4099119 m=0
02-11 12:50:13.775  1856  2001 W Looper  : Slow delivery took 408ms android.ui h=com.android.server.wm.DisplayPolicy$PolicyHandler c=com.android.server.wm.DisplayPolicy$$ExternalSyntheticLambda15@d67868a m=0
02-11 12:50:13.788  1856  2001 W Looper  : Drained
02-11 12:50:13.821 31927 31927 D BoundBrokerSvc: onBind: Intent { act=com.google.android.gms.semanticlocationhistory.service.START dat=chimera-action: cmp=com.google.android.gms/.chimera.GmsApiService }
02-11 12:50:13.821 31927 31927 D BoundBrokerSvc: Loading bound service for intent: Intent { act=com.google.android.gms.semanticlocationhistory.service.START dat=chimera-action: cmp=com.google.android.gms/.chimera.GmsApiService }
02-11 12:50:14.086     0     0 I         : c3  19297 google_charger: l=100 vb=4272 vc=4272 c=123 fv=4400000 t=350 s=N/A usb=1 wlc=0
02-11 12:50:14.192     0     0 I         : c3  19297 google_charger: usbchg=USB usbv=4960 usbc=483 usbMv=5000 usbMc=500
02-11 12:50:14.193     0     0 I         : c3  19297 google_charger: MSC_DSG vbatt_idx:2->2 vbatt=4272450 ibatt=123046 fv_uv=4400000 cv_cnt=0 ov_cnt=0
02-11 12:50:14.819 31927 31963 I UsageReportingClientImp: Logging for account dkhawk@gmail.com for log source DROP_BOX
02-11 12:50:14.960 31927 19689 W CCTFlatFileLogStore: Excessive logging: 16 events, 493777 bytes from log source DROP_BOX last 1734s
02-11 12:50:15.724  1067  1184 D VSC     : @ 81635.177: [WO] Proposed rotation: 0, flat angle threshold: 65
02-11 12:50:15.724  1067  1184 D VSC     : @ 81635.177: [WO] orientation angle 4, orientation 0
02-11 12:50:15.724  1067  1184 D VSC     : @ 81635.177: [WO] Gyro angle integrated: 0.051876
02-11 12:50:16.219     0     0 I         : c3  19297 google_charger: l=100 vb=4293 vc=4293 c=30 fv=4400000 t=350 s=N/A usb=1 wlc=0
02-11 12:50:16.326     0     0 I         : c3  19297 google_charger: usbchg=USB usbv=4960 usbc=460 usbMv=5000 usbMc=500
02-11 12:50:16.326     0     0 I         : c3  19297 google_charger: MSC_DSG vbatt_idx:2->2 vbatt=4293446 ibatt=30273 fv_uv=4400000 cv_cnt=0 ov_cnt=0
02-11 12:50:16.706  1856  2128 D ConnectivityService: NetReassign [no changes]
02-11 12:50:17.724  1067  1184 D VSC     : @ 81637.177: [WO] Proposed rotation: 0, flat angle threshold: 65
02-11 12:50:17.724  1067  1184 D VSC     : @ 81637.177: [WO] orientation angle 4, orientation 0
02-11 12:50:17.724  1067  1184 D VSC     : @ 81637.177: [WO] Gyro angle integrated: 0.055716
02-11 12:50:18.353     0     0 I         : c3  19297 google_charger: l=100 vb=4295 vc=4295 c=21 fv=4400000 t=350 s=N/A usb=1 wlc=0
02-11 12:50:18.459     0     0 I         : c3  19297 google_charger: usbchg=USB usbv=4960 usbc=460 usbMv=5000 usbMc=500
02-11 12:50:18.459     0     0 I         : c3  19297 google_charger: MSC_DSG vbatt_idx:2->2 vbatt=4295643 ibatt=21972 fv_uv=4400000 cv_cnt=0 ov_cnt=0
02-11 12:50:19.724  1067  1184 D VSC     : @ 81639.177: [WO] Proposed rotation: 0, flat angle threshold: 65
02-11 12:50:19.724  1067  1184 D VSC     : @ 81639.177: [WO] orientation angle 4, orientation 0
02-11 12:50:19.724  1067  1184 D VSC     : @ 81639.177: [WO] Gyro angle integrated: 0.001904
02-11 12:50:19.726  1856  2128 D ConnectivityService: NetReassign [no changes]
02-11 12:50:20.486     0     0 I         : c3  19297 google_charger: l=100 vb=4296 vc=4296 c=24 fv=4400000 t=350 s=N/A usb=1 wlc=0
02-11 12:50:20.593     0     0 I         : c3  19297 google_charger: usbchg=USB usbv=4960 usbc=442 usbMv=5000 usbMc=500
02-11 12:50:20.593     0     0 I         : c3  19297 google_charger: MSC_DSG vbatt_idx:2->2 vbatt=4296131 ibatt=24414 fv_uv=4400000 cv_cnt=0 ov_cnt=0
02-11 12:50:21.724  1067  1184 D VSC     : @ 81641.177: [WO] Proposed rotation: 0, flat angle threshold: 65
02-11 12:50:21.724  1067  1184 D VSC     : @ 81641.177: [WO] orientation angle 4, orientation 0
02-11 12:50:21.724  1067  1184 D VSC     : @ 81641.177: [WO] Gyro angle integrated: 0.080697
02-11 12:50:22.745  1856  2128 D ConnectivityService: NetReassign [no changes]
02-11 12:50:22.619     0     0 I         : c3  19297 google_charger: l=100 vb=4293 vc=4293 c=29 fv=4400000 t=350 s=N/A usb=1 wlc=0
02-11 12:50:22.726     0     0 I         : c3  19297 google_charger: usbchg=USB usbv=4960 usbc=460 usbMv=5000 usbMc=500
02-11 12:50:22.726     0     0 I         : c3  19297 google_charger: MSC_DSG vbatt_idx:2->2 vbatt=4293934 ibatt=29785 fv_uv=4400000 cv_cnt=0 ov_cnt=0
02-11 12:50:23.636 31927 19619 I NearbyMediums: Found Fast Ble Advertisements :
02-11 12:50:23.636 31927 19619 I NearbyMediums: BleAdvertisement { version=2, socketVersion=2, isFast=true, serviceIdHash=null, data=[ 0x23 0x41 0x39 0x49 0x51 0x11 0x3a 0x7e 0x7a 0xf5 0x7b 0xd3 0xca 0x4d 0x67 0x62 0x05 0x3b 0xcf 0xaf 0x81 0xae 0x96 ], deviceToken=[ 0x1a 0x5f ], rxAdvertisement=null } : 5 times.
02-11 12:50:23.636 31927 19619 I NearbyMediums: Total 5 fast advertisements from 1 unique advertisers.
02-11 12:50:23.637 31927 19619 I NearbyMediums: Current Tracked Scanning Clients are : {NearbyConnections.EnvironmentMonitor, NearbySharing}
02-11 12:50:23.724  1067  1184 D VSC     : @ 81643.177: [WO] Proposed rotation: 0, flat angle threshold: 65
02-11 12:50:23.724  1067  1184 D VSC     : @ 81643.177: [WO] orientation angle 4, orientation 0
02-11 12:50:23.724  1067  1184 D VSC     : @ 81643.177: [WO] Gyro angle integrated: 0.171217
02-11 12:50:24.752     0     0 I         : c3  19297 google_charger: l=100 vb=4296 vc=4296 c=21 fv=4400000 t=350 s=N/A usb=1 wlc=0
02-11 12:50:24.859     0     0 I         : c3  19297 google_charger: usbchg=USB usbv=4960 usbc=460 usbMv=5000 usbMc=500
02-11 12:50:24.859     0     0 I         : c3  19297 google_charger: MSC_DSG vbatt_idx:2->2 vbatt=4296131 ibatt=21972 fv_uv=4400000 cv_cnt=0 ov_cnt=0
02-11 12:50:25.724  1067  1184 D VSC     : @ 81645.177: [WO] Proposed rotation: 0, flat angle threshold: 65
02-11 12:50:25.724  1067  1184 D VSC     : @ 81645.177: [WO] orientation angle 4, orientation 0
02-11 12:50:25.724  1067  1184 D VSC     : @ 81645.177: [WO] Gyro angle integrated: 0.087225
02-11 12:50:25.770  1856  2128 D ConnectivityService: NetReassign [no changes]
02-11 12:50:26.886     0     0 I         : c3  19297 google_charger: l=100 vb=4294 vc=4294 c=30 fv=4400000 t=353 s=N/A usb=1 wlc=0
02-11 12:50:26.993     0     0 I         : c3  19297 google_charger: usbchg=USB usbv=4960 usbc=469 usbMv=5000 usbMc=500
02-11 12:50:26.993     0     0 I         : c3  19297 google_charger: MSC_DSG vbatt_idx:2->2 vbatt=4294666 ibatt=30273 fv_uv=4400000 cv_cnt=0 ov_cnt=0
02-11 12:50:27.724  1067  1184 D VSC     : @ 81647.177: [WO] Proposed rotation: 0, flat angle threshold: 65
02-11 12:50:27.724  1067  1184 D VSC     : @ 81647.177: [WO] orientation angle 4, orientation 0
02-11 12:50:27.724  1067  1184 D VSC     : @ 81647.177: [WO] Gyro angle integrated: 0.066955
02-11 12:50:28.790  1856  2128 D ConnectivityService: NetReassign [no changes]
02-11 12:50:28.873 31927 31927 D BoundBrokerSvc: onUnbind: Intent { act=com.google.android.gms.semanticlocationhistory.service.START dat=chimera-action: cmp=com.google.android.gms/.chimera.GmsApiService }
02-11 12:50:29.019     0     0 I         : c3  19297 google_charger: l=100 vb=4297 vc=4297 c=22 fv=4400000 t=353 s=N/A usb=1 wlc=0
02-11 12:50:29.126     0     0 I         : c3  19297 google_charger: usbchg=USB usbv=4960 usbc=483 usbMv=5000 usbMc=500
02-11 12:50:29.126     0     0 I         : c3  19297 google_charger: MSC_DSG vbatt_idx:2->2 vbatt=4297108 ibatt=22460 fv_uv=4400000 cv_cnt=0 ov_cnt=0
02-11 12:50:29.724  1067  1184 D VSC     : @ 81649.177: [WO] Proposed rotation: 0, flat angle threshold: 65
02-11 12:50:29.724  1067  1184 D VSC     : @ 81649.177: [WO] orientation angle 4, orientation 0
02-11 12:50:29.724  1067  1184 D VSC     : @ 81649.177: [WO] Gyro angle integrated: 0.183006
02-11 12:50:31.153     0     0 I         : c3  19297 google_charger: l=100 vb=4298 vc=4298 c=13 fv=4400000 t=353 s=N/A usb=1 wlc=0
02-11 12:50:31.259     0     0 I         : c3  19297 google_charger: usbchg=USB usbv=4960 usbc=469 usbMv=5000 usbMc=500
02-11 12:50:31.259     0     0 I         : c3  19297 google_charger: MSC_DSG vbatt_idx:2->2 vbatt=4298572 ibatt=13671 fv_uv=4400000 cv_cnt=0 ov_cnt=0
02-11 12:50:31.724  1067  1184 D VSC     : @ 81651.177: [WO] Proposed rotation: 0, flat angle threshold: 65
02-11 12:50:31.724  1067  1184 D VSC     : @ 81651.177: [WO] orientation angle 4, orientation 0
02-11 12:50:31.724  1067  1184 D VSC     : @ 81651.177: [WO] Gyro angle integrated: 0.027539
02-11 12:50:31.807  1856  2128 D ConnectivityService: NetReassign [no changes]
02-11 12:50:33.289     0     0 I         : c3  19297 google_charger: l=100 vb=4300 vc=4300 c=10 fv=4400000 t=353 s=N/A usb=1 wlc=0
02-11 12:50:33.396     0     0 I         : c3  19297 google_charger: usbchg=USB usbv=4960 usbc=469 usbMv=5000 usbMc=500
02-11 12:50:33.396     0     0 I         : c3  19297 google_charger: MSC_DSG vbatt_idx:2->2 vbatt=4300037 ibatt=10253 fv_uv=4400000 cv_cnt=0 ov_cnt=0
02-11 12:50:33.644 31927 19619 I NearbyMediums: Found Fast Ble Advertisements :
02-11 12:50:33.644 31927 19619 I NearbyMediums: BleAdvertisement { version=2, socketVersion=2, isFast=true, serviceIdHash=null, data=[ 0x23 0x41 0x39 0x49 0x51 0x11 0x3a 0x7e 0x7a 0xf5 0x7b 0xd3 0xca 0x4d 0x67 0x62 0x05 0x3b 0xcf 0xaf 0x81 0xae 0x96 ], deviceToken=[ 0x1a 0x5f ], rxAdvertisement=null } : 7 times.
02-11 12:50:33.644 31927 19619 I NearbyMediums: Total 7 fast advertisements from 1 unique advertisers.
02-11 12:50:33.644 31927 19619 I NearbyMediums: Current Tracked Scanning Clients are : {NearbyConnections.EnvironmentMonitor, NearbySharing}
02-11 12:50:33.724  1067  1184 D VSC     : @ 81653.177: [WO] Proposed rotation: 0, flat angle threshold: 65
02-11 12:50:33.724  1067  1184 D VSC     : @ 81653.177: [WO] orientation angle 4, orientation 0
02-11 12:50:33.724  1067  1184 D VSC     : @ 81653.177: [WO] Gyro angle integrated: 0.174506
02-11 12:50:34.831  1856  2128 D ConnectivityService: NetReassign [no changes]
02-11 12:50:35.419     0     0 I         : c3  19297 google_charger: l=100 vb=4295 vc=4295 c=30 fv=4400000 t=353 s=N/A usb=1 wlc=0
02-11 12:50:35.526     0     0 I         : c3  19297 google_charger: usbchg=USB usbv=4960 usbc=474 usbMv=5000 usbMc=500
02-11 12:50:35.526     0     0 I         : c3  19297 google_charger: MSC_DSG vbatt_idx:2->2 vbatt=4295887 ibatt=30761 fv_uv=4400000 cv_cnt=0 ov_cnt=0
02-11 12:50:35.724  1067  1184 D VSC     : @ 81655.177: [WO] Proposed rotation: 0, flat angle threshold: 65
02-11 12:50:35.724  1067  1184 D VSC     : @ 81655.177: [WO] orientation angle 4, orientation 0
02-11 12:50:35.724  1067  1184 D VSC     : @ 81655.177: [WO] Gyro angle integrated: 0.091083
02-11 12:50:37.724  1067  1184 D VSC     : @ 81657.177: [WO] Proposed rotation: 0, flat angle threshold: 65
02-11 12:50:37.724  1067  1184 D VSC     : @ 81657.177: [WO] orientation angle 4, orientation 0
02-11 12:50:37.724  1067  1184 D VSC     : @ 81657.177: [WO] Gyro angle integrated: 0.049862
02-11 12:50:37.553     0     0 I         : c3  19297 google_charger: l=100 vb=4297 vc=4297 c=25 fv=4400000 t=353 s=N/A usb=1 wlc=0
02-11 12:50:37.659     0     0 I         : c3  19297 google_charger: usbchg=USB usbv=4960 usbc=442 usbMv=5000 usbMc=500
02-11 12:50:37.659     0     0 I         : c3  19297 google_charger: MSC_DSG vbatt_idx:2->2 vbatt=4297108 ibatt=25390 fv_uv=4400000 cv_cnt=0 ov_cnt=0
02-11 12:50:37.853  1856  2128 D ConnectivityService: NetReassign [no changes]
02-11 12:50:38.168 31927 17530 I NearbyConnections: Found BleAdvertisement [ 0x23 0x52 0x45 0x54 0x38 0x11 0x34 0xa4 0x35 0x8e 0x92 0x50 0x7a 0x9d 0xd9 0xef 0xc4 0x06 0x88 0xf4 0x66 0xef 0xe8 ] (with EndpointId RET8 and EndpointInfo [ 0x34 0xa4 0x35 0x8e 0x92 0x50 0x7a 0x9d 0xd9 0xef 0xc4 0x06 0x88 0xf4 0x66 0xef 0xe8 ])
02-11 12:50:38.183 31927 19600 I NearbySharing: NearbySharing Internal event EndpointDiscovered(endpointId=RET8)
02-11 12:50:38.186 31927 17530 I NearbyConnections: ClientProxy(215817318 0p:com.google.android.gms.nearby.sharing) reporting onEndpointFound(RET8)
02-11 12:50:38.190 31927 17530 I NearbyConnections: ClientProxy(215817318) reporting onEndpointDistanceChanged(RET8, UNKNOWN)
02-11 12:50:39.724  1067  1184 D VSC     : @ 81659.177: [WO] Proposed rotation: 0, flat angle threshold: 65
02-11 12:50:39.724  1067  1184 D VSC     : @ 81659.177: [WO] orientation angle 4, orientation 0
02-11 12:50:39.724  1067  1184 D VSC     : @ 81659.177: [WO] Gyro angle integrated: 0.063404
02-11 12:50:39.686     0     0 I         : c3  19297 google_charger: l=100 vb=4298 vc=4298 c=20 fv=4400000 t=353 s=N/A usb=1 wlc=0
02-11 12:50:39.793     0     0 I         : c3  19297 google_charger: usbchg=USB usbv=4960 usbc=451 usbMv=5000 usbMc=500
02-11 12:50:39.793     0     0 I         : c3  19297 google_charger: MSC_DSG vbatt_idx:2->2 vbatt=4298817 ibatt=20996 fv_uv=4400000 cv_cnt=0 ov_cnt=0
02-11 12:50:40.875  1856  2128 D ConnectivityService: NetReassign [no changes]
02-11 12:50:41.453 31927 19801 I NearbyDiscovery: loadFastPairModule: checkFeaturesAreAvailable:2 [CONTEXT service_id=265 ]
02-11 12:50:41.468 31927 19801 I NearbyDiscovery: loadFastPairModule: feature request succeeded. [CONTEXT service_id=265 ]
02-11 12:50:41.498 31927 31927 I NearbyDiscovery: DiscoveryService onStartCommand action: com.google.android.gms.nearby.discovery.ACTION_LOG_EVENT [CONTEXT service_id=265 ]
02-11 12:50:41.547  1016  1021 E statsd  : Predicate 5980654721335871649 dropping data for dimension key (10)0x2010101->10124[I] (10)0x30000->IntentOp:.chimera.container.InitConfigOperation[S] 
02-11 12:50:41.559 31927 19804 I ChimeraConfigurator: Starting update, reason: 4 urgentFeatures: fast_pair:-1
02-11 12:50:41.607 31927 19804 W FeatureMgr: Attempted to request and unrequest the same feature: appsearch_impl. Ignoring unrequest.
02-11 12:50:41.607 31927 19804 W FeatureMgr: Attempted to request and unrequest the same feature: spoon_pc. Ignoring unrequest.
02-11 12:50:41.690 31927 19804 D SplitApkMgr: No split info found for com.google.android.gms
02-11 12:50:41.724  1067  1184 D VSC     : @ 81661.177: [WO] Proposed rotation: 0, flat angle threshold: 65
02-11 12:50:41.724  1067  1184 D VSC     : @ 81661.177: [WO] orientation angle 4, orientation 0
02-11 12:50:41.724  1067  1184 D VSC     : @ 81661.177: [WO] Gyro angle integrated: 0.036092
02-11 12:50:41.727 31927 32210 I NearbyDiscovery: DiscoveryLogger: cuj-state=UPDATE LoggedNearbyDiscovery{FAST_PAIR_OPTIONAL_MODULE_REQUEST_SUCCEEDED, deviceType=PHONE, isSeekerLeExtendedAdvertisingSupported=true} [CONTEXT service_id=265 ]
02-11 12:50:41.754 31927 19804 I ChimeraConfigurator: Detected pending changes for urgent request: [fast_pair]. Pending module sets: container:2607809290408+fast_pair
02-11 12:50:41.758 31927 19804 D SplitApkMgr: No split info found for com.google.android.gms
02-11 12:50:41.782 31927 19804 D ModuleSetUtils: All Zapp modules in module sets: [[Fastpair.optional:260780100000]]
02-11 12:50:41.782 31927 19804 D ModuleSetUtils: Already downloaded modules: [[AdsFdrDynamite.integ:254380203100000], [Appsearch.optional:260438100400], [BetterTogether.optional:260438100000], [BrellaDynamite.optional:260438100400], [Fastpair.optional:260438100000], [Home.optional:260438100400], [Homegraph.optional:260438100000], [Maps3DDynamite.integ:260280800100400], [MapsCoreDynamite.integ:254515602100400], [MlkitDocscan.optional:260438100400], [MlkitDocscanStain.optional:260438100400], [MlkitDocscanUi.optional:260438100400], [MlkitOcrCommon.optional:260438100400], [PlayCloudSearch.optional:260438100000], [SpoonPc.optional:260438150000], [TfliteDynamiteDynamite.integ:252130102100400], [TfliteGpuDynamiteDynamite.integ:252130102100400], [VisionBarcode.optional:260438100400], [VisionCustomIca.optional:260438100400], [VisionIca.optional:260438100400], [VisionOcr.optional:260438100000], [AdsFdrDynamite.integ:253405700100000], [Cronetdynamite:260780290408], [Dynamiteloader:260780290008], [Dynamitemodulesa:260780290008], [Dynamitemodulesc:260780290008], [Googlecertificates:260780290008], [Mapsdynamite:260780290008], [Measurementdynamite:260780290008], [Maps3DApkUnwrapped:1008040400], [SidecarAps.integ:2052100000]]
02-11 12:50:41.785 31927 19804 D ModuleSetUtils: Zapp diff downloading enabled
02-11 12:50:41.787 31927 19804 D ModuleSetUtils: Use diff base /data/user_de/0/com.google.android.gms/app_chimera/m/000006a0/dl-Fastpair.optional_260438100000.apk for [Fastpair.optional:260780100000]
02-11 12:50:41.790 31927 19804 D ZappDownloader: active network is metered: false
02-11 12:50:41.936 11784 12202 I Finsky  : [138] Module info request for [{Fastpair.optional:260780100000:260438100000}] modules from package com.google.android.gms v=260780147 hasAccount:true authEnabled:false
02-11 12:50:41.819     0     0 I         : c3  19297 google_charger: l=100 vb=4300 vc=4300 c=8 fv=4400000 t=353 s=N/A usb=1 wlc=0
02-11 12:50:41.926     0     0 I         : c3  19297 google_charger: usbchg=USB usbv=4960 usbc=483 usbMv=5000 usbMc=500
02-11 12:50:41.926     0     0 I         : c3  19297 google_charger: MSC_DSG vbatt_idx:2->2 vbatt=4300037 ibatt=8789 fv_uv=4400000 cv_cnt=0 ov_cnt=0
02-11 12:50:42.131 11784 11784 I Finsky  : [2] Received response for moduleDelivery with status=4
02-11 12:50:42.143 31927 19804 E DynamicModuleDownloader: Zapp module request failed: 1,4
02-11 12:50:42.147 31927 19804 W ZappDownloader: No successful Zapp module downloads for requested modules [Fastpair.optional:260780100000:permitMetered:260438100000:/data/user_de/0/com.google.android.gms/app_chimera/m/000006a0/dl-Fastpair.optional_260438100000.apk].
02-11 12:50:42.151 31927 19804 I GmsDebugLogger: [30] [Fastpair.optional:260780100000]
02-11 12:50:42.169 31927 19804 W ChimeraConfigService: Retry attempt was throttled. [CONTEXT service_id=264 ]
02-11 12:50:42.175 31927 19804 I GmsDebugLogger: [83] 1 [fast_pair]
02-11 12:50:42.185  1016  1021 E statsd  : Predicate 5980654721335871649 dropping data for dimension key (10)0x2010101->10124[I] (10)0x30000->IntentOp:.chimera.container.InitConfigOperation[S] 
02-11 12:50:42.650  2197  2742 E bt_l2cap: system/bt/main/bte_logmsg.cc:191 LogMsg: L2CAP - rcvd ACL for unknown handle:3804 ls:0 cid:119 opcode:10 cur count:0
02-11 12:50:42.663 31927 19600 I NearbyMediums: Triggered instant on lost for service id : NearbySharing with hash [ 0x7a 0x5d 0x6b 0x90 ]
02-11 12:50:42.665 31927 17530 I NearbyConnections: Processing instant lost on BlePeripheral BlePeripheral{advertisement=BleAdvertisement { version=2, socketVersion=2, isFast=true, serviceIdHash=null, data=[ 0x23 0x41 0x39 0x49 0x51 0x11 0x3a 0x7e 0x7a 0xf5 0x7b 0xd3 0xca 0x4d 0x67 0x62 0x05 0x3b 0xcf 0xaf 0x81 0xae 0x96 ], deviceToken=[ 0x1a 0x5f ], rxAdvertisement=null }, dctAdvertisement=null, address=null, psm=0, deviceToken=<ByteString@619e51e size=2 contents="\032_">, isSecondProfile=false, rxInstantConnectionAdv=null}.
02-11 12:50:42.668 31927 17530 I NearbyConnections: Remove entry from BleAdvertisementProcessor bleEndpoints.
02-11 12:50:42.669 31927 17530 I NearbyConnections: ClientProxy(215817318) reporting onEndpointLost(A9IQ)
02-11 12:50:42.671 31927 17530 I NearbySharing: NearbySharing Internal event EndpointLost(endpointId=A9IQ)
02-11 12:50:42.674 31927 17394 I NearbySharing: [NS_DISCOVERY] DiscoveryController reported Lost(endpointId=A9IQ)
02-11 12:50:43.187 31927 17394 I NearbySharing: [NS_CONTROL] DiscoveryStateManager emitted ReportLost(id=1).
02-11 12:50:43.189 31927 17394 I NearbySharing: NearbySharing Internal event ReceiverLost(receiverId=1)
02-11 12:50:43.193 31927 19810 I NearbySharing: SendManager event Lost(receiverId=1)
02-11 12:50:43.254 31927 31927 I NearbySharing: ShortcutInfoManager removed shortcut Dale's phone
02-11 12:50:43.284  1856  2010 W NotificationHistory: Attempted to remove conversation for locked/gone/disabled user 0
02-11 12:50:43.348 31927 17530 I NearbyConnections: Found BleAdvertisement [ 0x23 0x41 0x39 0x49 0x51 0x11 0x3a 0x7e 0x7a 0xf5 0x7b 0xd3 0xca 0x4d 0x67 0x62 0x05 0x3b 0xcf 0xaf 0x81 0xae 0x96 ] (with EndpointId A9IQ and EndpointInfo [ 0x3a 0x7e 0x7a 0xf5 0x7b 0xd3 0xca 0x4d 0x67 0x62 0x05 0x3b 0xcf 0xaf 0x81 0xae 0x96 ])
02-11 12:50:43.352 31927 17530 I NearbyConnections: ClientProxy(215817318 0p:com.google.android.gms.nearby.sharing) reporting onEndpointFound(A9IQ)
02-11 12:50:43.353 31927 17530 I NearbyConnections: ClientProxy(215817318) reporting onEndpointDistanceChanged(A9IQ, UNKNOWN)
02-11 12:50:43.356 31927 17530 I NearbySharing: NearbySharing Internal event EndpointDiscovered(endpointId=A9IQ)
02-11 12:50:43.467 31927 19600 I NearbySharing: [NS_DISCOVERY] DiscoveryController reported Discovered(endpointId=A9IQ, metadata=DeviceMetadata(version=1, deviceType=5, deviceName=Dale's phone, displayName=Dale Hawkins, modelName=Pixel 9 Pro Fold, imageUri=content://com.google.android.gms.fileprovider/nearby_share_images/-1802103689.jpg, isSelfShare=true, isKnown=true, bluetoothMacAddress=[8, -117, -56, 53, -99, -36], vendorId=0, matchesLocalQrCode=false))
02-11 12:50:43.467 31927 19600 I NearbySharing: [NS_DEBUG] Dedupped: same endpoint ID A9IQ
02-11 12:50:43.470 31927 19600 I NearbySharing: {NS_DEBUG] previous receiver info ReceiverInfo(endpointId=A9IQ, metadata=DeviceMetadata(version=1, deviceType=5, deviceName=Dale's phone, displayName=Dale Hawkins, modelName=Pixel 9 Pro Fold, imageUri=content://com.google.android.gms.fileprovider/nearby_share_images/-1802103689.jpg, isSelfShare=true, isKnown=true, bluetoothMacAddress=[8, -117, -56, 53, -99, -36], vendorId=0, matchesLocalQrCode=false), state=Tomb(delayedStateChangeJob=StandaloneCoroutine{Active}@81f1864))
02-11 12:50:43.471 31927 19600 I NearbySharing: NearbySharing Internal event ReceiverEndpointMapping(endpointId=A9IQ, receiverId=1)
02-11 12:50:43.475 31927 17394 I NearbySharing: [NS_CONTROL] DiscoveryStateManager emitted ReportDiscovered(id=1, metadata=DeviceMetadata(version=1, deviceType=5, deviceName=Dale's phone, displayName=Dale Hawkins, modelName=Pixel 9 Pro Fold, imageUri=content://com.google.android.gms.fileprovider/nearby_share_images/-1802103689.jpg, isSelfShare=true, isKnown=true, bluetoothMacAddress=[8, -117, -56, 53, -99, -36], vendorId=0, matchesLocalQrCode=false)).
02-11 12:50:43.476 31927 17394 I NearbySharing: NearbySharing Internal event ReceiverDiscovered(receiverId=1, deviceName=Dale's phone, isKnown=true, isSelfShare=true, deviceType=5, hasMatchingQrCode=false, isExternal=false, providerName=null, providerId=null, cloudReceiverSessionId=null)
02-11 12:50:43.477 31927 19619 I NearbySharing: SendManager event Discovered(receiverId=1, receiverMetadata=DeviceMetadata(version=1, deviceType=5, deviceName=Dale's phone, displayName=Dale Hawkins, modelName=Pixel 9 Pro Fold, imageUri=content://com.google.android.gms.fileprovider/nearby_share_images/-1802103689.jpg, isSelfShare=true, isKnown=true, bluetoothMacAddress=[8, -117, -56, 53, -99, -36], vendorId=0, matchesLocalQrCode=false))
02-11 12:50:43.478 31927 19619 I NearbySharing: SendManager event DistanceChanged(receiverId=1, distance=1, rangingData=null)
02-11 12:50:43.514 31927 31927 I NearbySharing: ShortcutInfoManager added shortcut Dale's phone
02-11 12:50:43.649 31927 19600 I NearbyMediums: Found Fast Ble Advertisements :
02-11 12:50:43.649 31927 19600 I NearbyMediums: BleAdvertisement { version=2, socketVersion=2, isFast=true, serviceIdHash=null, data=[ 0x23 0x52 0x45 0x54 0x38 0x11 0x34 0xa4 0x35 0x8e 0x92 0x50 0x7a 0x9d 0xd9 0xef 0xc4 0x06 0x88 0xf4 0x66 0xef 0xe8 ], deviceToken=[ 0xdd 0xbb ], rxAdvertisement=null } : 1 times.
02-11 12:50:43.649 31927 19600 I NearbyMediums: BleAdvertisement { version=2, socketVersion=2, isFast=true, serviceIdHash=null, data=[ 0x23 0x41 0x39 0x49 0x51 0x11 0x3a 0x7e 0x7a 0xf5 0x7b 0xd3 0xca 0x4d 0x67 0x62 0x05 0x3b 0xcf 0xaf 0x81 0xae 0x96 ], deviceToken=[ 0x1a 0x5f ], rxAdvertisement=null } : 7 times.
02-11 12:50:43.649 31927 19600 I NearbyMediums: Total 8 fast advertisements from 2 unique advertisers.
02-11 12:50:43.649 31927 19600 I NearbyMediums: Current Tracked Scanning Clients are : {NearbyConnections.EnvironmentMonitor, NearbySharing}
02-11 12:50:43.724  1067  1184 D VSC     : @ 81663.177: [WO] Proposed rotation: 0, flat angle threshold: 65
02-11 12:50:43.725  1067  1184 D VSC     : @ 81663.177: [WO] orientation angle 4, orientation 0
02-11 12:50:43.725  1067  1184 D VSC     : @ 81663.177: [WO] Gyro angle integrated: 0.132537
02-11 12:50:43.895  1856  2128 D ConnectivityService: NetReassign [no changes]
02-11 12:50:43.899 31927 19600 I NearbyMediums: Triggered instant on lost for service id : NearbySharing with hash [ 0x7a 0x5d 0x6b 0x90 ]
02-11 12:50:43.900 31927 19619 I NearbyConnections: Processing instant lost on BlePeripheral BlePeripheral{advertisement=BleAdvertisement { version=2, socketVersion=2, isFast=true, serviceIdHash=null, data=[ 0x23 0x41 0x39 0x49 0x51 0x11 0x3a 0x7e 0x7a 0xf5 0x7b 0xd3 0xca 0x4d 0x67 0x62 0x05 0x3b 0xcf 0xaf 0x81 0xae 0x96 ], deviceToken=[ 0x1a 0x5f ], rxAdvertisement=null }, dctAdvertisement=null, address=null, psm=0, deviceToken=<ByteString@3bdd693 size=2 contents="\032_">, isSecondProfile=false, rxInstantConnectionAdv=null}.
02-11 12:50:43.900 31927 19619 I NearbyConnections: Remove entry from BleAdvertisementProcessor bleEndpoints.
02-11 12:50:43.904 31927 19619 I NearbyConnections: ClientProxy(215817318) reporting onEndpointLost(A9IQ)
02-11 12:50:43.907 31927 17530 I NearbyConnections: Found BleAdvertisement [ 0x23 0x41 0x39 0x49 0x51 0x11 0x3a 0x7e 0x7a 0xf5 0x7b 0xd3 0xca 0x4d 0x67 0x62 0x05 0x3b 0xcf 0xaf 0x81 0xae 0x96 ] (with EndpointId A9IQ and EndpointInfo [ 0x3a 0x7e 0x7a 0xf5 0x7b 0xd3 0xca 0x4d 0x67 0x62 0x05 0x3b 0xcf 0xaf 0x81 0xae 0x96 ])
02-11 12:50:43.908 31927 17394 I NearbySharing: NearbySharing Internal event EndpointLost(endpointId=A9IQ)
02-11 12:50:43.910 31927 17530 I NearbyConnections: ClientProxy(215817318 0p:com.google.android.gms.nearby.sharing) reporting onEndpointFound(A9IQ)
02-11 12:50:43.910 31927 17530 I NearbyConnections: ClientProxy(215817318) reporting onEndpointDistanceChanged(A9IQ, UNKNOWN)
02-11 12:50:43.912 31927 19810 I NearbySharing: [NS_DISCOVERY] DiscoveryController reported Lost(endpointId=A9IQ)
02-11 12:50:43.915 31927 19600 I NearbySharing: NearbySharing Internal event EndpointDiscovered(endpointId=A9IQ)
02-11 12:50:43.963 31927 19812 I NearbySharing: [NS_DISCOVERY] DiscoveryController reported Discovered(endpointId=A9IQ, metadata=DeviceMetadata(version=1, deviceType=5, deviceName=Dale's phone, displayName=Dale Hawkins, modelName=Pixel 9 Pro Fold, imageUri=content://com.google.android.gms.fileprovider/nearby_share_images/-1802103689.jpg, isSelfShare=true, isKnown=true, bluetoothMacAddress=[8, -117, -56, 53, -99, -36], vendorId=0, matchesLocalQrCode=false))
02-11 12:50:43.963 31927 19812 I NearbySharing: [NS_DEBUG] Dedupped: same endpoint ID A9IQ
02-11 12:50:43.964 31927 19812 I NearbySharing: {NS_DEBUG] previous receiver info ReceiverInfo(endpointId=A9IQ, metadata=DeviceMetadata(version=1, deviceType=5, deviceName=Dale's phone, displayName=Dale Hawkins, modelName=Pixel 9 Pro Fold, imageUri=content://com.google.android.gms.fileprovider/nearby_share_images/-1802103689.jpg, isSelfShare=true, isKnown=true, bluetoothMacAddress=[8, -117, -56, 53, -99, -36], vendorId=0, matchesLocalQrCode=false), state=Lost(delayedStateChangeJob=StandaloneCoroutine{Active}@c484ca6, sendContext=null))
02-11 12:50:43.965 31927 19812 I NearbySharing: NearbySharing Internal event ReceiverEndpointMapping(endpointId=A9IQ, receiverId=1)
02-11 12:50:43.969 31927 19812 I NearbySharing: SendManager event DistanceChanged(receiverId=1, distance=1, rangingData=null)
02-11 12:50:43.953     0     0 I         : c3  19297 google_charger: l=100 vb=4287 vc=4287 c=54 fv=4400000 t=353 s=N/A usb=1 wlc=0
02-11 12:50:44.059     0     0 I         : c3  19297 google_charger: usbchg=USB usbv=4960 usbc=455 usbMv=5000 usbMc=500
02-11 12:50:44.059     0     0 I         : c3  19297 google_charger: MSC_DSG vbatt_idx:2->2 vbatt=4287830 ibatt=54199 fv_uv=4400000 cv_cnt=0 ov_cnt=0
02-11 12:50:45.724  1067  1184 D VSC     : @ 81665.177: [WO] Proposed rotation: 0, flat angle threshold: 65
02-11 12:50:45.724  1067  1184 D VSC     : @ 81665.177: [WO] orientation angle 4, orientation 0
02-11 12:50:45.724  1067  1184 D VSC     : @ 81665.177: [WO] Gyro angle integrated: 0.007123
02-11 12:50:46.086     0     0 I         : c3  19297 google_charger: l=100 vb=4297 vc=4297 c=20 fv=4400000 t=353 s=N/A usb=1 wlc=0
02-11 12:50:46.193     0     0 I         : c3  19297 google_charger: usbchg=USB usbv=4960 usbc=483 usbMv=5000 usbMc=500
02-11 12:50:46.193     0     0 I         : c3  19297 google_charger: MSC_DSG vbatt_idx:2->2 vbatt=4297352 ibatt=20507 fv_uv=4400000 cv_cnt=0 ov_cnt=0
02-11 12:50:46.909  1856  2128 D ConnectivityService: NetReassign [no changes]
02-11 12:50:47.724  1067  1184 D VSC     : @ 81667.177: [WO] Proposed rotation: 0, flat angle threshold: 65
02-11 12:50:47.724  1067  1184 D VSC     : @ 81667.177: [WO] orientation angle 4, orientation 0
02-11 12:50:47.724  1067  1184 D VSC     : @ 81667.177: [WO] Gyro angle integrated: 0.103772
02-11 12:50:48.219     0     0 I         : c3  19297 google_charger: l=100 vb=4298 vc=4298 c=18 fv=4400000 t=353 s=N/A usb=1 wlc=0
02-11 12:50:48.463  2197  2742 E bt_l2cap: system/bt/main/bte_logmsg.cc:191 LogMsg: L2CAP - rcvd ACL for unknown handle:3804 ls:0 cid:120 opcode:10 cur count:0
02-11 12:50:48.326     0     0 I         : c3  19297 google_charger: usbchg=USB usbv=4960 usbc=483 usbMv=5000 usbMc=500
02-11 12:50:48.326     0     0 I         : c3  19297 google_charger: MSC_DSG vbatt_idx:2->2 vbatt=4298084 ibatt=18066 fv_uv=4400000 cv_cnt=0 ov_cnt=0
02-11 12:50:48.691 31927 31951 W gle.android.gm: Profile data size exceeds 500000 bytes. It has 1423164 bytes.
02-11 12:50:49.724  1067  1184 D VSC     : @ 81669.177: [WO] Proposed rotation: 0, flat angle threshold: 65
02-11 12:50:49.724  1067  1184 D VSC     : @ 81669.177: [WO] orientation angle 4, orientation 0
02-11 12:50:49.724  1067  1184 D VSC     : @ 81669.177: [WO] Gyro angle integrated: 0.027379
02-11 12:50:49.929  1856  2128 D ConnectivityService: NetReassign [no changes]
02-11 12:50:50.353     0     0 I         : c3  19803 google_charger: l=100 vb=4298 vc=4298 c=8 fv=4400000 t=353 s=N/A usb=1 wlc=0
02-11 12:50:50.459     0     0 I         : c3  19803 google_charger: usbchg=USB usbv=4960 usbc=442 usbMv=5000 usbMc=500
02-11 12:50:50.459     0     0 I         : c3  19803 google_charger: MSC_DSG vbatt_idx:2->2 vbatt=4298328 ibatt=8789 fv_uv=4400000 cv_cnt=0 ov_cnt=0
02-11 12:50:51.724  1067  1184 D VSC     : @ 81671.177: [WO] Proposed rotation: 0, flat angle threshold: 65
02-11 12:50:51.724  1067  1184 D VSC     : @ 81671.177: [WO] orientation angle 4, orientation 0
02-11 12:50:51.724  1067  1184 D VSC     : @ 81671.177: [WO] Gyro angle integrated: 0.056032
02-11 12:50:52.486     0     0 I         : c3  19803 google_charger: l=100 vb=4297 vc=4297 c=19 fv=4400000 t=353 s=N/A usb=1 wlc=0
02-11 12:50:52.593     0     0 I         : c3  19803 google_charger: usbchg=USB usbv=4960 usbc=469 usbMv=5000 usbMc=500
02-11 12:50:52.593     0     0 I         : c3  19803 google_charger: MSC_DSG vbatt_idx:2->2 vbatt=4297352 ibatt=19531 fv_uv=4400000 cv_cnt=0 ov_cnt=0
02-11 12:50:52.952  1856  2128 D ConnectivityService: NetReassign [no changes]
02-11 12:50:53.659 31927 17530 I NearbyMediums: Found Fast Ble Advertisements :
02-11 12:50:53.659 31927 17530 I NearbyMediums: BleAdvertisement { version=2, socketVersion=2, isFast=true, serviceIdHash=null, data=[ 0x23 0x52 0x45 0x54 0x38 0x11 0x34 0xa4 0x35 0x8e 0x92 0x50 0x7a 0x9d 0xd9 0xef 0xc4 0x06 0x88 0xf4 0x66 0xef 0xe8 ], deviceToken=[ 0xdd 0xbb ], rxAdvertisement=null } : 1 times.
02-11 12:50:53.659 31927 17530 I NearbyMediums: BleAdvertisement { version=2, socketVersion=2, isFast=true, serviceIdHash=null, data=[ 0x23 0x41 0x39 0x49 0x51 0x11 0x3a 0x7e 0x7a 0xf5 0x7b 0xd3 0xca 0x4d 0x67 0x62 0x05 0x3b 0xcf 0xaf 0x81 0xae 0x96 ], deviceToken=[ 0x1a 0x5f ], rxAdvertisement=null } : 8 times.
02-11 12:50:53.659 31927 17530 I NearbyMediums: Total 9 fast advertisements from 2 unique advertisers.
02-11 12:50:53.660 31927 17530 I NearbyMediums: Current Tracked Scanning Clients are : {NearbyConnections.EnvironmentMonitor, NearbySharing}
02-11 12:50:53.724  1067  1184 D VSC     : @ 81673.177: [WO] Proposed rotation: 0, flat angle threshold: 65
02-11 12:50:53.724  1067  1184 D VSC     : @ 81673.177: [WO] orientation angle 4, orientation 0
02-11 12:50:53.724  1067  1184 D VSC     : @ 81673.177: [WO] Gyro angle integrated: 0.020891
02-11 12:50:54.619     0     0 I         : c3  19803 google_charger: l=100 vb=4297 vc=4297 c=17 fv=4400000 t=353 s=N/A usb=1 wlc=0
02-11 12:50:54.726     0     0 I         : c3  19803 google_charger: usbchg=USB usbv=4960 usbc=474 usbMv=5000 usbMc=500
02-11 12:50:54.726     0     0 I         : c3  19803 google_charger: MSC_DSG vbatt_idx:2->2 vbatt=4297596 ibatt=17089 fv_uv=4400000 cv_cnt=0 ov_cnt=0
02-11 12:50:55.234  4498  5917 I AiAiScreenProcessor: Evicting the bitmap at evictionTimeStampMs: 81662254
02-11 12:50:55.724  1067  1184 D VSC     : @ 81675.177: [WO] Proposed rotation: 0, flat angle threshold: 65
02-11 12:50:55.724  1067  1184 D VSC     : @ 81675.177: [WO] orientation angle 4, orientation 0
02-11 12:50:55.724  1067  1184 D VSC     : @ 81675.177: [WO] Gyro angle integrated: 0.027394
02-11 12:50:55.968  1856  2128 D ConnectivityService: NetReassign [no changes]
02-11 12:50:56.753     0     0 I         : c3  19803 google_charger: l=100 vb=4300 vc=4300 c=4 fv=4400000 t=353 s=N/A usb=1 wlc=0
02-11 12:50:56.859     0     0 I         : c3  19803 google_charger: usbchg=USB usbv=4960 usbc=469 usbMv=5000 usbMc=500
02-11 12:50:56.859     0     0 I         : c3  19803 google_charger: MSC_DSG vbatt_idx:2->2 vbatt=4300770 ibatt=4882 fv_uv=4400000 cv_cnt=0 ov_cnt=0
02-11 12:50:57.724  1067  1184 D VSC     : @ 81677.177: [WO] Proposed rotation: 0, flat angle threshold: 65
02-11 12:50:57.724  1067  1184 D VSC     : @ 81677.177: [WO] orientation angle 4, orientation 0
02-11 12:50:57.724  1067  1184 D VSC     : @ 81677.177: [WO] Gyro angle integrated: 0.091172
02-11 12:50:58.984  1856  2128 D ConnectivityService: NetReassign [no changes]
02-11 12:50:58.886     0     0 I         : c3  19803 google_charger: l=100 vb=4300 vc=4300 c=5 fv=4400000 t=353 s=N/A usb=1 wlc=0
02-11 12:50:58.993     0     0 I         : c3  19803 google_charger: usbchg=USB usbv=4960 usbc=478 usbMv=5000 usbMc=500
02-11 12:50:58.993     0     0 I         : c3  19803 google_charger: MSC_DSG vbatt_idx:2->2 vbatt=4300526 ibatt=5371 fv_uv=4400000 cv_cnt=0 ov_cnt=0
02-11 12:50:59.724  1067  1184 D VSC     : @ 81679.177: [WO] Proposed rotation: 0, flat angle threshold: 65
02-11 12:50:59.724  1067  1184 D VSC     : @ 81679.177: [WO] orientation angle 4, orientation 0
02-11 12:50:59.724  1067  1184 D VSC     : @ 81679.177: [WO] Gyro angle integrated: 0.010924
02-11 12:51:00.086  4498  4834 I AiAiEcho: Predicting[7]: { Feature:1, creation:2026-02-11T19:16:00Z, expiry:2026-02-11T20:00:00Z, isExpired: false}, { Feature:1, creation:2026-02-11T20:00:00Z, expiry:2026-02-11T21:00:00Z, isExpired: true}, { Feature:1, creation:2026-02-11T21:00:00Z, expiry:2026-02-11T22:00:00Z, isExpired: true}, { Feature:1, creation:2026-02-11T22:00:00Z, expiry:2026-02-11T23:00:00Z, isExpired: true}, { Feature:1, creation:2026-02-11T23:00:00Z, expiry:2026-02-12T00:00:00Z, isExpired: true}, { Feature:1, creation:2026-02-12T00:00:00Z, expiry:2026-02-12T01:00:00Z, isExpired: true}, { Feature:1, creation:2026-02-12T01:00:00Z, expiry:2026-02-12T01:16:00Z, isExpired: true}
02-11 12:51:00.090  4498  4834 I AiAiEcho: EchoTargets: Feature:1
02-11 12:51:00.090  4498  4834 I AiAiEcho: Filtered by AiAi flag check: 
02-11 12:51:00.095  4498  4834 I AiAiEcho: Ranked targets strategy: WEIGHTED, count: 1, ranking metadata: { cardId: WEATHER-569377243, card type: 1, update time: 2026-02-11T19:16:00Z, expiration time: 2026-02-11T20:00:00Z, ranking metadata: RankingMetaData(urgency=0.286, priority=0.3, recency=1.0, rankScore=0.08580001, importantTimePoints=# kwj@7bca4) }
02-11 12:51:00.107  4498  4834 I AiAiEcho: #postPredictionTargets: Sending updates to UISurface lockscreen with targets# 1 (types=[1])
02-11 12:51:00.110  2220  2220 W PageIndicator: Current dot index invalid. Cannot set current page offset.
02-11 12:51:00.110  2220  2220 W PageIndicator: Current dot index invalid. Cannot set current page offset.
02-11 12:51:00.111  2220  2220 W PageIndicator: Current dot index invalid. Cannot set current page offset.
02-11 12:51:00.120  2220  2220 W BcSmartspaceCard: No title view to update
02-11 12:51:01.019     0     0 I         : c3  19803 google_charger: l=100 vb=4299 vc=4299 c=12 fv=4400000 t=353 s=N/A usb=1 wlc=0
02-11 12:51:01.073     0     0 I         : c3  19803 google_charger: usbchg=USB usbv=4960 usbc=455 usbMv=5000 usbMc=500
02-11 12:51:01.073     0     0 I         : c3  19803 google_charger: MSC_DSG vbatt_idx:2->2 vbatt=4299305 ibatt=12695 fv_uv=4400000 cv_cnt=0 ov_cnt=0
02-11 12:51:01.724  1067  1184 D VSC     : @ 81681.177: [WO] Proposed rotation: 0, flat angle threshold: 65
02-11 12:51:01.724  1067  1184 D VSC     : @ 81681.177: [WO] orientation angle 4, orientation 0
02-11 12:51:01.724  1067  1184 D VSC     : @ 81681.177: [WO] Gyro angle integrated: 0.075503
02-11 12:51:02.007  1856  2128 D ConnectivityService: NetReassign [no changes]
02-11 12:51:03.153     0     0 I         : c3  19803 google_charger: l=100 vb=4296 vc=4296 c=21 fv=4400000 t=353 s=N/A usb=1 wlc=0
02-11 12:51:03.259     0     0 I         : c3  19803 google_charger: usbchg=USB usbv=4960 usbc=451 usbMv=5000 usbMc=500
02-11 12:51:03.259     0     0 I         : c3  19803 google_charger: MSC_DSG vbatt_idx:2->2 vbatt=4296864 ibatt=21972 fv_uv=4400000 cv_cnt=0 ov_cnt=0
02-11 12:51:03.666 31927 17530 I NearbyMediums: Found Fast Ble Advertisements :
02-11 12:51:03.666 31927 17530 I NearbyMediums: BleAdvertisement { version=2, socketVersion=2, isFast=true, serviceIdHash=null, data=[ 0x23 0x41 0x39 0x49 0x51 0x11 0x3a 0x7e 0x7a 0xf5 0x7b 0xd3 0xca 0x4d 0x67 0x62 0x05 0x3b 0xcf 0xaf 0x81 0xae 0x96 ], deviceToken=[ 0x1a 0x5f ], rxAdvertisement=null } : 3 times.
02-11 12:51:03.666 31927 17530 I NearbyMediums: Total 3 fast advertisements from 1 unique advertisers.
02-11 12:51:03.666 31927 17530 I NearbyMediums: Current Tracked Scanning Clients are : {NearbyConnections.EnvironmentMonitor, NearbySharing}
02-11 12:51:03.670 31927 19812 I NearbyConnections: Processing lost BlePeripheral BlePeripheral{advertisement=BleAdvertisement { version=2, socketVersion=2, isFast=true, serviceIdHash=null, data=[ 0x23 0x52 0x45 0x54 0x38 0x11 0x34 0xa4 0x35 0x8e 0x92 0x50 0x7a 0x9d 0xd9 0xef 0xc4 0x06 0x88 0xf4 0x66 0xef 0xe8 ], deviceToken=[ 0xdd 0xbb ], rxAdvertisement=null }, dctAdvertisement=null, address=null, psm=0, deviceToken=<ByteString@c44d8e1 size=2 contents="\335\273">, isSecondProfile=false, rxInstantConnectionAdv=null}.
02-11 12:51:03.671 31927 19812 I NearbyConnections: Lost BleEndpoint for BlePeripheral BlePeripheral{advertisement=BleAdvertisement { version=2, socketVersion=2, isFast=true, serviceIdHash=null, data=[ 0x23 0x52 0x45 0x54 0x38 0x11 0x34 0xa4 0x35 0x8e 0x92 0x50 0x7a 0x9d 0xd9 0xef 0xc4 0x06 0x88 0xf4 0x66 0xef 0xe8 ], deviceToken=[ 0xdd 0xbb ], rxAdvertisement=null }, dctAdvertisement=null, address=null, psm=0, deviceToken=<ByteString@c44d8e1 size=2 contents="\335\273">, isSecondProfile=false, rxInstantConnectionAdv=null} (with EndpointId RET8 and EndpointInfo [ 0x34 0xa4 0x35 0x8e 0x92 0x50 0x7a 0x9d 0xd9 0xef 0xc4 0x06 0x88 0xf4 0x66 0xef 0xe8 ]).
02-11 12:51:03.672 31927 19812 I NearbyConnections: ClientProxy(215817318) reporting onEndpointLost(RET8)
02-11 12:51:03.674 31927 19600 I NearbySharing: NearbySharing Internal event EndpointLost(endpointId=RET8)
02-11 12:51:03.724  1067  1184 D VSC     : @ 81683.177: [WO] Proposed rotation: 0, flat angle threshold: 65
02-11 12:51:03.724  1067  1184 D VSC     : @ 81683.177: [WO] orientation angle 4, orientation 0
02-11 12:51:03.724  1067  1184 D VSC     : @ 81683.177: [WO] Gyro angle integrated: 0.051871
02-11 12:51:05.027  1856  2128 D ConnectivityService: NetReassign [no changes]
02-11 12:51:05.286     0     0 I         : c3  19803 google_charger: l=100 vb=4297 vc=4297 c=21 fv=4400000 t=353 s=N/A usb=1 wlc=0
02-11 12:51:05.393     0     0 I         : c3  19803 google_charger: usbchg=USB usbv=4960 usbc=460 usbMv=5000 usbMc=500
02-11 12:51:05.393     0     0 I         : c3  19803 google_charger: MSC_DSG vbatt_idx:2->2 vbatt=4297596 ibatt=21972 fv_uv=4400000 cv_cnt=0 ov_cnt=0
02-11 12:51:05.724  1067  1184 D VSC     : @ 81685.177: [WO] Proposed rotation: 0, flat angle threshold: 65
02-11 12:51:05.724  1067  1184 D VSC     : @ 81685.177: [WO] orientation angle 4, orientation 0
02-11 12:51:05.724  1067  1184 D VSC     : @ 81685.177: [WO] Gyro angle integrated: 0.041786
02-11 12:51:07.419     0     0 I         : c3  19803 google_charger: l=100 vb=4295 vc=4295 c=32 fv=4400000 t=353 s=N/A usb=1 wlc=0
